Archive member included to satisfy reference by file (symbol)

/home/ulises/Escritorio/dbz/nflib/lib/libnflib.a(nf_2d.o)
                              main.o (NF_Set2D)
/home/ulises/Escritorio/dbz/nflib/lib/libnflib.a(nf_basic.o)
                              /home/ulises/Escritorio/dbz/nflib/lib/libnflib.a(nf_2d.o) (NF_Error)
/home/ulises/Escritorio/dbz/nflib/lib/libnflib.a(nf_sound.o)
                              main.o (NF_InitRawSoundBuffers)
/home/ulises/Escritorio/dbz/nflib/lib/libnflib.a(nf_sprite256.o)
                              main.o (NF_InitSpriteBuffers)
/home/ulises/Escritorio/dbz/nflib/lib/libnflib.a(nf_tiledbg.o)
                              main.o (NF_InitTiledBgBuffers)
/home/ulises/devkitPro/libnds/lib/libfilesystem.a(nitrofs.o)
                              /home/ulises/Escritorio/dbz/nflib/lib/libnflib.a(nf_basic.o) (nitroFSInit)
/home/ulises/devkitPro/libnds/lib/libfat.a(libfat.o)
                              /home/ulises/Escritorio/dbz/nflib/lib/libnflib.a(nf_basic.o) (fatInitDefault)
/home/ulises/devkitPro/libnds/lib/libfat.a(partition.o)
                              /home/ulises/devkitPro/libnds/lib/libfat.a(libfat.o) (_FAT_partition_constructor)
/home/ulises/devkitPro/libnds/lib/libfat.a(lock.o)
                              /home/ulises/devkitPro/libnds/lib/libfat.a(partition.o) (_FAT_lock_init)
/home/ulises/devkitPro/libnds/lib/libfat.a(fatdir.o)
                              /home/ulises/devkitPro/libnds/lib/libfat.a(libfat.o) (_FAT_stat_r)
/home/ulises/devkitPro/libnds/lib/libfat.a(cache.o)
                              /home/ulises/devkitPro/libnds/lib/libfat.a(partition.o) (_FAT_cache_constructor)
/home/ulises/devkitPro/libnds/lib/libfat.a(fatfile.o)
                              /home/ulises/devkitPro/libnds/lib/libfat.a(libfat.o) (_FAT_open_r)
/home/ulises/devkitPro/libnds/lib/libfat.a(disc.o)
                              /home/ulises/devkitPro/libnds/lib/libfat.a(libfat.o) (_FAT_disc_interfaces)
/home/ulises/devkitPro/libnds/lib/libfat.a(file_allocation_table.o)
                              /home/ulises/devkitPro/libnds/lib/libfat.a(fatfile.o) (_FAT_fat_nextCluster)
/home/ulises/devkitPro/libnds/lib/libfat.a(filetime.o)
                              /home/ulises/devkitPro/libnds/lib/libfat.a(fatdir.o) (_FAT_filetime_getTimeFromRTC)
/home/ulises/devkitPro/libnds/lib/libfat.a(directory.o)
                              /home/ulises/devkitPro/libnds/lib/libfat.a(fatdir.o) (_FAT_directory_entryGetCluster)
/home/ulises/devkitPro/libnds/lib/libnds9.a(keys.o)
                              main.o (scanKeys)
/home/ulises/devkitPro/libnds/lib/libnds9.a(sprite.o)
                              /home/ulises/Escritorio/dbz/nflib/lib/libnflib.a(nf_sprite256.o) (oamInit)
/home/ulises/devkitPro/libnds/lib/libnds9.a(sound.o)
                              main.o (soundEnable)
/home/ulises/devkitPro/libnds/lib/libnds9.a(trig.o)
                              /home/ulises/devkitPro/libnds/lib/libnds9.a(sprite.o) (sinLerp)
/home/ulises/devkitPro/libnds/lib/libnds9.a(console.o)
                              main.o (consoleDemoInit)
/home/ulises/devkitPro/libnds/lib/libnds9.a(sprite_alloc.o)
                              /home/ulises/devkitPro/libnds/lib/libnds9.a(sprite.o) (oamAllocReset)
/home/ulises/devkitPro/libnds/lib/libnds9.a(touch.o)
                              main.o (touchRead)
/home/ulises/devkitPro/libnds/lib/libnds9.a(video.o)
                              /home/ulises/Escritorio/dbz/nflib/lib/libnflib.a(nf_basic.o) (setBrightness)
/home/ulises/devkitPro/libnds/lib/libnds9.a(background.o)
                              /home/ulises/devkitPro/libnds/lib/libnds9.a(console.o) (bgState)
/home/ulises/devkitPro/libnds/lib/libnds9.a(dldi.o)
                              /home/ulises/devkitPro/libnds/lib/libfat.a(disc.o) (dldiGetInternal)
/home/ulises/devkitPro/libnds/lib/libnds9.a(dsi_sd.o)
                              /home/ulises/devkitPro/libnds/lib/libfat.a(disc.o) (__io_dsisd)
/home/ulises/devkitPro/libnds/lib/libnds9.a(initSystem.o)
                              /home/ulises/devkitPro/devkitARM/bin/../lib/gcc/arm-none-eabi/4.9.2/../../../../arm-none-eabi/lib/thumb/ds_arm9_crt0.o (initSystem)
/home/ulises/devkitPro/libnds/lib/libnds9.a(fifosystem.o)
                              /home/ulises/devkitPro/libnds/lib/libnds9.a(initSystem.o) (fifoSetValue32Handler)
/home/ulises/devkitPro/libnds/lib/libnds9.a(card.o)
                              /home/ulises/devkitPro/libnds/lib/libfilesystem.a(nitrofs.o) (cardParamCommand)
/home/ulises/devkitPro/libnds/lib/libnds9.a(libnds_exit.arm.o)
                              /home/ulises/devkitPro/devkitARM/bin/../lib/gcc/arm-none-eabi/4.9.2/../../../../arm-none-eabi/lib/thumb/ds_arm9_crt0.o (__libnds_exit)
/home/ulises/devkitPro/libnds/lib/libnds9.a(interrupts.o)
                              main.o (irqSet)
/home/ulises/devkitPro/libnds/lib/libnds9.a(dcache.o)
[...]
Memory Configuration

Name             Origin             Length             Attributes
rom              0x0000000008000000 0x0000000002000000
ewram            0x0000000002000000 0x00000000003ff000
dtcm             0x000000000b000000 0x0000000000004000
vectors          0x0000000001000000 0x0000000000000100
itcm             0x0000000001000100 0x0000000000007f00
*default*        0x0000000000000000 0xffffffffffffffff

Linker script and memory map

                0x0000000001000000                __vectors_start = ORIGIN (vectors)
                0x0000000001000100                __itcm_start = ORIGIN (itcm)
                0x00000000023ff000                __ewram_end = (ORIGIN (ewram) + 0x3ff000)
                0x00000000023ff000                __eheap_end = (ORIGIN (ewram) + 0x3ff000)
                0x000000000b000000                __dtcm_start = ORIGIN (dtcm)
                0x000000000b004000                __dtcm_top = (ORIGIN (dtcm) + 0x4000)
                0x000000000b003ff8                __irq_flags = (__dtcm_top - 0x8)
                0x000000000b003ffc                __irq_vector = (__dtcm_top - 0x4)
                0x000000000b003f00                __sp_svc = (__dtcm_top - 0x100)
                0x000000000b003e00                __sp_irq = (__sp_svc - 0x100)
                0x000000000b003d00                __sp_usr = (__sp_irq - 0x100)

.init           0x0000000002000000      0x23c
                0x0000000002000000                __text_start = .
 *(.init)
 .init          0x0000000002000000      0x230 /home/ulises/devkitPro/devkitARM/bin/../lib/gcc/arm-none-eabi/4.9.2/../../../../arm-none-eabi/lib/thumb/ds_arm9_crt0.o
                0x0000000002000000                _start
 .init          0x0000000002000230        0x4 /home/ulises/devkitPro/devkitARM/bin/../lib/gcc/arm-none-eabi/4.9.2/thumb/crti.o
                0x0000000002000230                _init
 .init          0x0000000002000234        0x8 /home/ulises/devkitPro/devkitARM/bin/../lib/gcc/arm-none-eabi/4.9.2/thumb/crtn.o
                0x000000000200023c                . = ALIGN (0x4)

.plt
 *(.plt)

.text           0x0000000002000240    0x2a350
 *(EXCLUDE_FILE(*.itcm*) .text)
 .text          0x0000000002000240        0x0 /home/ulises/devkitPro/devkitARM/bin/../lib/gcc/arm-none-eabi/4.9.2/../../../../arm-none-eabi/lib/thumb/ds_arm9_crt0.o
 .text          0x0000000002000240        0x0 /home/ulises/devkitPro/devkitARM/bin/../lib/gcc/arm-none-eabi/4.9.2/thumb/crti.o
 .text          0x0000000002000240       0xd4 /home/ulises/devkitPro/devkitARM/bin/../lib/gcc/arm-none-eabi/4.9.2/thumb/crtbegin.o
 .text          0x0000000002000314       0xc8 main.o
                0x0000000002000314                timeout
                0x0000000002000358                _SpriteTouched
                0x00000000020003c8                enableTimer
 .text          0x00000000020003dc      0x868 /home/ulises/Escritorio/dbz/nflib/lib/libnflib.a(nf_2d.o)
                0x00000000020003dc                NF_Set2D
                0x0000000002000440                NF_ShowBg
                0x00000000020004bc                NF_HideBg
                0x0000000002000560                NF_ScrollBg
                0x00000000020008d0                NF_MoveSprite
                0x00000000020008f0                NF_SpriteLayer
                0x000000000200090c                NF_ShowSprite
                0x000000000200092c                NF_HflipSprite
                0x0000000002000948                NF_GetSpriteHflip
                0x0000000002000964                NF_VflipSprite
                0x0000000002000980                NF_GetSpriteVflip
                0x000000000200099c                NF_SpriteFrame
                0x0000000002000a68                NF_EnableSpriteRotScale
                0x0000000002000b00                NF_DisableSpriteRotScale
                0x0000000002000b74                NF_SpriteRotScale
 .text          0x0000000002000c44      0x474 /home/ulises/Escritorio/dbz/nflib/lib/libnflib.a(nf_basic.o)
                0x0000000002000c44                NF_Error
                0x0000000002000ecc                NF_SetRootFolder
                0x0000000002001024                NF_DmaMemCopy
                0x00000000020010a8                NF_GetLanguage
 .text          0x00000000020010b8      0x27c /home/ulises/Escritorio/dbz/nflib/lib/libnflib.a(nf_sound.o)
                0x00000000020010b8                NF_InitRawSoundBuffers
                0x00000000020010e4                NF_ResetRawSoundBuffers
                0x000000000200111c                NF_LoadRawSound
                0x000000000200124c                NF_UnloadRawSound
                0x00000000020012b0                NF_PlayRawSound
 .text          0x0000000002001334     0x1358 /home/ulises/Escritorio/dbz/nflib/lib/libnflib.a(nf_sprite256.o)
                0x0000000002001334                NF_InitSpriteBuffers
                0x0000000002001380                NF_ResetSpriteBuffers
                0x00000000020013b4                NF_InitSpriteSys
                0x00000000020015c0                NF_LoadSpriteGfx
                0x00000000020016d8                NF_UnloadSpriteGfx
                0x0000000002001740                NF_LoadSpritePal
                0x0000000002001844                NF_UnloadSpritePal
                0x0000000002001894                NF_VramSpriteGfx
                0x0000000002001bcc                NF_VramSpriteGfxDefrag
                0x0000000002001de8                NF_FreeSpriteGfx
                0x0000000002001ef0                NF_VramSpritePal
                0x0000000002001fbc                NF_CreateSprite
                0x00000000020022ec                NF_DeleteSprite
                0x000000000200238c                NF_SpriteOamSet
                0x000000000200247c                NF_SpriteSetPalColor
                0x0000000002002514                NF_SpriteEditPalColor
                0x0000000002002590                NF_SpriteUpdatePalette
                0x0000000002002620                NF_SpriteGetPalColor
 .text          0x000000000200268c     0x1a84 /home/ulises/Escritorio/dbz/nflib/lib/libnflib.a(nf_tiledbg.o)
                0x000000000200268c                NF_InitTiledBgBuffers
                0x0000000002002744                NF_ResetTiledBgBuffers
                0x0000000002002794                NF_InitTiledBgSys
                0x00000000020028c8                NF_LoadTiledBg
                0x0000000002002b4c                NF_LoadTilesForBg
                0x0000000002002dcc                NF_UnloadTiledBg
                0x0000000002002e7c                NF_DeleteTiledBg
                0x0000000002003024                NF_CreateTiledBg
                0x00000000020036e4                NF_GetTileMapAdress
                0x00000000020037a0                NF_GetTileOfMap
                0x00000000020037dc                NF_SetTileOfMap
                0x0000000002003820                NF_UpdateVramMap
                0x0000000002003940                NF_BgSetPalColor
                0x00000000020039f0                NF_BgEditPalColor
                0x0000000002003a98                NF_BgUpdatePalette
                0x0000000002003b58                NF_BgGetPalColor
                0x0000000002003bf0                NF_GetTilePal
                0x0000000002003c24                NF_SetTilePal
                0x0000000002003c68                NF_LoadExBgPal
                0x0000000002003d48                NF_UnloadExBgPal
                0x0000000002003d94                NF_VramExBgPal
                0x0000000002003e3c                NF_SetExBgPal
                0x0000000002003efc                NF_SetTileHflip
                0x0000000002003f38                NF_SetTileVflip
                0x0000000002003f74                NF_RotateTileGfx
 .text          0x0000000002004110      0xa10 /home/ulises/devkitPro/libnds/lib/libfilesystem.a(nitrofs.o)
                0x0000000002004a10                nitroFSInit
 .text          0x0000000002004b20      0x338 /home/ulises/devkitPro/libnds/lib/libfat.a(libfat.o)
                0x0000000002004b20                fatMount
                0x0000000002004be0                fatMountSimple
                0x0000000002004bf4                fatUnmount
                0x0000000002004c2c                fatInit
                0x0000000002004d70                fatInitDefault
                0x0000000002004d7c                fatGetVolumeLabel
 .text          0x0000000002004e58      0x768 /home/ulises/devkitPro/libnds/lib/libfat.a(partition.o)
                0x0000000002005064                FindFirstValidPartition_buf
                0x00000000020051e8                FindFirstValidPartition
                0x0000000002005210                _FAT_partition_constructor_buf
                0x00000000020054d0                _FAT_partition_constructor
                0x0000000002005510                _FAT_partition_destructor
                0x0000000002005558                _FAT_partition_getPartitionFromPath
                0x000000000200556c                _FAT_partition_createFSinfo
                0x0000000002005584                _FAT_partition_readFSinfo
                0x0000000002005594                _FAT_partition_writeFSinfo
                0x00000000020055a4                _FAT_getCwdClusterPtr
 .text          0x00000000020055c0       0x10 /home/ulises/devkitPro/libnds/lib/libfat.a(lock.o)
                0x00000000020055c0                _FAT_lock_init
                0x00000000020055c4                _FAT_lock_deinit
                0x00000000020055c8                _FAT_lock
                0x00000000020055cc                _FAT_unlock
 .text          0x00000000020055d0      0x91c /home/ulises/devkitPro/libnds/lib/libfat.a(fatdir.o)
                0x00000000020055d0                _FAT_stat_r
                0x000000000200566c                _FAT_link_r
                0x0000000002005678                _FAT_unlink_r
                0x0000000002005800                _FAT_chdir_r
                0x0000000002005870                _FAT_rename_r
                0x0000000002005a3c                _FAT_mkdir_r
                0x0000000002005cb4                _FAT_statvfs_r
                0x0000000002005d3c                _FAT_diropen_r
                0x0000000002005dfc                _FAT_dirreset_r
                0x0000000002005e48                _FAT_dirnext_r
                0x0000000002005ecc                _FAT_dirclose_r
 .text          0x0000000002005eec      0x528 /home/ulises/devkitPro/libnds/lib/libfat.a(cache.o)
                0x0000000002006028                _FAT_cache_constructor
                0x00000000020060c8                _FAT_cache_readSectors
                0x0000000002006134                _FAT_cache_readPartialSector
                0x0000000002006174                _FAT_cache_readLittleEndianValue
                0x0000000002006200                _FAT_cache_writePartialSector
                0x0000000002006220                _FAT_cache_writeLittleEndianValue
                0x0000000002006274                _FAT_cache_eraseWritePartialSector
                0x00000000020062e0                _FAT_cache_writeSectors
                0x0000000002006358                _FAT_cache_flush
                0x00000000020063b0                _FAT_cache_destructor
                0x00000000020063e4                _FAT_cache_invalidate
 .text          0x0000000002006414     0x1424 /home/ulises/devkitPro/libnds/lib/libfat.a(fatfile.o)
                0x0000000002006764                _FAT_findEntry
                0x00000000020067a4                FAT_getAttr
                0x00000000020067cc                FAT_setAttr
                0x000000000200687c                _FAT_open_r
                0x0000000002006ba0                _FAT_syncToDisc
                0x0000000002006bc0                _FAT_close_r
                0x0000000002006c38                _FAT_read_r
                0x0000000002006f94                _FAT_write_r
                0x0000000002007494                _FAT_seek_r
                0x00000000020075f8                _FAT_fstat_r
                0x000000000200768c                _FAT_ftruncate_r
                0x00000000020077f0                _FAT_fsync_r
 .text          0x0000000002007838        0x8 /home/ulises/devkitPro/libnds/lib/libfat.a(disc.o)
 .text          0x0000000002007840      0x4bc /home/ulises/devkitPro/libnds/lib/libfat.a(file_allocation_table.o)
                0x000000000200798c                _FAT_fat_nextCluster
                0x0000000002007aa8                _FAT_fat_linkFreeCluster
                0x0000000002007b3c                _FAT_fat_linkFreeClusterCleared
                0x0000000002007bac                _FAT_fat_clearLinks
                0x0000000002007c10                _FAT_fat_trimChain
                0x0000000002007c9c                _FAT_fat_lastCluster
                0x0000000002007cd0                _FAT_fat_freeClusterCount
 .text          0x0000000002007cfc       0xb8 /home/ulises/devkitPro/libnds/lib/libfat.a(filetime.o)
                0x0000000002007cfc                _FAT_filetime_getTimeFromRTC
                0x0000000002007d3c                _FAT_filetime_getDateFromRTC
                0x0000000002007d7c                _FAT_filetime_to_time_t
 .text          0x0000000002007db4     0x14c0 /home/ulises/devkitPro/libnds/lib/libfat.a(directory.o)
                0x0000000002008058                _FAT_directory_entryGetCluster
                0x0000000002008074                _FAT_directory_getNextEntry
                0x00000000020082f0                _FAT_directory_getFirstEntry
                0x0000000002008310                _FAT_directory_getRootEntry
                0x000000000200836c                _FAT_directory_getVolumeLabel
                0x0000000002008430                _FAT_directory_entryFromPosition
                0x0000000002008578                _FAT_directory_entryFromPath
                0x00000000020087ec                _FAT_directory_removeEntry
                0x00000000020088b4                _FAT_directory_addEntry
                0x0000000002009150                _FAT_directory_chdir
                0x000000000200919c                _FAT_directory_entryStat
 .text          0x0000000002009274       0xf4 /home/ulises/devkitPro/libnds/lib/libnds9.a(keys.o)
                0x0000000002009274                scanKeys
                0x00000000020092e0                keysHeld
                0x00000000020092ec                keysDown
                0x00000000020092fc                keysDownRepeat
                0x000000000200930c                keysSetRepeat
                0x0000000002009324                keysUp
                0x0000000002009334                keysCurrent
 .text          0x0000000002009368      0x3fc /home/ulises/devkitPro/libnds/lib/libnds9.a(sprite.o)
                0x0000000002009368                oamInit
                0x0000000002009484                oamDisable
                0x00000000020094b0                oamEnable
                0x00000000020094d0                oamGetGfxPtr
                0x0000000002009508                oamClear
                0x0000000002009530                oamGfxPtrToOffset
                0x0000000002009560                oamSet
                0x00000000020096b4                oamUpdate
                0x0000000002009714                oamRotateScale
 .text          0x0000000002009764      0x208 /home/ulises/devkitPro/libnds/lib/libnds9.a(sound.o)
                0x0000000002009764                micBufferHandler
                0x0000000002009798                soundEnable
                0x00000000020097a8                soundDisable
                0x00000000020097b8                soundPlayPSG
                0x00000000020097ec                soundPlayNoise
                0x0000000002009820                soundPlaySample
                0x0000000002009888                soundPause
                0x000000000200989c                soundKill
                0x00000000020098b0                soundResume
                0x00000000020098c4                soundSetVolume
                0x00000000020098d8                soundSetPan
                0x00000000020098e8                soundSetFreq
                0x00000000020098fc                soundSetWaveDuty
                0x0000000002009910                soundMicRecord
                0x000000000200995c                soundMicOff
 .text          0x000000000200996c      0x244 /home/ulises/devkitPro/libnds/lib/libnds9.a(trig.o)
                0x000000000200996c                asinComp
                0x0000000002009990                sinLutLookup
                0x00000000020099c8                sinLerp
                0x0000000002009a04                cosLerp
                0x0000000002009a18                tanLutLookup
                0x0000000002009a50                tanLerp
                0x0000000002009af8                asinLerp
                0x0000000002009b74                acosLerp
                0x0000000002009b88                atanComp
 .text          0x0000000002009bb0      0xa54 /home/ulises/devkitPro/libnds/lib/libnds9.a(console.o)
                0x0000000002009c5c                nocash_write
                0x0000000002009c6c                consoleGetDefault
                0x0000000002009c78                consoleSelect
                0x0000000002009c88                consoleDebugInit
                0x0000000002009cd8                consolePrintChar
                0x0000000002009ebc                consoleLoadFont
                0x000000000200a148                consoleSetFont
                0x000000000200a168                consoleInit
                0x000000000200a2d0                consoleDemoInit
                0x000000000200a314                con_write
                0x000000000200a5d4                consoleClear
                0x000000000200a5e4                consoleSetWindow
 .text          0x000000000200a604      0x45c /home/ulises/devkitPro/libnds/lib/libnds9.a(sprite_alloc.o)
                0x000000000200a634                oamAllocReset
                0x000000000200a650                oamAllocateGfx
                0x000000000200a880                oamFreeGfx
                0x000000000200aa10                oamCountFragments
 .text          0x000000000200aa60       0x48 /home/ulises/devkitPro/libnds/lib/libnds9.a(touch.o)
                0x000000000200aa60                touchRead
                0x000000000200aa84                touchReadXY
 .text          0x000000000200aaa8      0x1f8 /home/ulises/devkitPro/libnds/lib/libnds9.a(video.o)
                0x000000000200aaa8                vramSetPrimaryBanks
                0x000000000200aaec                vramSetMainBanks
                0x000000000200ab30                vramSetBanks_EFG
                0x000000000200ab68                vramRestorePrimaryBanks
                0x000000000200ab74                vramRestoreMainBanks
                0x000000000200ab80                vramRestoreBanks_EFG
                0x000000000200ab8c                setBrightness
                0x000000000200abcc                vramDefault
 .text          0x000000000200aca0      0x350 /home/ulises/devkitPro/libnds/lib/libnds9.a(background.o)
                0x000000000200aca0                bgIsText
                0x000000000200acac                checkIfText
                0x000000000200ad04                bgUpdate
                0x000000000200adf8                bgInit_call
                0x000000000200aee8                bgInitSub_call
 .text          0x000000000200aff0      0x22c /home/ulises/devkitPro/libnds/lib/libnds9.a(dldi.o)
                0x000000000200aff0                dldiGetInternal
                0x000000000200b024                dldiIsValid
                0x000000000200b05c                dldiFixDriverAddresses
                0x000000000200b134                dldiLoadFromFile
                0x000000000200b210                dldiFree
 .text          0x000000000200b21c      0x148 /home/ulises/devkitPro/libnds/lib/libnds9.a(dsi_sd.o)
                0x000000000200b21c                sdio_ClearStatus
                0x000000000200b22c                sdio_Shutdown
                0x000000000200b23c                sdio_Startup
                0x000000000200b288                sdio_IsInserted
                0x000000000200b2bc                sdio_ReadSectors
                0x000000000200b310                sdio_WriteSectors
 .text          0x000000000200b364      0x14c /home/ulises/devkitPro/libnds/lib/libnds9.a(initSystem.o)
                0x000000000200b364                initSystem
 .text          0x000000000200b4b0      0xcb8 /home/ulises/devkitPro/libnds/lib/libnds9.a(fifosystem.o)
                0x000000000200b774                fifoSetValue32Handler
                0x000000000200b7e8                fifoSendAddress
                0x000000000200b814                fifoSendValue32
                0x000000000200b850                fifoSendDatamsg
                0x000000000200b8c4                fifoGetAddress
                0x000000000200b930                fifoSetAddressHandler
                0x000000000200b9a4                fifoGetValue32
                0x000000000200b9b8                fifoGetDatamsg
                0x000000000200be6c                fifoSetDatamsgHandler
                0x000000000200bf00                fifoCheckAddress
                0x000000000200bf24                fifoCheckDatamsg
                0x000000000200bf48                fifoCheckDatamsgLength
                0x000000000200bf78                fifoCheckValue32
                0x000000000200bf9c                fifoInit
 .text          0x000000000200c168      0x23c /home/ulises/devkitPro/libnds/lib/libnds9.a(card.o)
                0x000000000200c168                cardWriteCommand
                0x000000000200c18c                cardPolledTransfer
                0x000000000200c1dc                cardStartTransfer
                0x000000000200c238                cardWriteAndRead
                0x000000000200c27c                cardParamCommand
                0x000000000200c2ac                cardReadID
                0x000000000200c2d4                cardReset
                0x000000000200c348                cardReadHeader
 .text          0x000000000200c3a4       0x5c /home/ulises/devkitPro/libnds/lib/libnds9.a(libnds_exit.arm.o)
                0x000000000200c3a4                systemErrorExit
                0x000000000200c3a8                __libnds_exit
 .text          0x000000000200c400      0x1ec /home/ulises/devkitPro/libnds/lib/libnds9.a(interrupts.o)
                0x000000000200c400                irqDummy
                0x000000000200c404                irqSet
                0x000000000200c470                irqInit
                0x000000000200c4bc                irqInitHandler
                0x000000000200c4ec                irqEnable
                0x000000000200c550                irqDisable
                0x000000000200c5b4                irqClear
 .text          0x000000000200c5ec       0x88 /home/ulises/devkitPro/libnds/lib/libnds9.a(dcache.o)
                0x000000000200c5ec                DC_FlushAll
                0x000000000200c618                DC_FlushRange
                0x000000000200c63c                DC_InvalidateAll
                0x000000000200c648                DC_InvalidateRange
 *fill*         0x000000000200c674        0xc ff
 .text          0x000000000200c680     0x8000 /home/ulises/devkitPro/libnds/lib/libnds9.a(dldi_stub.o)
                0x000000000200c680                _io_dldi_stub
 .text          0x0000000002014680      0x1b4 /home/ulises/devkitPro/libnds/lib/libnds9.a(mpu_setup.o)
                0x0000000002014680                __libnds_mpu_setup
                0x00000000020147c0                memCached
                0x00000000020147d8                memUncached
 *fill*         0x0000000002014834        0xc ff
 .text          0x0000000002014840       0x30 /home/ulises/devkitPro/libnds/lib/libnds9.a(swiSoftReset.o)
                0x0000000002014840                swiSoftReset
 .text          0x0000000002014870       0xa4 /home/ulises/devkitPro/libnds/lib/libnds9.a(debugprint.o)
                0x0000000002014870                nocashWrite
                0x0000000002014872                nocashMessage
 *fill*         0x0000000002014914        0xc ff
 .text          0x0000000002014920       0x70 /home/ulises/devkitPro/libnds/lib/libnds9.a(biosCalls.o)
                0x0000000002014920                swiDelay
                0x0000000002014924                swiIntrWait
                0x0000000002014928                swiWaitForVBlank
                0x000000000201492c                swiSleep
                0x0000000002014930                swiChangeSoundBias
                0x0000000002014934                swiDivide
                0x0000000002014938                swiRemainder
                0x000000000201493e                swiDivMod
                0x000000000201494a                swiCopy
                0x000000000201494e                swiFastCopy
                0x0000000002014952                swiSqrt
                0x0000000002014956                swiCRC16
                0x000000000201495a                swiIsDebugger
                0x000000000201495e                swiUnpackBits
                0x0000000002014962                swiDecompressLZSSWram
                0x0000000002014966                swiDecompressLZSSVramNTR
                0x000000000201496a                swiDecompressLZSSVramTWL
                0x000000000201496e                swiDecompressHuffman
                0x0000000002014972                swiDecompressRLEWram
                0x0000000002014976                swiDecompressRLEVram
                0x000000000201497a                swiWaitForIRQ
                0x000000000201497e                swiDecodeDelta8
                0x0000000002014982                swiDecodeDelta16
                0x0000000002014986                swiSetHaltCR
 .text          0x0000000002014990        0x0 /home/ulises/devkitPro/libnds/lib/libnds9.a(interruptDispatcher.o)
 .text          0x0000000002014990        0x0 /home/ulises/devkitPro/libnds/lib/libnds9.a(default_font.bin.o)
 .text          0x0000000002014990      0x134 /home/ulises/devkitPro/libnds/lib/libnds9.a(system.o)
                0x0000000002014990                setSDcallback
                0x000000000201499c                systemMsgHandler
                0x00000000020149ec                systemSleep
                0x0000000002014a04                systemValueHandler
                0x0000000002014a40                powerOn
                0x0000000002014a6c                powerOff
                0x0000000002014a94                ledBlink
                0x0000000002014aa4                getBatteryLevel
 .text          0x0000000002014ac4       0x24 /home/ulises/devkitPro/libnds/lib/libnds9.a(timeSupport.o)
                0x0000000002014ac4                __libnds_gtod
 .text          0x0000000002014ae8      0x11c /home/ulises/devkitPro/devkitARM/bin/../lib/gcc/arm-none-eabi/4.9.2/thumb/libgcc.a(_udivsi3.o)
                0x0000000002014ae8                __udivsi3
                0x0000000002014ae8                __aeabi_uidiv
                0x0000000002014be4                __aeabi_uidivmod
 .text          0x0000000002014c04      0x150 /home/ulises/devkitPro/devkitARM/bin/../lib/gcc/arm-none-eabi/4.9.2/thumb/libgcc.a(_divsi3.o)
                0x0000000002014c04                __aeabi_idiv
                0x0000000002014c04                __divsi3
                0x0000000002014d34                __aeabi_idivmod
 .text          0x0000000002014d54        0x4 /home/ulises/devkitPro/devkitARM/bin/../lib/gcc/arm-none-eabi/4.9.2/thumb/libgcc.a(_dvmd_tls.o)
                0x0000000002014d54                __aeabi_ldiv0
                0x0000000002014d54                __aeabi_idiv0
 .text          0x0000000002014d58       0x60 /home/ulises/devkitPro/devkitARM/bin/../lib/gcc/arm-none-eabi/4.9.2/thumb/libgcc.a(_muldi3.o)
                0x0000000002014d58                __aeabi_lmul
                0x0000000002014d58                __muldi3
 .text          0x0000000002014db8        0x0 /home/ulises/devkitPro/devkitARM/bin/../lib/gcc/arm-none-eabi/4.9.2/../../../../arm-none-eabi/lib/thumb/libg.a(lib_a-bsearch.o)
 .text          0x0000000002014db8        0x0 /home/ulises/devkitPro/devkitARM/bin/../lib/gcc/arm-none-eabi/4.9.2/../../../../arm-none-eabi/lib/thumb/libg.a(lib_a-calloc.o)
 .text          0x0000000002014db8        0x0 /home/ulises/devkitPro/devkitARM/bin/../lib/gcc/arm-none-eabi/4.9.2/../../../../arm-none-eabi/lib/thumb/libg.a(lib_a-callocr.o)
 .text          0x0000000002014db8        0x0 /home/ulises/devkitPro/devkitARM/bin/../lib/gcc/arm-none-eabi/4.9.2/../../../../arm-none-eabi/lib/thumb/libg.a(lib_a-ctype_.o)
 .text          0x0000000002014db8        0x0 /home/ulises/devkitPro/devkitARM/bin/../lib/gcc/arm-none-eabi/4.9.2/../../../../arm-none-eabi/lib/thumb/libg.a(lib_a-fclose.o)
 .text          0x0000000002014db8        0x0 /home/ulises/devkitPro/devkitARM/bin/../lib/gcc/arm-none-eabi/4.9.2/../../../../arm-none-eabi/lib/thumb/libg.a(lib_a-fflush.o)
 .text          0x0000000002014db8        0x0 /home/ulises/devkitPro/devkitARM/bin/../lib/gcc/arm-none-eabi/4.9.2/../../../../arm-none-eabi/lib/thumb/libg.a(lib_a-findfp.o)
 .text          0x0000000002014db8        0x0 /home/ulises/devkitPro/devkitARM/bin/../lib/gcc/arm-none-eabi/4.9.2/../../../../arm-none-eabi/lib/thumb/libg.a(lib_a-fopen.o)
 .text          0x0000000002014db8        0x0 /home/ulises/devkitPro/devkitARM/bin/../lib/gcc/arm-none-eabi/4.9.2/../../../../arm-none-eabi/lib/thumb/libg.a(lib_a-fread.o)
 .text          0x0000000002014db8        0x0 /home/ulises/devkitPro/devkitARM/bin/../lib/gcc/arm-none-eabi/4.9.2/../../../../arm-none-eabi/lib/thumb/libg.a(lib_a-freer.o)
 .text          0x0000000002014db8        0x0 /home/ulises/devkitPro/devkitARM/bin/../lib/gcc/arm-none-eabi/4.9.2/../../../../arm-none-eabi/lib/thumb/libg.a(lib_a-fseek.o)
 .text          0x0000000002014db8        0x0 /home/ulises/devkitPro/devkitARM/bin/../lib/gcc/arm-none-eabi/4.9.2/../../../../arm-none-eabi/lib/thumb/libg.a(lib_a-fseeko.o)
 .text          0x0000000002014db8        0x0 /home/ulises/devkitPro/devkitARM/bin/../lib/gcc/arm-none-eabi/4.9.2/../../../../arm-none-eabi/lib/thumb/libg.a(lib_a-ftell.o)
 .text          0x0000000002014db8        0x0 /home/ulises/devkitPro/devkitARM/bin/../lib/gcc/arm-none-eabi/4.9.2/../../../../arm-none-eabi/lib/thumb/libg.a(lib_a-ftello.o)
 .text          0x0000000002014db8        0x0 /home/ulises/devkitPro/devkitARM/bin/../lib/gcc/arm-none-eabi/4.9.2/../../../../arm-none-eabi/lib/thumb/libg.a(lib_a-fwalk.o)
 .text          0x0000000002014db8        0x0 /home/ulises/devkitPro/devkitARM/bin/../lib/gcc/arm-none-eabi/4.9.2/../../../../arm-none-eabi/lib/thumb/libg.a(lib_a-impure.o)
 .text          0x0000000002014db8        0x0 /home/ulises/devkitPro/devkitARM/bin/../lib/gcc/arm-none-eabi/4.9.2/../../../../arm-none-eabi/lib/thumb/libg.a(lib_a-init.o)
 .text          0x0000000002014db8        0x0 /home/ulises/devkitPro/devkitARM/bin/../lib/gcc/arm-none-eabi/4.9.2/../../../../arm-none-eabi/lib/thumb/libg.a(lib_a-iprintf.o)
 .text          0x0000000002014db8        0x0 /home/ulises/devkitPro/devkitARM/bin/../lib/gcc/arm-none-eabi/4.9.2/../../../../arm-none-eabi/lib/thumb/libg.a(lib_a-lcltime_r.o)
 .text          0x0000000002014db8        0x0 /home/ulises/devkitPro/devkitARM/bin/../lib/gcc/arm-none-eabi/4.9.2/../../../../arm-none-eabi/lib/thumb/libg.a(lib_a-locale.o)
 .text          0x0000000002014db8        0x0 /home/ulises/devkitPro/devkitARM/bin/../lib/gcc/arm-none-eabi/4.9.2/../../../../arm-none-eabi/lib/thumb/libg.a(lib_a-makebuf.o)
 .text          0x0000000002014db8        0x0 /home/ulises/devkitPro/devkitARM/bin/../lib/gcc/arm-none-eabi/4.9.2/../../../../arm-none-eabi/lib/thumb/libg.a(lib_a-malloc.o)
 .text          0x0000000002014db8        0x0 /home/ulises/devkitPro/devkitARM/bin/../lib/gcc/arm-none-eabi/4.9.2/../../../../arm-none-eabi/lib/thumb/libg.a(lib_a-mallocr.o)
 .text          0x0000000002014db8        0x0 /home/ulises/devkitPro/devkitARM/bin/../lib/gcc/arm-none-eabi/4.9.2/../../../../arm-none-eabi/lib/thumb/libg.a(lib_a-mbrtowc.o)
 .text          0x0000000002014db8        0x0 /home/ulises/devkitPro/devkitARM/bin/../lib/gcc/arm-none-eabi/4.9.2/../../../../arm-none-eabi/lib/thumb/libg.a(lib_a-mbsrtowcs.o)
 .text          0x0000000002014db8        0x0 /home/ulises/devkitPro/devkitARM/bin/../lib/gcc/arm-none-eabi/4.9.2/../../../../arm-none-eabi/lib/thumb/libg.a(lib_a-mbtowc_r.o)
 .text          0x0000000002014db8        0x0 /home/ulises/devkitPro/devkitARM/bin/../lib/gcc/arm-none-eabi/4.9.2/../../../../arm-none-eabi/lib/thumb/libg.a(lib_a-memcmp.o)
 .text          0x0000000002014db8        0x0 /home/ulises/devkitPro/devkitARM/bin/../lib/gcc/arm-none-eabi/4.9.2/../../../../arm-none-eabi/lib/thumb/libg.a(lib_a-memcpy.o)
 .text          0x0000000002014db8        0x0 /home/ulises/devkitPro/devkitARM/bin/../lib/gcc/arm-none-eabi/4.9.2/../../../../arm-none-eabi/lib/thumb/libg.a(lib_a-memmove.o)
 .text          0x0000000002014db8        0x0 /home/ulises/devkitPro/devkitARM/bin/../lib/gcc/arm-none-eabi/4.9.2/../../../../arm-none-eabi/lib/thumb/libg.a(lib_a-memset.o)
 .text          0x0000000002014db8        0x0 /home/ulises/devkitPro/devkitARM/bin/../lib/gcc/arm-none-eabi/4.9.2/../../../../arm-none-eabi/lib/thumb/libg.a(lib_a-mktime.o)
 .text          0x0000000002014db8        0x0 /home/ulises/devkitPro/devkitARM/bin/../lib/gcc/arm-none-eabi/4.9.2/../../../../arm-none-eabi/lib/thumb/libg.a(lib_a-mlock.o)
 .text          0x0000000002014db8        0x0 /home/ulises/devkitPro/devkitARM/bin/../lib/gcc/arm-none-eabi/4.9.2/../../../../arm-none-eabi/lib/thumb/libg.a(lib_a-month_lengths.o)
 .text          0x0000000002014db8        0x0 /home/ulises/devkitPro/devkitARM/bin/../lib/gcc/arm-none-eabi/4.9.2/../../../../arm-none-eabi/lib/thumb/libg.a(lib_a-realloc.o)
 .text          0x0000000002014db8        0x0 /home/ulises/devkitPro/devkitARM/bin/../lib/gcc/arm-none-eabi/4.9.2/../../../../arm-none-eabi/lib/thumb/libg.a(lib_a-reallocr.o)
 .text          0x0000000002014db8        0x0 /home/ulises/devkitPro/devkitARM/bin/../lib/gcc/arm-none-eabi/4.9.2/../../../../arm-none-eabi/lib/thumb/libg.a(lib_a-refill.o)
 .text          0x0000000002014db8        0x0 /home/ulises/devkitPro/devkitARM/bin/../lib/gcc/arm-none-eabi/4.9.2/../../../../arm-none-eabi/lib/thumb/libg.a(lib_a-rewind.o)
 .text          0x0000000002014db8        0x0 /home/ulises/devkitPro/devkitARM/bin/../lib/gcc/arm-none-eabi/4.9.2/../../../../arm-none-eabi/lib/thumb/libg.a(lib_a-setvbuf.o)
 .text          0x0000000002014db8        0x0 /home/ulises/devkitPro/devkitARM/bin/../lib/gcc/arm-none-eabi/4.9.2/../../../../arm-none-eabi/lib/thumb/libg.a(lib_a-siscanf.o)
 .text          0x0000000002014db8        0x0 /home/ulises/devkitPro/devkitARM/bin/../lib/gcc/arm-none-eabi/4.9.2/../../../../arm-none-eabi/lib/thumb/libg.a(lib_a-sprintf.o)
 .text          0x0000000002014db8        0x0 /home/ulises/devkitPro/devkitARM/bin/../lib/gcc/arm-none-eabi/4.9.2/../../../../arm-none-eabi/lib/thumb/libg.a(lib_a-stdio.o)
 .text          0x0000000002014db8        0x0 /home/ulises/devkitPro/devkitARM/bin/../lib/gcc/arm-none-eabi/4.9.2/../../../../arm-none-eabi/lib/thumb/libg.a(lib_a-stpcpy.o)
 .text          0x0000000002014db8        0x0 /home/ulises/devkitPro/devkitARM/bin/../lib/gcc/arm-none-eabi/4.9.2/../../../../arm-none-eabi/lib/thumb/libg.a(lib_a-strcasecmp.o)
 .text          0x0000000002014db8        0x0 /home/ulises/devkitPro/devkitARM/bin/../lib/gcc/arm-none-eabi/4.9.2/../../../../arm-none-eabi/lib/thumb/libg.a(lib_a-strcat.o)
 .text          0x0000000002014db8        0x0 /home/ulises/devkitPro/devkitARM/bin/../lib/gcc/arm-none-eabi/4.9.2/../../../../arm-none-eabi/lib/thumb/libg.a(lib_a-strchr.o)
 .text          0x0000000002014db8      0x224 /home/ulises/devkitPro/devkitARM/bin/../lib/gcc/arm-none-eabi/4.9.2/../../../../arm-none-eabi/lib/thumb/libg.a(lib_a-strcmp.o)
                0x0000000002014db8                strcmp
 .text          0x0000000002014fdc        0x0 /home/ulises/devkitPro/devkitARM/bin/../lib/gcc/arm-none-eabi/4.9.2/../../../../arm-none-eabi/lib/thumb/libg.a(lib_a-strcpy.o)
 .text          0x0000000002014fdc        0x0 /home/ulises/devkitPro/devkitARM/bin/../lib/gcc/arm-none-eabi/4.9.2/../../../../arm-none-eabi/lib/thumb/libg.a(lib_a-strdup.o)
 .text          0x0000000002014fdc        0x0 /home/ulises/devkitPro/devkitARM/bin/../lib/gcc/arm-none-eabi/4.9.2/../../../../arm-none-eabi/lib/thumb/libg.a(lib_a-strdup_r.o)
 .text          0x0000000002014fdc        0x0 /home/ulises/devkitPro/devkitARM/bin/../lib/gcc/arm-none-eabi/4.9.2/../../../../arm-none-eabi/lib/thumb/libg.a(lib_a-strlcpy.o)
 .text          0x0000000002014fdc        0x0 /home/ulises/devkitPro/devkitARM/bin/../lib/gcc/arm-none-eabi/4.9.2/../../../../arm-none-eabi/lib/thumb/libg.a(lib_a-strlen.o)
 .text          0x0000000002014fdc        0x0 /home/ulises/devkitPro/devkitARM/bin/../lib/gcc/arm-none-eabi/4.9.2/../../../../arm-none-eabi/lib/thumb/libg.a(lib_a-strncasecmp.o)
 .text          0x0000000002014fdc        0x0 /home/ulises/devkitPro/devkitARM/bin/../lib/gcc/arm-none-eabi/4.9.2/../../../../arm-none-eabi/lib/thumb/libg.a(lib_a-strncmp.o)
 .text          0x0000000002014fdc        0x0 /home/ulises/devkitPro/devkitARM/bin/../lib/gcc/arm-none-eabi/4.9.2/../../../../arm-none-eabi/lib/thumb/libg.a(lib_a-strncpy.o)
 .text          0x0000000002014fdc        0x0 /home/ulises/devkitPro/devkitARM/bin/../lib/gcc/arm-none-eabi/4.9.2/../../../../arm-none-eabi/lib/thumb/libg.a(lib_a-strnlen.o)
 .text          0x0000000002014fdc        0x0 /home/ulises/devkitPro/devkitARM/bin/../lib/gcc/arm-none-eabi/4.9.2/../../../../arm-none-eabi/lib/thumb/libg.a(lib_a-strpbrk.o)
 .text          0x0000000002014fdc        0x0 /home/ulises/devkitPro/devkitARM/bin/../lib/gcc/arm-none-eabi/4.9.2/../../../../arm-none-eabi/lib/thumb/libg.a(lib_a-strrchr.o)
 .text          0x0000000002014fdc        0x0 /home/ulises/devkitPro/devkitARM/bin/../lib/gcc/arm-none-eabi/4.9.2/../../../../arm-none-eabi/lib/thumb/libg.a(lib_a-strtol.o)
 .text          0x0000000002014fdc        0x0 /home/ulises/devkitPro/devkitARM/bin/../lib/gcc/arm-none-eabi/4.9.2/../../../../arm-none-eabi/lib/thumb/libg.a(lib_a-svfiscanf.o)
 .text          0x0000000002014fdc        0x0 /home/ulises/devkitPro/devkitARM/bin/../lib/gcc/arm-none-eabi/4.9.2/../../../../arm-none-eabi/lib/thumb/libg.a(lib_a-svfprintf.o)
 .text          0x0000000002014fdc        0x0 /home/ulises/devkitPro/devkitARM/bin/../lib/gcc/arm-none-eabi/4.9.2/../../../../arm-none-eabi/lib/thumb/libg.a(lib_a-sysclose.o)
 .text          0x0000000002014fdc        0x0 /home/ulises/devkitPro/devkitARM/bin/../lib/gcc/arm-none-eabi/4.9.2/../../../../arm-none-eabi/lib/thumb/libg.a(lib_a-syslseek.o)
 .text          0x0000000002014fdc        0x0 /home/ulises/devkitPro/devkitARM/bin/../lib/gcc/arm-none-eabi/4.9.2/../../../../arm-none-eabi/lib/thumb/libg.a(lib_a-sysopen.o)
 .text          0x0000000002014fdc        0x0 /home/ulises/devkitPro/devkitARM/bin/../lib/gcc/arm-none-eabi/4.9.2/../../../../arm-none-eabi/lib/thumb/libg.a(lib_a-sysread.o)
 .text          0x0000000002014fdc        0x0 /home/ulises/devkitPro/devkitARM/bin/../lib/gcc/arm-none-eabi/4.9.2/../../../../arm-none-eabi/lib/thumb/libg.a(lib_a-time.o)
 .text          0x0000000002014fdc        0x0 /home/ulises/devkitPro/devkitARM/bin/../lib/gcc/arm-none-eabi/4.9.2/../../../../arm-none-eabi/lib/thumb/libg.a(lib_a-towlower.o)
 .text          0x0000000002014fdc        0x0 /home/ulises/devkitPro/devkitARM/bin/../lib/gcc/arm-none-eabi/4.9.2/../../../../arm-none-eabi/lib/thumb/libg.a(lib_a-towupper.o)
 .text          0x0000000002014fdc        0x0 /home/ulises/devkitPro/devkitARM/bin/../lib/gcc/arm-none-eabi/4.9.2/../../../../arm-none-eabi/lib/thumb/libg.a(lib_a-tzcalc_limits.o)
 .text          0x0000000002014fdc        0x0 /home/ulises/devkitPro/devkitARM/bin/../lib/gcc/arm-none-eabi/4.9.2/../../../../arm-none-eabi/lib/thumb/libg.a(lib_a-tzlock.o)
 .text          0x0000000002014fdc        0x0 /home/ulises/devkitPro/devkitARM/bin/../lib/gcc/arm-none-eabi/4.9.2/../../../../arm-none-eabi/lib/thumb/libg.a(lib_a-tzvars.o)
 .text          0x0000000002014fdc        0x0 /home/ulises/devkitPro/devkitARM/bin/../lib/gcc/arm-none-eabi/4.9.2/../../../../arm-none-eabi/lib/thumb/libg.a(lib_a-ungetc.o)
 .text          0x0000000002014fdc        0x0 /home/ulises/devkitPro/devkitARM/bin/../lib/gcc/arm-none-eabi/4.9.2/../../../../arm-none-eabi/lib/thumb/libg.a(lib_a-vfiprintf.o)
 .text          0x0000000002014fdc        0x0 /home/ulises/devkitPro/devkitARM/bin/../lib/gcc/arm-none-eabi/4.9.2/../../../../arm-none-eabi/lib/thumb/libg.a(lib_a-wcrtomb.o)
 .text          0x0000000002014fdc        0x0 /home/ulises/devkitPro/devkitARM/bin/../lib/gcc/arm-none-eabi/4.9.2/../../../../arm-none-eabi/lib/thumb/libg.a(lib_a-wcsrtombs.o)
 .text          0x0000000002014fdc        0x0 /home/ulises/devkitPro/devkitARM/bin/../lib/gcc/arm-none-eabi/4.9.2/../../../../arm-none-eabi/lib/thumb/libg.a(lib_a-wctob.o)
 .text          0x0000000002014fdc        0x0 /home/ulises/devkitPro/devkitARM/bin/../lib/gcc/arm-none-eabi/4.9.2/../../../../arm-none-eabi/lib/thumb/libg.a(lib_a-wctomb_r.o)
 .text          0x0000000002014fdc        0x0 /home/ulises/devkitPro/devkitARM/bin/../lib/gcc/arm-none-eabi/4.9.2/../../../../arm-none-eabi/lib/thumb/libg.a(lib_a-wsetup.o)
 .text          0x0000000002014fdc        0x0 /home/ulises/devkitPro/devkitARM/bin/../lib/gcc/arm-none-eabi/4.9.2/../../../../arm-none-eabi/lib/thumb/libg.a(lib_a-div.o)
 .text          0x0000000002014fdc        0x0 /home/ulises/devkitPro/devkitARM/bin/../lib/gcc/arm-none-eabi/4.9.2/../../../../arm-none-eabi/lib/thumb/libg.a(lib_a-dtoa.o)
 .text          0x0000000002014fdc        0x0 /home/ulises/devkitPro/devkitARM/bin/../lib/gcc/arm-none-eabi/4.9.2/../../../../arm-none-eabi/lib/thumb/libg.a(lib_a-flags.o)
 .text          0x0000000002014fdc        0x0 /home/ulises/devkitPro/devkitARM/bin/../lib/gcc/arm-none-eabi/4.9.2/../../../../arm-none-eabi/lib/thumb/libg.a(lib_a-fputwc.o)
 .text          0x0000000002014fdc        0x0 /home/ulises/devkitPro/devkitARM/bin/../lib/gcc/arm-none-eabi/4.9.2/../../../../arm-none-eabi/lib/thumb/libg.a(lib_a-fvwrite.o)
 .text          0x0000000002014fdc        0x0 /home/ulises/devkitPro/devkitARM/bin/../lib/gcc/arm-none-eabi/4.9.2/../../../../arm-none-eabi/lib/thumb/libg.a(lib_a-getenv_r.o)
 .text          0x0000000002014fdc        0x0 /home/ulises/devkitPro/devkitARM/bin/../lib/gcc/arm-none-eabi/4.9.2/../../../../arm-none-eabi/lib/thumb/libg.a(lib_a-gettzinfo.o)
 .text          0x0000000002014fdc        0x0 /home/ulises/devkitPro/devkitARM/bin/../lib/gcc/arm-none-eabi/4.9.2/../../../../arm-none-eabi/lib/thumb/libg.a(lib_a-gmtime_r.o)
 .text          0x0000000002014fdc        0x0 /home/ulises/devkitPro/devkitARM/bin/../lib/gcc/arm-none-eabi/4.9.2/../../../../arm-none-eabi/lib/thumb/libg.a(lib_a-iswspace.o)
 .text          0x0000000002014fdc        0x0 /home/ulises/devkitPro/devkitARM/bin/../lib/gcc/arm-none-eabi/4.9.2/../../../../arm-none-eabi/lib/thumb/libg.a(lib_a-jp2uc.o)
 .text          0x0000000002014fdc        0x0 /home/ulises/devkitPro/devkitARM/bin/../lib/gcc/arm-none-eabi/4.9.2/../../../../arm-none-eabi/lib/thumb/libg.a(lib_a-mbsnrtowcs.o)
 .text          0x0000000002014fdc        0x0 /home/ulises/devkitPro/devkitARM/bin/../lib/gcc/arm-none-eabi/4.9.2/../../../../arm-none-eabi/lib/thumb/libg.a(lib_a-memchr.o)
 .text          0x0000000002014fdc        0x0 /home/ulises/devkitPro/devkitARM/bin/../lib/gcc/arm-none-eabi/4.9.2/../../../../arm-none-eabi/lib/thumb/libg.a(lib_a-mprec.o)
 .text          0x0000000002014fdc        0x0 /home/ulises/devkitPro/devkitARM/bin/../lib/gcc/arm-none-eabi/4.9.2/../../../../arm-none-eabi/lib/thumb/libg.a(lib_a-sccl.o)
 .text          0x0000000002014fdc        0x0 /home/ulises/devkitPro/devkitARM/bin/../lib/gcc/arm-none-eabi/4.9.2/../../../../arm-none-eabi/lib/thumb/libg.a(lib_a-s_fpclassify.o)
 .text          0x0000000002014fdc        0x0 /home/ulises/devkitPro/devkitARM/bin/../lib/gcc/arm-none-eabi/4.9.2/../../../../arm-none-eabi/lib/thumb/libg.a(lib_a-s_frexp.o)
 .text          0x0000000002014fdc        0x0 /home/ulises/devkitPro/devkitARM/bin/../lib/gcc/arm-none-eabi/4.9.2/../../../../arm-none-eabi/lib/thumb/libg.a(lib_a-strtoll_r.o)
 .text          0x0000000002014fdc        0x0 /home/ulises/devkitPro/devkitARM/bin/../lib/gcc/arm-none-eabi/4.9.2/../../../../arm-none-eabi/lib/thumb/libg.a(lib_a-strtoull_r.o)
 .text          0x0000000002014fdc        0x0 /home/ulises/devkitPro/devkitARM/bin/../lib/gcc/arm-none-eabi/4.9.2/../../../../arm-none-eabi/lib/thumb/libg.a(lib_a-strtoul.o)
 .text          0x0000000002014fdc        0x0 /home/ulises/devkitPro/devkitARM/bin/../lib/gcc/arm-none-eabi/4.9.2/../../../../arm-none-eabi/lib/thumb/libg.a(lib_a-svfiprintf.o)
 .text          0x0000000002014fdc        0x0 /home/ulises/devkitPro/devkitARM/bin/../lib/gcc/arm-none-eabi/4.9.2/../../../../arm-none-eabi/lib/thumb/libg.a(lib_a-wbuf.o)
 .text          0x0000000002014fdc        0x0 /home/ulises/devkitPro/devkitARM/bin/../lib/gcc/arm-none-eabi/4.9.2/../../../../arm-none-eabi/lib/thumb/libg.a(lib_a-wcsnrtombs.o)
 .text          0x0000000002014fdc        0x0 /home/ulises/devkitPro/devkitARM/bin/../lib/gcc/arm-none-eabi/4.9.2/../../../../arm-none-eabi/lib/thumb/libg.a(lib_a-environ.o)
 .text          0x0000000002014fdc        0x0 /home/ulises/devkitPro/devkitARM/bin/../lib/gcc/arm-none-eabi/4.9.2/../../../../arm-none-eabi/lib/thumb/libg.a(lib_a-envlock.o)
 .text          0x0000000002014fdc      0x140 /home/ulises/devkitPro/devkitARM/bin/../lib/gcc/arm-none-eabi/4.9.2/../../../../arm-none-eabi/lib/thumb/libsysbase.a(iosupport.o)
                0x0000000002014fdc                setDefaultDevice
                0x0000000002014fec                FindDevice
                0x000000000201505c                RemoveDevice
                0x0000000002015080                AddDevice
                0x00000000020150fc                GetDeviceOpTab
 .text          0x000000000201511c       0x54 /home/ulises/devkitPro/devkitARM/bin/../lib/gcc/arm-none-eabi/4.9.2/../../../../arm-none-eabi/lib/thumb/libsysbase.a(close.o)
                0x000000000201511c                _close_r
 .text          0x0000000002015170       0x44 /home/ulises/devkitPro/devkitARM/bin/../lib/gcc/arm-none-eabi/4.9.2/../../../../arm-none-eabi/lib/thumb/libsysbase.a(fstat.o)
                0x0000000002015170                _fstat_r
 .text          0x00000000020151b4       0x28 /home/ulises/devkitPro/devkitARM/bin/../lib/gcc/arm-none-eabi/4.9.2/../../../../arm-none-eabi/lib/thumb/libsysbase.a(gettod.o)
                0x00000000020151b4                _gettimeofday_r
 .text          0x00000000020151dc        0x4 /home/ulises/devkitPro/devkitARM/bin/../lib/gcc/arm-none-eabi/4.9.2/../../../../arm-none-eabi/lib/thumb/libsysbase.a(isatty.o)
                0x00000000020151dc                _isatty_r
 .text          0x00000000020151e0       0x48 /home/ulises/devkitPro/devkitARM/bin/../lib/gcc/arm-none-eabi/4.9.2/../../../../arm-none-eabi/lib/thumb/libsysbase.a(lseek.o)
                0x00000000020151e0                _lseek_r
 .text          0x0000000002015228       0xa0 /home/ulises/devkitPro/devkitARM/bin/../lib/gcc/arm-none-eabi/4.9.2/../../../../arm-none-eabi/lib/thumb/libsysbase.a(open.o)
                0x0000000002015228                _open_r
 .text          0x00000000020152c8       0x48 /home/ulises/devkitPro/devkitARM/bin/../lib/gcc/arm-none-eabi/4.9.2/../../../../arm-none-eabi/lib/thumb/libsysbase.a(read.o)
                0x00000000020152c8                _read_r
 .text          0x0000000002015310       0x54 /home/ulises/devkitPro/devkitARM/bin/../lib/gcc/arm-none-eabi/4.9.2/../../../../arm-none-eabi/lib/thumb/libsysbase.a(sbrk.o)
                0x0000000002015310                _sbrk_r
 .text          0x0000000002015364       0x48 /home/ulises/devkitPro/devkitARM/bin/../lib/gcc/arm-none-eabi/4.9.2/../../../../arm-none-eabi/lib/thumb/libsysbase.a(write.o)
                0x0000000002015364                _write_r
 .text          0x00000000020153ac        0x0 /home/ulises/devkitPro/devkitARM/bin/../lib/gcc/arm-none-eabi/4.9.2/../../../../arm-none-eabi/lib/thumb/libsysbase.a(malloc_vars.o)
 .text          0x00000000020153ac      0x280 /home/ulises/devkitPro/devkitARM/bin/../lib/gcc/arm-none-eabi/4.9.2/../../../../arm-none-eabi/lib/thumb/libsysbase.a(chdir.o)
                0x00000000020153ac                _concatenate_path
                0x00000000020154e8                chdir
                0x00000000020155c8                getcwd
 .text          0x000000000201562c       0x50 /home/ulises/devkitPro/devkitARM/bin/../lib/gcc/arm-none-eabi/4.9.2/../../../../arm-none-eabi/lib/thumb/libsysbase.a(build_argv.o)
                0x000000000201562c                build_argv
 .text          0x000000000201567c        0x8 /home/ulises/devkitPro/devkitARM/bin/../lib/gcc/arm-none-eabi/4.9.2/../../../../arm-none-eabi/lib/thumb/libsysbase.a(flock.o)
                0x000000000201567c                __flockfile
                0x0000000002015680                __funlockfile
 .text          0x0000000002015684      0x104 /home/ulises/devkitPro/devkitARM/bin/../lib/gcc/arm-none-eabi/4.9.2/../../../../arm-none-eabi/lib/thumb/libsysbase.a(syscall_support.o)
                0x0000000002015684                __libc_lock_init
                0x000000000201569c                __libc_lock_acquire
                0x00000000020156b4                __libc_lock_try_acquire
                0x00000000020156d4                __libc_lock_release
                0x00000000020156ec                __libc_lock_close
                0x0000000002015704                __libc_lock_init_recursive
                0x000000000201571c                __libc_lock_acquire_recursive
                0x0000000002015734                __libc_lock_try_acquire_recursive
                0x0000000002015754                __libc_lock_release_recursive
                0x000000000201576c                __libc_lock_close_recursive
 .text          0x0000000002015788      0x1a4 /home/ulises/devkitPro/devkitARM/bin/../lib/gcc/arm-none-eabi/4.9.2/../../../../arm-none-eabi/lib/thumb/libsysbase.a(handle_manager.o)
                0x0000000002015788                __free_handle
                0x00000000020157bc                __release_handle
                0x00000000020157e4                __alloc_handle
                0x0000000002015828                __get_handle
                0x0000000002015844                dup
                0x000000000201589c                dup2
 .text          0x000000000201592c       0x28 /home/ulises/devkitPro/devkitARM/bin/../lib/gcc/arm-none-eabi/4.9.2/../../../../arm-none-eabi/lib/thumb/libsysbase.a(getreent.o)
                0x000000000201592c                __getreent
 .text          0x0000000002015954      0x41c /home/ulises/devkitPro/devkitARM/bin/../lib/gcc/arm-none-eabi/4.9.2/thumb/libgcc.a(_arm_addsubdf3.o)
                0x0000000002015954                __aeabi_drsub
                0x000000000201595c                __aeabi_dsub
                0x000000000201595c                __subdf3
                0x0000000002015960                __adddf3
                0x0000000002015960                __aeabi_dadd
                0x0000000002015c70                __aeabi_ui2d
                0x0000000002015c70                __floatunsidf
                0x0000000002015c94                __floatsidf
                0x0000000002015c94                __aeabi_i2d
                0x0000000002015cbc                __extendsfdf2
                0x0000000002015cbc                __aeabi_f2d
                0x0000000002015cfc                __aeabi_ul2d
                0x0000000002015cfc                __floatundidf
                0x0000000002015d10                __floatdidf
                0x0000000002015d10                __aeabi_l2d
 .text          0x0000000002015d70      0x49c /home/ulises/devkitPro/devkitARM/bin/../lib/gcc/arm-none-eabi/4.9.2/thumb/libgcc.a(_arm_muldivdf3.o)
                0x0000000002015d70                __aeabi_dmul
                0x0000000002015d70                __muldf3
                0x0000000002016000                __aeabi_ddiv
                0x0000000002016000                __divdf3
 .text          0x000000000201620c      0x144 /home/ulises/devkitPro/devkitARM/bin/../lib/gcc/arm-none-eabi/4.9.2/thumb/libgcc.a(_arm_cmpdf2.o)
                0x000000000201620c                __gtdf2
                0x000000000201620c                __gedf2
                0x0000000002016214                __ltdf2
                0x0000000002016214                __ledf2
                0x000000000201621c                __cmpdf2
                0x000000000201621c                __eqdf2
                0x000000000201621c                __nedf2
                0x00000000020162a4                __aeabi_cdrcmple
                0x00000000020162c0                __aeabi_cdcmple
                0x00000000020162c0                __aeabi_cdcmpeq
                0x00000000020162d8                __aeabi_dcmpeq
                0x00000000020162f0                __aeabi_dcmplt
                0x0000000002016308                __aeabi_dcmple
                0x0000000002016320                __aeabi_dcmpge
                0x0000000002016338                __aeabi_dcmpgt
 .text          0x0000000002016350       0x5c /home/ulises/devkitPro/devkitARM/bin/../lib/gcc/arm-none-eabi/4.9.2/thumb/libgcc.a(_arm_fixdfsi.o)
                0x0000000002016350                __fixdfsi
                0x0000000002016350                __aeabi_d2iz
 .text          0x00000000020163ac       0x3c /home/ulises/devkitPro/devkitARM/bin/../lib/gcc/arm-none-eabi/4.9.2/thumb/libgcc.a(_aeabi_uldivmod.o)
                0x00000000020163ac                __aeabi_uldivmod
 .text          0x00000000020163e8       0x74 /home/ulises/devkitPro/devkitARM/bin/../lib/gcc/arm-none-eabi/4.9.2/thumb/libgcc.a(bpabi.o)
                0x00000000020163e8                __gnu_ldivmod_helper
                0x0000000002016424                __gnu_uldivmod_helper
 .text          0x000000000201645c      0x1f4 /home/ulises/devkitPro/devkitARM/bin/../lib/gcc/arm-none-eabi/4.9.2/thumb/libgcc.a(_divdi3.o)
                0x000000000201645c                __divdi3
 .text          0x0000000002016650      0x15c /home/ulises/devkitPro/devkitARM/bin/../lib/gcc/arm-none-eabi/4.9.2/thumb/libgcc.a(_udivdi3.o)
                0x0000000002016650                __udivdi3
 .text          0x00000000020167ac       0x28 /home/ulises/devkitPro/devkitARM/bin/../lib/gcc/arm-none-eabi/4.9.2/thumb/libgcc.a(_clzdi2.o)
                0x00000000020167ac                __clzdi2
 .text          0x00000000020167d4       0x48 /home/ulises/devkitPro/devkitARM/bin/../lib/gcc/arm-none-eabi/4.9.2/thumb/libgcc.a(_clzsi2.o)
                0x00000000020167d4                __clzsi2
 .text          0x000000000201681c        0x0 /home/ulises/devkitPro/devkitARM/bin/../lib/gcc/arm-none-eabi/4.9.2/../../../../arm-none-eabi/lib/thumb/libg.a(lib_a-errno.o)
 .text          0x000000000201681c        0x0 /home/ulises/devkitPro/devkitARM/bin/../lib/gcc/arm-none-eabi/4.9.2/thumb/crtend.o
 .text          0x000000000201681c        0x0 /home/ulises/devkitPro/devkitARM/bin/../lib/gcc/arm-none-eabi/4.9.2/thumb/crtn.o
 *(.text.*)
 .text.startup  0x000000000201681c     0x1f84 main.o
                0x000000000201681c                main
 .text.bsearch  0x00000000020187a0       0x64 /home/ulises/devkitPro/devkitARM/bin/../lib/gcc/arm-none-eabi/4.9.2/../../../../arm-none-eabi/lib/thumb/libg.a(lib_a-bsearch.o)
                0x00000000020187a0                bsearch
 .text.calloc   0x0000000002018804       0x18 /home/ulises/devkitPro/devkitARM/bin/../lib/gcc/arm-none-eabi/4.9.2/../../../../arm-none-eabi/lib/thumb/libg.a(lib_a-calloc.o)
                0x0000000002018804                calloc
 .text._calloc_r
                0x000000000201881c       0x64 /home/ulises/devkitPro/devkitARM/bin/../lib/gcc/arm-none-eabi/4.9.2/../../../../arm-none-eabi/lib/thumb/libg.a(lib_a-callocr.o)
                0x000000000201881c                _calloc_r
 .text.__set_ctype
                0x0000000002018880       0x10 /home/ulises/devkitPro/devkitARM/bin/../lib/gcc/arm-none-eabi/4.9.2/../../../../arm-none-eabi/lib/thumb/libg.a(lib_a-ctype_.o)
                0x0000000002018880                __set_ctype
 .text._fclose_r
                0x0000000002018890       0xac /home/ulises/devkitPro/devkitARM/bin/../lib/gcc/arm-none-eabi/4.9.2/../../../../arm-none-eabi/lib/thumb/libg.a(lib_a-fclose.o)
                0x0000000002018890                _fclose_r
 .text.fclose   0x000000000201893c       0x14 /home/ulises/devkitPro/devkitARM/bin/../lib/gcc/arm-none-eabi/4.9.2/../../../../arm-none-eabi/lib/thumb/libg.a(lib_a-fclose.o)
                0x000000000201893c                fclose
 .text.__sflush_r
                0x0000000002018950      0x168 /home/ulises/devkitPro/devkitARM/bin/../lib/gcc/arm-none-eabi/4.9.2/../../../../arm-none-eabi/lib/thumb/libg.a(lib_a-fflush.o)
                0x0000000002018950                __sflush_r
 .text._fflush_r
                0x0000000002018ab8       0x58 /home/ulises/devkitPro/devkitARM/bin/../lib/gcc/arm-none-eabi/4.9.2/../../../../arm-none-eabi/lib/thumb/libg.a(lib_a-fflush.o)
                0x0000000002018ab8                _fflush_r
 .text.fflush   0x0000000002018b10       0x2c /home/ulises/devkitPro/devkitARM/bin/../lib/gcc/arm-none-eabi/4.9.2/../../../../arm-none-eabi/lib/thumb/libg.a(lib_a-fflush.o)
                0x0000000002018b10                fflush
 .text._cleanup_r
                0x0000000002018b3c       0x14 /home/ulises/devkitPro/devkitARM/bin/../lib/gcc/arm-none-eabi/4.9.2/../../../../arm-none-eabi/lib/thumb/libg.a(lib_a-findfp.o)
                0x0000000002018b3c                _cleanup_r
 .text.__fp_lock
                0x0000000002018b50       0x14 /home/ulises/devkitPro/devkitARM/bin/../lib/gcc/arm-none-eabi/4.9.2/../../../../arm-none-eabi/lib/thumb/libg.a(lib_a-findfp.o)
 .text.__fp_unlock
                0x0000000002018b64       0x14 /home/ulises/devkitPro/devkitARM/bin/../lib/gcc/arm-none-eabi/4.9.2/../../../../arm-none-eabi/lib/thumb/libg.a(lib_a-findfp.o)
 .text.__sinit.part.1
                0x0000000002018b78       0xfc /home/ulises/devkitPro/devkitARM/bin/../lib/gcc/arm-none-eabi/4.9.2/../../../../arm-none-eabi/lib/thumb/libg.a(lib_a-findfp.o)
 .text.__sfmoreglue
                0x0000000002018c74       0x34 /home/ulises/devkitPro/devkitARM/bin/../lib/gcc/arm-none-eabi/4.9.2/../../../../arm-none-eabi/lib/thumb/libg.a(lib_a-findfp.o)
                0x0000000002018c74                __sfmoreglue
 .text.__sfp    0x0000000002018ca8       0x94 /home/ulises/devkitPro/devkitARM/bin/../lib/gcc/arm-none-eabi/4.9.2/../../../../arm-none-eabi/lib/thumb/libg.a(lib_a-findfp.o)
                0x0000000002018ca8                __sfp
 .text._cleanup
                0x0000000002018d3c       0x1c /home/ulises/devkitPro/devkitARM/bin/../lib/gcc/arm-none-eabi/4.9.2/../../../../arm-none-eabi/lib/thumb/libg.a(lib_a-findfp.o)
                0x0000000002018d3c                _cleanup
 .text.__sinit  0x0000000002018d58       0x14 /home/ulises/devkitPro/devkitARM/bin/../lib/gcc/arm-none-eabi/4.9.2/../../../../arm-none-eabi/lib/thumb/libg.a(lib_a-findfp.o)
                0x0000000002018d58                __sinit
 .text.__sfp_lock_acquire
                0x0000000002018d6c        0x4 /home/ulises/devkitPro/devkitARM/bin/../lib/gcc/arm-none-eabi/4.9.2/../../../../arm-none-eabi/lib/thumb/libg.a(lib_a-findfp.o)
                0x0000000002018d6c                __sfp_lock_acquire
 .text.__sfp_lock_release
                0x0000000002018d70        0x4 /home/ulises/devkitPro/devkitARM/bin/../lib/gcc/arm-none-eabi/4.9.2/../../../../arm-none-eabi/lib/thumb/libg.a(lib_a-findfp.o)
                0x0000000002018d70                __sfp_lock_release
 .text.__sinit_lock_acquire
                0x0000000002018d74        0x4 /home/ulises/devkitPro/devkitARM/bin/../lib/gcc/arm-none-eabi/4.9.2/../../../../arm-none-eabi/lib/thumb/libg.a(lib_a-findfp.o)
                0x0000000002018d74                __sinit_lock_acquire
 .text.__sinit_lock_release
                0x0000000002018d78        0x4 /home/ulises/devkitPro/devkitARM/bin/../lib/gcc/arm-none-eabi/4.9.2/../../../../arm-none-eabi/lib/thumb/libg.a(lib_a-findfp.o)
                0x0000000002018d78                __sinit_lock_release
 .text.__fp_lock_all
                0x0000000002018d7c       0x18 /home/ulises/devkitPro/devkitARM/bin/../lib/gcc/arm-none-eabi/4.9.2/../../../../arm-none-eabi/lib/thumb/libg.a(lib_a-findfp.o)
                0x0000000002018d7c                __fp_lock_all
 .text.__fp_unlock_all
                0x0000000002018d94       0x18 /home/ulises/devkitPro/devkitARM/bin/../lib/gcc/arm-none-eabi/4.9.2/../../../../arm-none-eabi/lib/thumb/libg.a(lib_a-findfp.o)
                0x0000000002018d94                __fp_unlock_all
 .text._fopen_r
                0x0000000002018dac       0xac /home/ulises/devkitPro/devkitARM/bin/../lib/gcc/arm-none-eabi/4.9.2/../../../../arm-none-eabi/lib/thumb/libg.a(lib_a-fopen.o)
                0x0000000002018dac                _fopen_r
 .text.fopen    0x0000000002018e58       0x18 /home/ulises/devkitPro/devkitARM/bin/../lib/gcc/arm-none-eabi/4.9.2/../../../../arm-none-eabi/lib/thumb/libg.a(lib_a-fopen.o)
                0x0000000002018e58                fopen
 .text._fread_r
                0x0000000002018e70      0x1d0 /home/ulises/devkitPro/devkitARM/bin/../lib/gcc/arm-none-eabi/4.9.2/../../../../arm-none-eabi/lib/thumb/libg.a(lib_a-fread.o)
                0x0000000002018e70                _fread_r
 .text.fread    0x0000000002019040       0x24 /home/ulises/devkitPro/devkitARM/bin/../lib/gcc/arm-none-eabi/4.9.2/../../../../arm-none-eabi/lib/thumb/libg.a(lib_a-fread.o)
                0x0000000002019040                fread
 .text._malloc_trim_r
                0x0000000002019064       0xa4 /home/ulises/devkitPro/devkitARM/bin/../lib/gcc/arm-none-eabi/4.9.2/../../../../arm-none-eabi/lib/thumb/libg.a(lib_a-freer.o)
                0x0000000002019064                _malloc_trim_r
 .text._free_r  0x0000000002019108      0x1b0 /home/ulises/devkitPro/devkitARM/bin/../lib/gcc/arm-none-eabi/4.9.2/../../../../arm-none-eabi/lib/thumb/libg.a(lib_a-freer.o)
                0x0000000002019108                _free_r
 .text._fseek_r
                0x00000000020192b8        0xc /home/ulises/devkitPro/devkitARM/bin/../lib/gcc/arm-none-eabi/4.9.2/../../../../arm-none-eabi/lib/thumb/libg.a(lib_a-fseek.o)
                0x00000000020192b8                _fseek_r
 .text.fseek    0x00000000020192c4       0x1c /home/ulises/devkitPro/devkitARM/bin/../lib/gcc/arm-none-eabi/4.9.2/../../../../arm-none-eabi/lib/thumb/libg.a(lib_a-fseek.o)
                0x00000000020192c4                fseek
 .text._fseeko_r
                0x00000000020192e0      0x348 /home/ulises/devkitPro/devkitARM/bin/../lib/gcc/arm-none-eabi/4.9.2/../../../../arm-none-eabi/lib/thumb/libg.a(lib_a-fseeko.o)
                0x00000000020192e0                _fseeko_r
 .text.fseeko   0x0000000002019628       0x1c /home/ulises/devkitPro/devkitARM/bin/../lib/gcc/arm-none-eabi/4.9.2/../../../../arm-none-eabi/lib/thumb/libg.a(lib_a-fseeko.o)
                0x0000000002019628                fseeko
 .text._ftell_r
                0x0000000002019644        0xc /home/ulises/devkitPro/devkitARM/bin/../lib/gcc/arm-none-eabi/4.9.2/../../../../arm-none-eabi/lib/thumb/libg.a(lib_a-ftell.o)
                0x0000000002019644                _ftell_r
 .text.ftell    0x0000000002019650       0x14 /home/ulises/devkitPro/devkitARM/bin/../lib/gcc/arm-none-eabi/4.9.2/../../../../arm-none-eabi/lib/thumb/libg.a(lib_a-ftell.o)
                0x0000000002019650                ftell
 .text._ftello_r
                0x0000000002019664       0xcc /home/ulises/devkitPro/devkitARM/bin/../lib/gcc/arm-none-eabi/4.9.2/../../../../arm-none-eabi/lib/thumb/libg.a(lib_a-ftello.o)
                0x0000000002019664                _ftello_r
 .text.ftello   0x0000000002019730       0x14 /home/ulises/devkitPro/devkitARM/bin/../lib/gcc/arm-none-eabi/4.9.2/../../../../arm-none-eabi/lib/thumb/libg.a(lib_a-ftello.o)
                0x0000000002019730                ftello
 .text._fwalk   0x0000000002019744       0x50 /home/ulises/devkitPro/devkitARM/bin/../lib/gcc/arm-none-eabi/4.9.2/../../../../arm-none-eabi/lib/thumb/libg.a(lib_a-fwalk.o)
                0x0000000002019744                _fwalk
 .text._fwalk_reent
                0x0000000002019794       0x58 /home/ulises/devkitPro/devkitARM/bin/../lib/gcc/arm-none-eabi/4.9.2/../../../../arm-none-eabi/lib/thumb/libg.a(lib_a-fwalk.o)
                0x0000000002019794                _fwalk_reent
 .text.__libc_init_array
                0x00000000020197ec       0x58 /home/ulises/devkitPro/devkitARM/bin/../lib/gcc/arm-none-eabi/4.9.2/../../../../arm-none-eabi/lib/thumb/libg.a(lib_a-init.o)
                0x00000000020197ec                __libc_init_array
 .text.iprintf  0x0000000002019844       0x24 /home/ulises/devkitPro/devkitARM/bin/../lib/gcc/arm-none-eabi/4.9.2/../../../../arm-none-eabi/lib/thumb/libg.a(lib_a-iprintf.o)
                0x0000000002019844                iprintf
 .text._iprintf_r
                0x0000000002019868       0x1c /home/ulises/devkitPro/devkitARM/bin/../lib/gcc/arm-none-eabi/4.9.2/../../../../arm-none-eabi/lib/thumb/libg.a(lib_a-iprintf.o)
                0x0000000002019868                _iprintf_r
 .text.localtime_r
                0x0000000002019884      0x210 /home/ulises/devkitPro/devkitARM/bin/../lib/gcc/arm-none-eabi/4.9.2/../../../../arm-none-eabi/lib/thumb/libg.a(lib_a-lcltime_r.o)
                0x0000000002019884                localtime_r
 .text.__get_locale_env
                0x0000000002019a94       0x58 /home/ulises/devkitPro/devkitARM/bin/../lib/gcc/arm-none-eabi/4.9.2/../../../../arm-none-eabi/lib/thumb/libg.a(lib_a-locale.o)
 .text.loadlocale
                0x0000000002019aec      0x620 /home/ulises/devkitPro/devkitARM/bin/../lib/gcc/arm-none-eabi/4.9.2/../../../../arm-none-eabi/lib/thumb/libg.a(lib_a-locale.o)
 .text.currentlocale
                0x000000000201a10c       0x64 /home/ulises/devkitPro/devkitARM/bin/../lib/gcc/arm-none-eabi/4.9.2/../../../../arm-none-eabi/lib/thumb/libg.a(lib_a-locale.o)
 .text._setlocale_r
                0x000000000201a170      0x210 /home/ulises/devkitPro/devkitARM/bin/../lib/gcc/arm-none-eabi/4.9.2/../../../../arm-none-eabi/lib/thumb/libg.a(lib_a-locale.o)
                0x000000000201a170                _setlocale_r
 .text.__locale_charset
                0x000000000201a380        0x8 /home/ulises/devkitPro/devkitARM/bin/../lib/gcc/arm-none-eabi/4.9.2/../../../../arm-none-eabi/lib/thumb/libg.a(lib_a-locale.o)
                0x000000000201a380                __locale_charset
 .text.__locale_mb_cur_max
                0x000000000201a388        0xc /home/ulises/devkitPro/devkitARM/bin/../lib/gcc/arm-none-eabi/4.9.2/../../../../arm-none-eabi/lib/thumb/libg.a(lib_a-locale.o)
                0x000000000201a388                __locale_mb_cur_max
 .text.__locale_msgcharset
                0x000000000201a394        0x8 /home/ulises/devkitPro/devkitARM/bin/../lib/gcc/arm-none-eabi/4.9.2/../../../../arm-none-eabi/lib/thumb/libg.a(lib_a-locale.o)
                0x000000000201a394                __locale_msgcharset
 .text.__locale_cjk_lang
                0x000000000201a39c        0xc /home/ulises/devkitPro/devkitARM/bin/../lib/gcc/arm-none-eabi/4.9.2/../../../../arm-none-eabi/lib/thumb/libg.a(lib_a-locale.o)
                0x000000000201a39c                __locale_cjk_lang
 .text._localeconv_r
                0x000000000201a3a8        0x8 /home/ulises/devkitPro/devkitARM/bin/../lib/gcc/arm-none-eabi/4.9.2/../../../../arm-none-eabi/lib/thumb/libg.a(lib_a-locale.o)
                0x000000000201a3a8                _localeconv_r
 .text.setlocale
                0x000000000201a3b0       0x18 /home/ulises/devkitPro/devkitARM/bin/../lib/gcc/arm-none-eabi/4.9.2/../../../../arm-none-eabi/lib/thumb/libg.a(lib_a-locale.o)
                0x000000000201a3b0                setlocale
 .text.localeconv
                0x000000000201a3c8       0x14 /home/ulises/devkitPro/devkitARM/bin/../lib/gcc/arm-none-eabi/4.9.2/../../../../arm-none-eabi/lib/thumb/libg.a(lib_a-locale.o)
                0x000000000201a3c8                localeconv
 .text.__smakebuf_r
                0x000000000201a3dc      0x100 /home/ulises/devkitPro/devkitARM/bin/../lib/gcc/arm-none-eabi/4.9.2/../../../../arm-none-eabi/lib/thumb/libg.a(lib_a-makebuf.o)
                0x000000000201a3dc                __smakebuf_r
 .text.malloc   0x000000000201a4dc       0x14 /home/ulises/devkitPro/devkitARM/bin/../lib/gcc/arm-none-eabi/4.9.2/../../../../arm-none-eabi/lib/thumb/libg.a(lib_a-malloc.o)
                0x000000000201a4dc                malloc
 .text.free     0x000000000201a4f0       0x14 /home/ulises/devkitPro/devkitARM/bin/../lib/gcc/arm-none-eabi/4.9.2/../../../../arm-none-eabi/lib/thumb/libg.a(lib_a-malloc.o)
                0x000000000201a4f0                free
 .text._malloc_r
                0x000000000201a504      0x54c /home/ulises/devkitPro/devkitARM/bin/../lib/gcc/arm-none-eabi/4.9.2/../../../../arm-none-eabi/lib/thumb/libg.a(lib_a-mallocr.o)
                0x000000000201a504                _malloc_r
 .text._mbrtowc_r
                0x000000000201aa50       0x7c /home/ulises/devkitPro/devkitARM/bin/../lib/gcc/arm-none-eabi/4.9.2/../../../../arm-none-eabi/lib/thumb/libg.a(lib_a-mbrtowc.o)
                0x000000000201aa50                _mbrtowc_r
 .text.mbrtowc  0x000000000201aacc       0x80 /home/ulises/devkitPro/devkitARM/bin/../lib/gcc/arm-none-eabi/4.9.2/../../../../arm-none-eabi/lib/thumb/libg.a(lib_a-mbrtowc.o)
                0x000000000201aacc                mbrtowc
 .text._mbsrtowcs_r
                0x000000000201ab4c       0x18 /home/ulises/devkitPro/devkitARM/bin/../lib/gcc/arm-none-eabi/4.9.2/../../../../arm-none-eabi/lib/thumb/libg.a(lib_a-mbsrtowcs.o)
                0x000000000201ab4c                _mbsrtowcs_r
 .text.mbsrtowcs
                0x000000000201ab64       0x28 /home/ulises/devkitPro/devkitARM/bin/../lib/gcc/arm-none-eabi/4.9.2/../../../../arm-none-eabi/lib/thumb/libg.a(lib_a-mbsrtowcs.o)
                0x000000000201ab64                mbsrtowcs
 .text.__utf8_mbtowc
                0x000000000201ab8c      0x2bc /home/ulises/devkitPro/devkitARM/bin/../lib/gcc/arm-none-eabi/4.9.2/../../../../arm-none-eabi/lib/thumb/libg.a(lib_a-mbtowc_r.o)
                0x000000000201ab8c                __utf8_mbtowc
 .text._mbtowc_r
                0x000000000201ae48       0x40 /home/ulises/devkitPro/devkitARM/bin/../lib/gcc/arm-none-eabi/4.9.2/../../../../arm-none-eabi/lib/thumb/libg.a(lib_a-mbtowc_r.o)
                0x000000000201ae48                _mbtowc_r
 .text.__ascii_mbtowc
                0x000000000201ae88       0x2c /home/ulises/devkitPro/devkitARM/bin/../lib/gcc/arm-none-eabi/4.9.2/../../../../arm-none-eabi/lib/thumb/libg.a(lib_a-mbtowc_r.o)
                0x000000000201ae88                __ascii_mbtowc
 .text.__sjis_mbtowc
                0x000000000201aeb4       0xb4 /home/ulises/devkitPro/devkitARM/bin/../lib/gcc/arm-none-eabi/4.9.2/../../../../arm-none-eabi/lib/thumb/libg.a(lib_a-mbtowc_r.o)
                0x000000000201aeb4                __sjis_mbtowc
 .text.__eucjp_mbtowc
                0x000000000201af68       0xd0 /home/ulises/devkitPro/devkitARM/bin/../lib/gcc/arm-none-eabi/4.9.2/../../../../arm-none-eabi/lib/thumb/libg.a(lib_a-mbtowc_r.o)
                0x000000000201af68                __eucjp_mbtowc
 .text.__jis_mbtowc
                0x000000000201b038      0x148 /home/ulises/devkitPro/devkitARM/bin/../lib/gcc/arm-none-eabi/4.9.2/../../../../arm-none-eabi/lib/thumb/libg.a(lib_a-mbtowc_r.o)
                0x000000000201b038                __jis_mbtowc
 .text.memcmp   0x000000000201b180       0x54 /home/ulises/devkitPro/devkitARM/bin/../lib/gcc/arm-none-eabi/4.9.2/../../../../arm-none-eabi/lib/thumb/libg.a(lib_a-memcmp.o)
                0x000000000201b180                memcmp
 .text.memcpy   0x000000000201b1d4       0x84 /home/ulises/devkitPro/devkitARM/bin/../lib/gcc/arm-none-eabi/4.9.2/../../../../arm-none-eabi/lib/thumb/libg.a(lib_a-memcpy.o)
                0x000000000201b1d4                memcpy
 .text.memmove  0x000000000201b258       0x9c /home/ulises/devkitPro/devkitARM/bin/../lib/gcc/arm-none-eabi/4.9.2/../../../../arm-none-eabi/lib/thumb/libg.a(lib_a-memmove.o)
                0x000000000201b258                memmove
 .text.memset   0x000000000201b2f4       0x98 /home/ulises/devkitPro/devkitARM/bin/../lib/gcc/arm-none-eabi/4.9.2/../../../../arm-none-eabi/lib/thumb/libg.a(lib_a-memset.o)
                0x000000000201b2f4                memset
 .text.validate_structure
                0x000000000201b38c      0x204 /home/ulises/devkitPro/devkitARM/bin/../lib/gcc/arm-none-eabi/4.9.2/../../../../arm-none-eabi/lib/thumb/libg.a(lib_a-mktime.o)
 .text.mktime   0x000000000201b590      0x374 /home/ulises/devkitPro/devkitARM/bin/../lib/gcc/arm-none-eabi/4.9.2/../../../../arm-none-eabi/lib/thumb/libg.a(lib_a-mktime.o)
                0x000000000201b590                mktime
 .text.__malloc_lock
                0x000000000201b904        0x4 /home/ulises/devkitPro/devkitARM/bin/../lib/gcc/arm-none-eabi/4.9.2/../../../../arm-none-eabi/lib/thumb/libg.a(lib_a-mlock.o)
                0x000000000201b904                __malloc_lock
 .text.__malloc_unlock
                0x000000000201b908        0x4 /home/ulises/devkitPro/devkitARM/bin/../lib/gcc/arm-none-eabi/4.9.2/../../../../arm-none-eabi/lib/thumb/libg.a(lib_a-mlock.o)
                0x000000000201b908                __malloc_unlock
 .text.realloc  0x000000000201b90c       0x18 /home/ulises/devkitPro/devkitARM/bin/../lib/gcc/arm-none-eabi/4.9.2/../../../../arm-none-eabi/lib/thumb/libg.a(lib_a-realloc.o)
                0x000000000201b90c                realloc
 .text._realloc_r
                0x000000000201b924      0x3dc /home/ulises/devkitPro/devkitARM/bin/../lib/gcc/arm-none-eabi/4.9.2/../../../../arm-none-eabi/lib/thumb/libg.a(lib_a-reallocr.o)
                0x000000000201b924                _realloc_r
 .text.lflush   0x000000000201bd00       0x20 /home/ulises/devkitPro/devkitARM/bin/../lib/gcc/arm-none-eabi/4.9.2/../../../../arm-none-eabi/lib/thumb/libg.a(lib_a-refill.o)
 .text.__srefill_r
                0x000000000201bd20      0x12c /home/ulises/devkitPro/devkitARM/bin/../lib/gcc/arm-none-eabi/4.9.2/../../../../arm-none-eabi/lib/thumb/libg.a(lib_a-refill.o)
                0x000000000201bd20                __srefill_r
 .text._rewind_r
                0x000000000201be4c       0x1c /home/ulises/devkitPro/devkitARM/bin/../lib/gcc/arm-none-eabi/4.9.2/../../../../arm-none-eabi/lib/thumb/libg.a(lib_a-rewind.o)
                0x000000000201be4c                _rewind_r
 .text.rewind   0x000000000201be68       0x20 /home/ulises/devkitPro/devkitARM/bin/../lib/gcc/arm-none-eabi/4.9.2/../../../../arm-none-eabi/lib/thumb/libg.a(lib_a-rewind.o)
                0x000000000201be68                rewind
 .text.setvbuf  0x000000000201be88      0x154 /home/ulises/devkitPro/devkitARM/bin/../lib/gcc/arm-none-eabi/4.9.2/../../../../arm-none-eabi/lib/thumb/libg.a(lib_a-setvbuf.o)
                0x000000000201be88                setvbuf
 .text.siscanf  0x000000000201bfdc       0x4c /home/ulises/devkitPro/devkitARM/bin/../lib/gcc/arm-none-eabi/4.9.2/../../../../arm-none-eabi/lib/thumb/libg.a(lib_a-siscanf.o)
                0x000000000201bfdc                siscanf
 .text._siscanf_r
                0x000000000201c028       0x50 /home/ulises/devkitPro/devkitARM/bin/../lib/gcc/arm-none-eabi/4.9.2/../../../../arm-none-eabi/lib/thumb/libg.a(lib_a-siscanf.o)
                0x000000000201c028                _siscanf_r
 .text._sprintf_r
                0x000000000201c078       0x40 /home/ulises/devkitPro/devkitARM/bin/../lib/gcc/arm-none-eabi/4.9.2/../../../../arm-none-eabi/lib/thumb/libg.a(lib_a-sprintf.o)
                0x000000000201c078                _sprintf_r
 .text.sprintf  0x000000000201c0b8       0x48 /home/ulises/devkitPro/devkitARM/bin/../lib/gcc/arm-none-eabi/4.9.2/../../../../arm-none-eabi/lib/thumb/libg.a(lib_a-sprintf.o)
                0x000000000201c0b8                sprintf
 .text.__sread  0x000000000201c100       0x2c /home/ulises/devkitPro/devkitARM/bin/../lib/gcc/arm-none-eabi/4.9.2/../../../../arm-none-eabi/lib/thumb/libg.a(lib_a-stdio.o)
                0x000000000201c100                __sread
 .text.__seofread
                0x000000000201c12c        0x4 /home/ulises/devkitPro/devkitARM/bin/../lib/gcc/arm-none-eabi/4.9.2/../../../../arm-none-eabi/lib/thumb/libg.a(lib_a-stdio.o)
                0x000000000201c12c                __seofread
 .text.__swrite
                0x000000000201c130       0x44 /home/ulises/devkitPro/devkitARM/bin/../lib/gcc/arm-none-eabi/4.9.2/../../../../arm-none-eabi/lib/thumb/libg.a(lib_a-stdio.o)
                0x000000000201c130                __swrite
 .text.__sseek  0x000000000201c174       0x30 /home/ulises/devkitPro/devkitARM/bin/../lib/gcc/arm-none-eabi/4.9.2/../../../../arm-none-eabi/lib/thumb/libg.a(lib_a-stdio.o)
                0x000000000201c174                __sseek
 .text.__sclose
                0x000000000201c1a4       0x10 /home/ulises/devkitPro/devkitARM/bin/../lib/gcc/arm-none-eabi/4.9.2/../../../../arm-none-eabi/lib/thumb/libg.a(lib_a-stdio.o)
                0x000000000201c1a4                __sclose
 .text.stpcpy   0x000000000201c1b4       0x4c /home/ulises/devkitPro/devkitARM/bin/../lib/gcc/arm-none-eabi/4.9.2/../../../../arm-none-eabi/lib/thumb/libg.a(lib_a-stpcpy.o)
                0x000000000201c1b4                stpcpy
 .text.strcasecmp
                0x000000000201c200       0x58 /home/ulises/devkitPro/devkitARM/bin/../lib/gcc/arm-none-eabi/4.9.2/../../../../arm-none-eabi/lib/thumb/libg.a(lib_a-strcasecmp.o)
                0x000000000201c200                strcasecmp
 .text.strcat   0x000000000201c258       0x54 /home/ulises/devkitPro/devkitARM/bin/../lib/gcc/arm-none-eabi/4.9.2/../../../../arm-none-eabi/lib/thumb/libg.a(lib_a-strcat.o)
                0x000000000201c258                strcat
 .text.strchr   0x000000000201c2ac       0xdc /home/ulises/devkitPro/devkitARM/bin/../lib/gcc/arm-none-eabi/4.9.2/../../../../arm-none-eabi/lib/thumb/libg.a(lib_a-strchr.o)
                0x000000000201c2ac                strchr
 .text.strcpy   0x000000000201c388       0x10 /home/ulises/devkitPro/devkitARM/bin/../lib/gcc/arm-none-eabi/4.9.2/../../../../arm-none-eabi/lib/thumb/libg.a(lib_a-strcpy.o)
                0x000000000201c388                strcpy
 .text.strdup   0x000000000201c398       0x14 /home/ulises/devkitPro/devkitARM/bin/../lib/gcc/arm-none-eabi/4.9.2/../../../../arm-none-eabi/lib/thumb/libg.a(lib_a-strdup.o)
                0x000000000201c398                strdup
 .text._strdup_r
                0x000000000201c3ac       0x2c /home/ulises/devkitPro/devkitARM/bin/../lib/gcc/arm-none-eabi/4.9.2/../../../../arm-none-eabi/lib/thumb/libg.a(lib_a-strdup_r.o)
                0x000000000201c3ac                _strdup_r
 .text.strlcpy  0x000000000201c3d8       0x4c /home/ulises/devkitPro/devkitARM/bin/../lib/gcc/arm-none-eabi/4.9.2/../../../../arm-none-eabi/lib/thumb/libg.a(lib_a-strlcpy.o)
                0x000000000201c3d8                strlcpy
 .text.strlen   0x000000000201c424       0x6c /home/ulises/devkitPro/devkitARM/bin/../lib/gcc/arm-none-eabi/4.9.2/../../../../arm-none-eabi/lib/thumb/libg.a(lib_a-strlen.o)
                0x000000000201c424                strlen
 .text.strncasecmp
                0x000000000201c490       0x5c /home/ulises/devkitPro/devkitARM/bin/../lib/gcc/arm-none-eabi/4.9.2/../../../../arm-none-eabi/lib/thumb/libg.a(lib_a-strncasecmp.o)
                0x000000000201c490                strncasecmp
 .text.strncmp  0x000000000201c4ec       0x98 /home/ulises/devkitPro/devkitARM/bin/../lib/gcc/arm-none-eabi/4.9.2/../../../../arm-none-eabi/lib/thumb/libg.a(lib_a-strncmp.o)
                0x000000000201c4ec                strncmp
 .text.strncpy  0x000000000201c584       0x7c /home/ulises/devkitPro/devkitARM/bin/../lib/gcc/arm-none-eabi/4.9.2/../../../../arm-none-eabi/lib/thumb/libg.a(lib_a-strncpy.o)
                0x000000000201c584                strncpy
 .text.strnlen  0x000000000201c600       0x34 /home/ulises/devkitPro/devkitARM/bin/../lib/gcc/arm-none-eabi/4.9.2/../../../../arm-none-eabi/lib/thumb/libg.a(lib_a-strnlen.o)
                0x000000000201c600                strnlen
 .text.strpbrk  0x000000000201c634       0x50 /home/ulises/devkitPro/devkitARM/bin/../lib/gcc/arm-none-eabi/4.9.2/../../../../arm-none-eabi/lib/thumb/libg.a(lib_a-strpbrk.o)
                0x000000000201c634                strpbrk
 .text.strrchr  0x000000000201c684       0x2c /home/ulises/devkitPro/devkitARM/bin/../lib/gcc/arm-none-eabi/4.9.2/../../../../arm-none-eabi/lib/thumb/libg.a(lib_a-strrchr.o)
                0x000000000201c684                strrchr
 .text._strtol_r
                0x000000000201c6b0      0x15c /home/ulises/devkitPro/devkitARM/bin/../lib/gcc/arm-none-eabi/4.9.2/../../../../arm-none-eabi/lib/thumb/libg.a(lib_a-strtol.o)
                0x000000000201c6b0                _strtol_r
 .text.strtol   0x000000000201c80c       0x1c /home/ulises/devkitPro/devkitARM/bin/../lib/gcc/arm-none-eabi/4.9.2/../../../../arm-none-eabi/lib/thumb/libg.a(lib_a-strtol.o)
                0x000000000201c80c                strtol
 .text._sungetc_r
                0x000000000201c828       0x88 /home/ulises/devkitPro/devkitARM/bin/../lib/gcc/arm-none-eabi/4.9.2/../../../../arm-none-eabi/lib/thumb/libg.a(lib_a-svfiscanf.o)
                0x000000000201c828                _sungetc_r
 .text.__ssrefill_r
                0x000000000201c8b0       0x44 /home/ulises/devkitPro/devkitARM/bin/../lib/gcc/arm-none-eabi/4.9.2/../../../../arm-none-eabi/lib/thumb/libg.a(lib_a-svfiscanf.o)
                0x000000000201c8b0                __ssrefill_r
 .text._sfread_r
                0x000000000201c8f4       0x8c /home/ulises/devkitPro/devkitARM/bin/../lib/gcc/arm-none-eabi/4.9.2/../../../../arm-none-eabi/lib/thumb/libg.a(lib_a-svfiscanf.o)
                0x000000000201c8f4                _sfread_r
 .text.__ssvfiscanf_r
                0x000000000201c980     0x14b0 /home/ulises/devkitPro/devkitARM/bin/../lib/gcc/arm-none-eabi/4.9.2/../../../../arm-none-eabi/lib/thumb/libg.a(lib_a-svfiscanf.o)
                0x000000000201c980                __ssvfiscanf_r
 .text.get_arg  0x000000000201de30      0x4a8 /home/ulises/devkitPro/devkitARM/bin/../lib/gcc/arm-none-eabi/4.9.2/../../../../arm-none-eabi/lib/thumb/libg.a(lib_a-svfprintf.o)
 .text._svfprintf_r
                0x000000000201e2d8     0x2e50 /home/ulises/devkitPro/devkitARM/bin/../lib/gcc/arm-none-eabi/4.9.2/../../../../arm-none-eabi/lib/thumb/libg.a(lib_a-svfprintf.o)
                0x000000000201e2d8                _svfprintf_r
 .text.close    0x0000000002021128       0x14 /home/ulises/devkitPro/devkitARM/bin/../lib/gcc/arm-none-eabi/4.9.2/../../../../arm-none-eabi/lib/thumb/libg.a(lib_a-sysclose.o)
                0x0000000002021128                close
 .text.lseek    0x000000000202113c       0x1c /home/ulises/devkitPro/devkitARM/bin/../lib/gcc/arm-none-eabi/4.9.2/../../../../arm-none-eabi/lib/thumb/libg.a(lib_a-syslseek.o)
                0x000000000202113c                lseek
 .text.open     0x0000000002021158       0x28 /home/ulises/devkitPro/devkitARM/bin/../lib/gcc/arm-none-eabi/4.9.2/../../../../arm-none-eabi/lib/thumb/libg.a(lib_a-sysopen.o)
                0x0000000002021158                open
 .text.read     0x0000000002021180       0x1c /home/ulises/devkitPro/devkitARM/bin/../lib/gcc/arm-none-eabi/4.9.2/../../../../arm-none-eabi/lib/thumb/libg.a(lib_a-sysread.o)
                0x0000000002021180                read
 .text.time     0x000000000202119c       0x2c /home/ulises/devkitPro/devkitARM/bin/../lib/gcc/arm-none-eabi/4.9.2/../../../../arm-none-eabi/lib/thumb/libg.a(lib_a-time.o)
                0x000000000202119c                time
 .text.towlower
                0x00000000020211c8      0x7e0 /home/ulises/devkitPro/devkitARM/bin/../lib/gcc/arm-none-eabi/4.9.2/../../../../arm-none-eabi/lib/thumb/libg.a(lib_a-towlower.o)
                0x00000000020211c8                towlower
 .text.towupper
                0x00000000020219a8      0x9a8 /home/ulises/devkitPro/devkitARM/bin/../lib/gcc/arm-none-eabi/4.9.2/../../../../arm-none-eabi/lib/thumb/libg.a(lib_a-towupper.o)
                0x00000000020219a8                towupper
 .text.__tzcalc_limits
                0x0000000002022350      0x1a4 /home/ulises/devkitPro/devkitARM/bin/../lib/gcc/arm-none-eabi/4.9.2/../../../../arm-none-eabi/lib/thumb/libg.a(lib_a-tzcalc_limits.o)
                0x0000000002022350                __tzcalc_limits
 .text.__tz_lock
                0x00000000020224f4        0x4 /home/ulises/devkitPro/devkitARM/bin/../lib/gcc/arm-none-eabi/4.9.2/../../../../arm-none-eabi/lib/thumb/libg.a(lib_a-tzlock.o)
                0x00000000020224f4                __tz_lock
 .text.__tz_unlock
                0x00000000020224f8        0x4 /home/ulises/devkitPro/devkitARM/bin/../lib/gcc/arm-none-eabi/4.9.2/../../../../arm-none-eabi/lib/thumb/libg.a(lib_a-tzlock.o)
                0x00000000020224f8                __tz_unlock
 .text.__submore
                0x00000000020224fc       0x88 /home/ulises/devkitPro/devkitARM/bin/../lib/gcc/arm-none-eabi/4.9.2/../../../../arm-none-eabi/lib/thumb/libg.a(lib_a-ungetc.o)
                0x00000000020224fc                __submore
 .text._ungetc_r
                0x0000000002022584      0x138 /home/ulises/devkitPro/devkitARM/bin/../lib/gcc/arm-none-eabi/4.9.2/../../../../arm-none-eabi/lib/thumb/libg.a(lib_a-ungetc.o)
                0x0000000002022584                _ungetc_r
 .text.ungetc   0x00000000020226bc       0x18 /home/ulises/devkitPro/devkitARM/bin/../lib/gcc/arm-none-eabi/4.9.2/../../../../arm-none-eabi/lib/thumb/libg.a(lib_a-ungetc.o)
                0x00000000020226bc                ungetc
 .text.get_arg  0x00000000020226d4      0x4a8 /home/ulises/devkitPro/devkitARM/bin/../lib/gcc/arm-none-eabi/4.9.2/../../../../arm-none-eabi/lib/thumb/libg.a(lib_a-vfiprintf.o)
 .text.__sprint_r.part.0
                0x0000000002022b7c       0x80 /home/ulises/devkitPro/devkitARM/bin/../lib/gcc/arm-none-eabi/4.9.2/../../../../arm-none-eabi/lib/thumb/libg.a(lib_a-vfiprintf.o)
 .text.__sprint_r
                0x0000000002022bfc       0x18 /home/ulises/devkitPro/devkitARM/bin/../lib/gcc/arm-none-eabi/4.9.2/../../../../arm-none-eabi/lib/thumb/libg.a(lib_a-vfiprintf.o)
                0x0000000002022bfc                __sprint_r
 .text._vfiprintf_r
                0x0000000002022c14     0x1f58 /home/ulises/devkitPro/devkitARM/bin/../lib/gcc/arm-none-eabi/4.9.2/../../../../arm-none-eabi/lib/thumb/libg.a(lib_a-vfiprintf.o)
                0x0000000002022c14                _vfiprintf_r
 .text.vfiprintf
                0x0000000002024b6c       0x1c /home/ulises/devkitPro/devkitARM/bin/../lib/gcc/arm-none-eabi/4.9.2/../../../../arm-none-eabi/lib/thumb/libg.a(lib_a-vfiprintf.o)
                0x0000000002024b6c                vfiprintf
 .text.__sbprintf
                0x0000000002024b88       0x78 /home/ulises/devkitPro/devkitARM/bin/../lib/gcc/arm-none-eabi/4.9.2/../../../../arm-none-eabi/lib/thumb/libg.a(lib_a-vfiprintf.o)
 .text._wcrtomb_r
                0x0000000002024c00       0x6c /home/ulises/devkitPro/devkitARM/bin/../lib/gcc/arm-none-eabi/4.9.2/../../../../arm-none-eabi/lib/thumb/libg.a(lib_a-wcrtomb.o)
                0x0000000002024c00                _wcrtomb_r
 .text.wcrtomb  0x0000000002024c6c       0x74 /home/ulises/devkitPro/devkitARM/bin/../lib/gcc/arm-none-eabi/4.9.2/../../../../arm-none-eabi/lib/thumb/libg.a(lib_a-wcrtomb.o)
                0x0000000002024c6c                wcrtomb
 .text._wcsrtombs_r
                0x0000000002024ce0       0x18 /home/ulises/devkitPro/devkitARM/bin/../lib/gcc/arm-none-eabi/4.9.2/../../../../arm-none-eabi/lib/thumb/libg.a(lib_a-wcsrtombs.o)
                0x0000000002024ce0                _wcsrtombs_r
 .text.wcsrtombs
                0x0000000002024cf8       0x28 /home/ulises/devkitPro/devkitARM/bin/../lib/gcc/arm-none-eabi/4.9.2/../../../../arm-none-eabi/lib/thumb/libg.a(lib_a-wcsrtombs.o)
                0x0000000002024cf8                wcsrtombs
 .text.wctob    0x0000000002024d20       0x50 /home/ulises/devkitPro/devkitARM/bin/../lib/gcc/arm-none-eabi/4.9.2/../../../../arm-none-eabi/lib/thumb/libg.a(lib_a-wctob.o)
                0x0000000002024d20                wctob
 .text.__utf8_wctomb
                0x0000000002024d70       0xc0 /home/ulises/devkitPro/devkitARM/bin/../lib/gcc/arm-none-eabi/4.9.2/../../../../arm-none-eabi/lib/thumb/libg.a(lib_a-wctomb_r.o)
                0x0000000002024d70                __utf8_wctomb
 .text._wctomb_r
                0x0000000002024e30       0x3c /home/ulises/devkitPro/devkitARM/bin/../lib/gcc/arm-none-eabi/4.9.2/../../../../arm-none-eabi/lib/thumb/libg.a(lib_a-wctomb_r.o)
                0x0000000002024e30                _wctomb_r
 .text.__ascii_wctomb
                0x0000000002024e6c       0x1c /home/ulises/devkitPro/devkitARM/bin/../lib/gcc/arm-none-eabi/4.9.2/../../../../arm-none-eabi/lib/thumb/libg.a(lib_a-wctomb_r.o)
                0x0000000002024e6c                __ascii_wctomb
 .text.__sjis_wctomb
                0x0000000002024e88       0x80 /home/ulises/devkitPro/devkitARM/bin/../lib/gcc/arm-none-eabi/4.9.2/../../../../arm-none-eabi/lib/thumb/libg.a(lib_a-wctomb_r.o)
                0x0000000002024e88                __sjis_wctomb
 .text.__eucjp_wctomb
                0x0000000002024f08       0x88 /home/ulises/devkitPro/devkitARM/bin/../lib/gcc/arm-none-eabi/4.9.2/../../../../arm-none-eabi/lib/thumb/libg.a(lib_a-wctomb_r.o)
                0x0000000002024f08                __eucjp_wctomb
 .text.__jis_wctomb
                0x0000000002024f90       0x80 /home/ulises/devkitPro/devkitARM/bin/../lib/gcc/arm-none-eabi/4.9.2/../../../../arm-none-eabi/lib/thumb/libg.a(lib_a-wctomb_r.o)
                0x0000000002024f90                __jis_wctomb
 .text.__swsetup_r
                0x0000000002025010       0xd0 /home/ulises/devkitPro/devkitARM/bin/../lib/gcc/arm-none-eabi/4.9.2/../../../../arm-none-eabi/lib/thumb/libg.a(lib_a-wsetup.o)
                0x0000000002025010                __swsetup_r
 .text.div      0x00000000020250e0       0x40 /home/ulises/devkitPro/devkitARM/bin/../lib/gcc/arm-none-eabi/4.9.2/../../../../arm-none-eabi/lib/thumb/libg.a(lib_a-div.o)
                0x00000000020250e0                div
 .text.quorem   0x0000000002025120      0x160 /home/ulises/devkitPro/devkitARM/bin/../lib/gcc/arm-none-eabi/4.9.2/../../../../arm-none-eabi/lib/thumb/libg.a(lib_a-dtoa.o)
 .text._dtoa_r  0x0000000002025280     0x1098 /home/ulises/devkitPro/devkitARM/bin/../lib/gcc/arm-none-eabi/4.9.2/../../../../arm-none-eabi/lib/thumb/libg.a(lib_a-dtoa.o)
                0x0000000002025280                _dtoa_r
 .text.__sflags
                0x0000000002026318       0x9c /home/ulises/devkitPro/devkitARM/bin/../lib/gcc/arm-none-eabi/4.9.2/../../../../arm-none-eabi/lib/thumb/libg.a(lib_a-flags.o)
                0x0000000002026318                __sflags
 .text.__fputwc
                0x00000000020263b4       0xc0 /home/ulises/devkitPro/devkitARM/bin/../lib/gcc/arm-none-eabi/4.9.2/../../../../arm-none-eabi/lib/thumb/libg.a(lib_a-fputwc.o)
                0x00000000020263b4                __fputwc
 .text._fputwc_r
                0x0000000002026474       0x5c /home/ulises/devkitPro/devkitARM/bin/../lib/gcc/arm-none-eabi/4.9.2/../../../../arm-none-eabi/lib/thumb/libg.a(lib_a-fputwc.o)
                0x0000000002026474                _fputwc_r
 .text.fputwc   0x00000000020264d0       0x28 /home/ulises/devkitPro/devkitARM/bin/../lib/gcc/arm-none-eabi/4.9.2/../../../../arm-none-eabi/lib/thumb/libg.a(lib_a-fputwc.o)
                0x00000000020264d0                fputwc
 .text.__sfvwrite_r
                0x00000000020264f8      0x340 /home/ulises/devkitPro/devkitARM/bin/../lib/gcc/arm-none-eabi/4.9.2/../../../../arm-none-eabi/lib/thumb/libg.a(lib_a-fvwrite.o)
                0x00000000020264f8                __sfvwrite_r
 .text._findenv_r
                0x0000000002026838       0x98 /home/ulises/devkitPro/devkitARM/bin/../lib/gcc/arm-none-eabi/4.9.2/../../../../arm-none-eabi/lib/thumb/libg.a(lib_a-getenv_r.o)
                0x0000000002026838                _findenv_r
 .text._getenv_r
                0x00000000020268d0       0x10 /home/ulises/devkitPro/devkitARM/bin/../lib/gcc/arm-none-eabi/4.9.2/../../../../arm-none-eabi/lib/thumb/libg.a(lib_a-getenv_r.o)
                0x00000000020268d0                _getenv_r
 .text.__gettzinfo
                0x00000000020268e0        0x8 /home/ulises/devkitPro/devkitARM/bin/../lib/gcc/arm-none-eabi/4.9.2/../../../../arm-none-eabi/lib/thumb/libg.a(lib_a-gettzinfo.o)
                0x00000000020268e0                __gettzinfo
 .text.gmtime_r
                0x00000000020268e8      0x188 /home/ulises/devkitPro/devkitARM/bin/../lib/gcc/arm-none-eabi/4.9.2/../../../../arm-none-eabi/lib/thumb/libg.a(lib_a-gmtime_r.o)
                0x00000000020268e8                gmtime_r
 .text.iswspace
                0x0000000002026a70       0x78 /home/ulises/devkitPro/devkitARM/bin/../lib/gcc/arm-none-eabi/4.9.2/../../../../arm-none-eabi/lib/thumb/libg.a(lib_a-iswspace.o)
                0x0000000002026a70                iswspace
 .text.__jp2uc  0x0000000002026ae8      0x184 /home/ulises/devkitPro/devkitARM/bin/../lib/gcc/arm-none-eabi/4.9.2/../../../../arm-none-eabi/lib/thumb/libg.a(lib_a-jp2uc.o)
 .text._jp2uc   0x0000000002026c6c       0x64 /home/ulises/devkitPro/devkitARM/bin/../lib/gcc/arm-none-eabi/4.9.2/../../../../arm-none-eabi/lib/thumb/libg.a(lib_a-jp2uc.o)
                0x0000000002026c6c                _jp2uc
 .text._mbsnrtowcs_r