Archive member included to satisfy reference by file (symbol)

/home/ulises/Escritorio/devkitpro/runner/nflib/lib/libnflib.a(nf_2d.o)
                              main.o (NF_Set2D)
/home/ulises/Escritorio/devkitpro/runner/nflib/lib/libnflib.a(nf_basic.o)
                              /home/ulises/Escritorio/devkitpro/runner/nflib/lib/libnflib.a(nf_2d.o) (NF_Error)
/home/ulises/Escritorio/devkitpro/runner/nflib/lib/libnflib.a(nf_colision.o)
                              main.o (NF_InitCmapBuffers)
/home/ulises/Escritorio/devkitpro/runner/nflib/lib/libnflib.a(nf_sprite256.o)
                              main.o (NF_InitSpriteBuffers)
/home/ulises/Escritorio/devkitpro/runner/nflib/lib/libnflib.a(nf_text.o)
                              main.o (NF_InitTextSys)
/home/ulises/Escritorio/devkitpro/runner/nflib/lib/libnflib.a(nf_tiledbg.o)
                              main.o (NF_InitTiledBgBuffers)
/home/ulises/devkitPro/libnds/lib/libfilesystem.a(nitrofs.o)
                              /home/ulises/Escritorio/devkitpro/runner/nflib/lib/libnflib.a(nf_basic.o) (nitroFSInit)
/home/ulises/devkitPro/libnds/lib/libfat.a(libfat.o)
                              /home/ulises/Escritorio/devkitpro/runner/nflib/lib/libnflib.a(nf_basic.o) (fatInitDefault)
/home/ulises/devkitPro/libnds/lib/libfat.a(partition.o)
                              /home/ulises/devkitPro/libnds/lib/libfat.a(libfat.o) (_FAT_partition_constructor)
/home/ulises/devkitPro/libnds/lib/libfat.a(lock.o)
                              /home/ulises/devkitPro/libnds/lib/libfat.a(partition.o) (_FAT_lock_init)
/home/ulises/devkitPro/libnds/lib/libfat.a(fatdir.o)
                              /home/ulises/devkitPro/libnds/lib/libfat.a(libfat.o) (_FAT_stat_r)
/home/ulises/devkitPro/libnds/lib/libfat.a(cache.o)
                              /home/ulises/devkitPro/libnds/lib/libfat.a(partition.o) (_FAT_cache_constructor)
/home/ulises/devkitPro/libnds/lib/libfat.a(fatfile.o)
                              /home/ulises/devkitPro/libnds/lib/libfat.a(libfat.o) (_FAT_open_r)
/home/ulises/devkitPro/libnds/lib/libfat.a(disc.o)
                              /home/ulises/devkitPro/libnds/lib/libfat.a(libfat.o) (_FAT_disc_interfaces)
/home/ulises/devkitPro/libnds/lib/libfat.a(file_allocation_table.o)
                              /home/ulises/devkitPro/libnds/lib/libfat.a(fatfile.o) (_FAT_fat_nextCluster)
/home/ulises/devkitPro/libnds/lib/libfat.a(filetime.o)
                              /home/ulises/devkitPro/libnds/lib/libfat.a(fatdir.o) (_FAT_filetime_getTimeFromRTC)
/home/ulises/devkitPro/libnds/lib/libfat.a(directory.o)
                              /home/ulises/devkitPro/libnds/lib/libfat.a(fatdir.o) (_FAT_directory_entryGetCluster)
/home/ulises/devkitPro/libnds/lib/libnds9.a(keys.o)
                              main.o (scanKeys)
/home/ulises/devkitPro/libnds/lib/libnds9.a(sprite.o)
                              /home/ulises/Escritorio/devkitpro/runner/nflib/lib/libnflib.a(nf_sprite256.o) (oamInit)
/home/ulises/devkitPro/libnds/lib/libnds9.a(trig.o)
                              /home/ulises/devkitPro/libnds/lib/libnds9.a(sprite.o) (sinLerp)
/home/ulises/devkitPro/libnds/lib/libnds9.a(console.o)
                              main.o (consoleDemoInit)
/home/ulises/devkitPro/libnds/lib/libnds9.a(sprite_alloc.o)
                              /home/ulises/devkitPro/libnds/lib/libnds9.a(sprite.o) (oamAllocReset)
/home/ulises/devkitPro/libnds/lib/libnds9.a(video.o)
                              /home/ulises/Escritorio/devkitpro/runner/nflib/lib/libnflib.a(nf_basic.o) (setBrightness)
/home/ulises/devkitPro/libnds/lib/libnds9.a(background.o)
                              /home/ulises/devkitPro/libnds/lib/libnds9.a(console.o) (bgState)
/home/ulises/devkitPro/libnds/lib/libnds9.a(dldi.o)
                              /home/ulises/devkitPro/libnds/lib/libfat.a(disc.o) (dldiGetInternal)
/home/ulises/devkitPro/libnds/lib/libnds9.a(dsi_sd.o)
                              /home/ulises/devkitPro/libnds/lib/libfat.a(disc.o) (__io_dsisd)
/home/ulises/devkitPro/libnds/lib/libnds9.a(initSystem.o)
                              /home/ulises/devkitPro/devkitARM/bin/../lib/gcc/arm-none-eabi/4.9.2/../../../../arm-none-eabi/lib/thumb/ds_arm9_crt0.o (initSystem)
/home/ulises/devkitPro/libnds/lib/libnds9.a(fifosystem.o)
                              /home/ulises/devkitPro/libnds/lib/libnds9.a(initSystem.o) (fifoSetValue32Handler)
/home/ulises/devkitPro/libnds/lib/libnds9.a(card.o)
                              /home/ulises/devkitPro/libnds/lib/libfilesystem.a(nitrofs.o) (cardParamCommand)
/home/ulises/devkitPro/libnds/lib/libnds9.a(libnds_exit.arm.o)
                              /home/ulises/devkitPro/devkitARM/bin/../lib/gcc/arm-none-eabi/4.9.2/../../../../arm-none-eabi/lib/thumb/ds_arm9_crt0.o (__libnds_exit)
/home/ulises/devkitPro/libnds/lib/libnds9.a(interrupts.o)
                              /home/ulises/devkitPro/libnds/lib/libnds9.a(fifosystem.o) (irqSet)
[...]
Memory Configuration

Name             Origin             Length             Attributes
rom              0x0000000008000000 0x0000000002000000
ewram            0x0000000002000000 0x00000000003ff000
dtcm             0x000000000b000000 0x0000000000004000
vectors          0x0000000001000000 0x0000000000000100
itcm             0x0000000001000100 0x0000000000007f00
*default*        0x0000000000000000 0xffffffffffffffff

Linker script and memory map

                0x0000000001000000                __vectors_start = ORIGIN (vectors)
                0x0000000001000100                __itcm_start = ORIGIN (itcm)
                0x00000000023ff000                __ewram_end = (ORIGIN (ewram) + 0x3ff000)
                0x00000000023ff000                __eheap_end = (ORIGIN (ewram) + 0x3ff000)
                0x000000000b000000                __dtcm_start = ORIGIN (dtcm)
                0x000000000b004000                __dtcm_top = (ORIGIN (dtcm) + 0x4000)
                0x000000000b003ff8                __irq_flags = (__dtcm_top - 0x8)
                0x000000000b003ffc                __irq_vector = (__dtcm_top - 0x4)
                0x000000000b003f00                __sp_svc = (__dtcm_top - 0x100)
                0x000000000b003e00                __sp_irq = (__sp_svc - 0x100)
                0x000000000b003d00                __sp_usr = (__sp_irq - 0x100)

.init           0x0000000002000000      0x23c
                0x0000000002000000                __text_start = .
 *(.init)
 .init          0x0000000002000000      0x230 /home/ulises/devkitPro/devkitARM/bin/../lib/gcc/arm-none-eabi/4.9.2/../../../../arm-none-eabi/lib/thumb/ds_arm9_crt0.o
                0x0000000002000000                _start
 .init          0x0000000002000230        0x4 /home/ulises/devkitPro/devkitARM/bin/../lib/gcc/arm-none-eabi/4.9.2/thumb/crti.o
                0x0000000002000230                _init
 .init          0x0000000002000234        0x8 /home/ulises/devkitPro/devkitARM/bin/../lib/gcc/arm-none-eabi/4.9.2/thumb/crtn.o
                0x000000000200023c                . = ALIGN (0x4)

.plt
 *(.plt)

.text           0x0000000002000240    0x28e70
 *(EXCLUDE_FILE(*.itcm*) .text)
 .text          0x0000000002000240        0x0 /home/ulises/devkitPro/devkitARM/bin/../lib/gcc/arm-none-eabi/4.9.2/../../../../arm-none-eabi/lib/thumb/ds_arm9_crt0.o
 .text          0x0000000002000240        0x0 /home/ulises/devkitPro/devkitARM/bin/../lib/gcc/arm-none-eabi/4.9.2/thumb/crti.o
 .text          0x0000000002000240       0xd4 /home/ulises/devkitPro/devkitARM/bin/../lib/gcc/arm-none-eabi/4.9.2/thumb/crtbegin.o
 .text          0x0000000002000314        0x0 main.o
 .text          0x0000000002000314      0x868 /home/ulises/Escritorio/devkitpro/runner/nflib/lib/libnflib.a(nf_2d.o)
                0x0000000002000314                NF_Set2D
                0x0000000002000378                NF_ShowBg
                0x00000000020003f4                NF_HideBg
                0x0000000002000498                NF_ScrollBg
                0x0000000002000808                NF_MoveSprite
                0x0000000002000828                NF_SpriteLayer
                0x0000000002000844                NF_ShowSprite
                0x0000000002000864                NF_HflipSprite
                0x0000000002000880                NF_GetSpriteHflip
                0x000000000200089c                NF_VflipSprite
                0x00000000020008b8                NF_GetSpriteVflip
                0x00000000020008d4                NF_SpriteFrame
                0x00000000020009a0                NF_EnableSpriteRotScale
                0x0000000002000a38                NF_DisableSpriteRotScale
                0x0000000002000aac                NF_SpriteRotScale
 .text          0x0000000002000b7c      0x474 /home/ulises/Escritorio/devkitpro/runner/nflib/lib/libnflib.a(nf_basic.o)
                0x0000000002000b7c                NF_Error
                0x0000000002000e04                NF_SetRootFolder
                0x0000000002000f5c                NF_DmaMemCopy
                0x0000000002000fe0                NF_GetLanguage
 .text          0x0000000002000ff0      0x484 /home/ulises/Escritorio/devkitpro/runner/nflib/lib/libnflib.a(nf_colision.o)
                0x0000000002000ff0                NF_InitCmapBuffers
                0x0000000002001020                NF_ResetCmapBuffers
                0x0000000002001064                NF_LoadColisionMap
                0x0000000002001150                NF_UnloadColisionMap
                0x0000000002001194                NF_GetTile
                0x00000000020011e4                NF_SetTile
                0x000000000200122c                NF_LoadColisionBg
                0x00000000020013a4                NF_UnloadColisionBg
                0x00000000020013f0                NF_GetPoint
 .text          0x0000000002001474     0x1358 /home/ulises/Escritorio/devkitpro/runner/nflib/lib/libnflib.a(nf_sprite256.o)
                0x0000000002001474                NF_InitSpriteBuffers
                0x00000000020014c0                NF_ResetSpriteBuffers
                0x00000000020014f4                NF_InitSpriteSys
                0x0000000002001700                NF_LoadSpriteGfx
                0x0000000002001818                NF_UnloadSpriteGfx
                0x0000000002001880                NF_LoadSpritePal
                0x0000000002001984                NF_UnloadSpritePal
                0x00000000020019d4                NF_VramSpriteGfx
                0x0000000002001d0c                NF_VramSpriteGfxDefrag
                0x0000000002001f28                NF_FreeSpriteGfx
                0x0000000002002030                NF_VramSpritePal
                0x00000000020020fc                NF_CreateSprite
                0x000000000200242c                NF_DeleteSprite
                0x00000000020024cc                NF_SpriteOamSet
                0x00000000020025bc                NF_SpriteSetPalColor
                0x0000000002002654                NF_SpriteEditPalColor
                0x00000000020026d0                NF_SpriteUpdatePalette
                0x0000000002002760                NF_SpriteGetPalColor
 .text          0x00000000020027cc      0x95c /home/ulises/Escritorio/devkitpro/runner/nflib/lib/libnflib.a(nf_text.o)
                0x00000000020027cc                NF_InitTextSys
                0x0000000002002800                NF_LoadTextFont
                0x0000000002002a58                NF_UnloadTextFont
                0x0000000002002a60                NF_CreateTextLayer
                0x0000000002002af4                NF_DeleteTextLayer
                0x0000000002002b4c                NF_WriteText
                0x0000000002002fac                NF_UpdateTextLayers
                0x0000000002003000                NF_ClearTextLayer
                0x0000000002003068                NF_DefineTextColor
                0x000000000200310c                NF_SetTextColor
 .text          0x0000000002003128     0x1a84 /home/ulises/Escritorio/devkitpro/runner/nflib/lib/libnflib.a(nf_tiledbg.o)
                0x0000000002003128                NF_InitTiledBgBuffers
                0x00000000020031e0                NF_ResetTiledBgBuffers
                0x0000000002003230                NF_InitTiledBgSys
                0x0000000002003364                NF_LoadTiledBg
                0x00000000020035e8                NF_LoadTilesForBg
                0x0000000002003868                NF_UnloadTiledBg
                0x0000000002003918                NF_DeleteTiledBg
                0x0000000002003ac0                NF_CreateTiledBg
                0x0000000002004180                NF_GetTileMapAdress
                0x000000000200423c                NF_GetTileOfMap
                0x0000000002004278                NF_SetTileOfMap
                0x00000000020042bc                NF_UpdateVramMap
                0x00000000020043dc                NF_BgSetPalColor
                0x000000000200448c                NF_BgEditPalColor
                0x0000000002004534                NF_BgUpdatePalette
                0x00000000020045f4                NF_BgGetPalColor
                0x000000000200468c                NF_GetTilePal
                0x00000000020046c0                NF_SetTilePal
                0x0000000002004704                NF_LoadExBgPal
                0x00000000020047e4                NF_UnloadExBgPal
                0x0000000002004830                NF_VramExBgPal
                0x00000000020048d8                NF_SetExBgPal
                0x0000000002004998                NF_SetTileHflip
                0x00000000020049d4                NF_SetTileVflip
                0x0000000002004a10                NF_RotateTileGfx
 .text          0x0000000002004bac      0xa10 /home/ulises/devkitPro/libnds/lib/libfilesystem.a(nitrofs.o)
                0x00000000020054ac                nitroFSInit
 .text          0x00000000020055bc      0x338 /home/ulises/devkitPro/libnds/lib/libfat.a(libfat.o)
                0x00000000020055bc                fatMount
                0x000000000200567c                fatMountSimple
                0x0000000002005690                fatUnmount
                0x00000000020056c8                fatInit
                0x000000000200580c                fatInitDefault
                0x0000000002005818                fatGetVolumeLabel
 .text          0x00000000020058f4      0x768 /home/ulises/devkitPro/libnds/lib/libfat.a(partition.o)
                0x0000000002005b00                FindFirstValidPartition_buf
                0x0000000002005c84                FindFirstValidPartition
                0x0000000002005cac                _FAT_partition_constructor_buf
                0x0000000002005f6c                _FAT_partition_constructor
                0x0000000002005fac                _FAT_partition_destructor
                0x0000000002005ff4                _FAT_partition_getPartitionFromPath
                0x0000000002006008                _FAT_partition_createFSinfo
                0x0000000002006020                _FAT_partition_readFSinfo
                0x0000000002006030                _FAT_partition_writeFSinfo
                0x0000000002006040                _FAT_getCwdClusterPtr
 .text          0x000000000200605c       0x10 /home/ulises/devkitPro/libnds/lib/libfat.a(lock.o)
                0x000000000200605c                _FAT_lock_init
                0x0000000002006060                _FAT_lock_deinit
                0x0000000002006064                _FAT_lock
                0x0000000002006068                _FAT_unlock
 .text          0x000000000200606c      0x91c /home/ulises/devkitPro/libnds/lib/libfat.a(fatdir.o)
                0x000000000200606c                _FAT_stat_r
                0x0000000002006108                _FAT_link_r
                0x0000000002006114                _FAT_unlink_r
                0x000000000200629c                _FAT_chdir_r
                0x000000000200630c                _FAT_rename_r
                0x00000000020064d8                _FAT_mkdir_r
                0x0000000002006750                _FAT_statvfs_r
                0x00000000020067d8                _FAT_diropen_r
                0x0000000002006898                _FAT_dirreset_r
                0x00000000020068e4                _FAT_dirnext_r
                0x0000000002006968                _FAT_dirclose_r
 .text          0x0000000002006988      0x528 /home/ulises/devkitPro/libnds/lib/libfat.a(cache.o)
                0x0000000002006ac4                _FAT_cache_constructor
                0x0000000002006b64                _FAT_cache_readSectors
                0x0000000002006bd0                _FAT_cache_readPartialSector
                0x0000000002006c10                _FAT_cache_readLittleEndianValue
                0x0000000002006c9c                _FAT_cache_writePartialSector
                0x0000000002006cbc                _FAT_cache_writeLittleEndianValue
                0x0000000002006d10                _FAT_cache_eraseWritePartialSector
                0x0000000002006d7c                _FAT_cache_writeSectors
                0x0000000002006df4                _FAT_cache_flush
                0x0000000002006e4c                _FAT_cache_destructor
                0x0000000002006e80                _FAT_cache_invalidate
 .text          0x0000000002006eb0     0x1424 /home/ulises/devkitPro/libnds/lib/libfat.a(fatfile.o)
                0x0000000002007200                _FAT_findEntry
                0x0000000002007240                FAT_getAttr
                0x0000000002007268                FAT_setAttr
                0x0000000002007318                _FAT_open_r
                0x000000000200763c                _FAT_syncToDisc
                0x000000000200765c                _FAT_close_r
                0x00000000020076d4                _FAT_read_r
                0x0000000002007a30                _FAT_write_r
                0x0000000002007f30                _FAT_seek_r
                0x0000000002008094                _FAT_fstat_r
                0x0000000002008128                _FAT_ftruncate_r
                0x000000000200828c                _FAT_fsync_r
 .text          0x00000000020082d4        0x8 /home/ulises/devkitPro/libnds/lib/libfat.a(disc.o)
 .text          0x00000000020082dc      0x4bc /home/ulises/devkitPro/libnds/lib/libfat.a(file_allocation_table.o)
                0x0000000002008428                _FAT_fat_nextCluster
                0x0000000002008544                _FAT_fat_linkFreeCluster
                0x00000000020085d8                _FAT_fat_linkFreeClusterCleared
                0x0000000002008648                _FAT_fat_clearLinks
                0x00000000020086ac                _FAT_fat_trimChain
                0x0000000002008738                _FAT_fat_lastCluster
                0x000000000200876c                _FAT_fat_freeClusterCount
 .text          0x0000000002008798       0xb8 /home/ulises/devkitPro/libnds/lib/libfat.a(filetime.o)
                0x0000000002008798                _FAT_filetime_getTimeFromRTC
                0x00000000020087d8                _FAT_filetime_getDateFromRTC
                0x0000000002008818                _FAT_filetime_to_time_t
 .text          0x0000000002008850     0x14c0 /home/ulises/devkitPro/libnds/lib/libfat.a(directory.o)
                0x0000000002008af4                _FAT_directory_entryGetCluster
                0x0000000002008b10                _FAT_directory_getNextEntry
                0x0000000002008d8c                _FAT_directory_getFirstEntry
                0x0000000002008dac                _FAT_directory_getRootEntry
                0x0000000002008e08                _FAT_directory_getVolumeLabel
                0x0000000002008ecc                _FAT_directory_entryFromPosition
                0x0000000002009014                _FAT_directory_entryFromPath
                0x0000000002009288                _FAT_directory_removeEntry
                0x0000000002009350                _FAT_directory_addEntry
                0x0000000002009bec                _FAT_directory_chdir
                0x0000000002009c38                _FAT_directory_entryStat
 .text          0x0000000002009d10       0xf4 /home/ulises/devkitPro/libnds/lib/libnds9.a(keys.o)
                0x0000000002009d10                scanKeys
                0x0000000002009d7c                keysHeld
                0x0000000002009d88                keysDown
                0x0000000002009d98                keysDownRepeat
                0x0000000002009da8                keysSetRepeat
                0x0000000002009dc0                keysUp
                0x0000000002009dd0                keysCurrent
 .text          0x0000000002009e04      0x3fc /home/ulises/devkitPro/libnds/lib/libnds9.a(sprite.o)
                0x0000000002009e04                oamInit
                0x0000000002009f20                oamDisable
                0x0000000002009f4c                oamEnable
                0x0000000002009f6c                oamGetGfxPtr
                0x0000000002009fa4                oamClear
                0x0000000002009fcc                oamGfxPtrToOffset
                0x0000000002009ffc                oamSet
                0x000000000200a150                oamUpdate
                0x000000000200a1b0                oamRotateScale
 .text          0x000000000200a200      0x244 /home/ulises/devkitPro/libnds/lib/libnds9.a(trig.o)
                0x000000000200a200                asinComp
                0x000000000200a224                sinLutLookup
                0x000000000200a25c                sinLerp
                0x000000000200a298                cosLerp
                0x000000000200a2ac                tanLutLookup
                0x000000000200a2e4                tanLerp
                0x000000000200a38c                asinLerp
                0x000000000200a408                acosLerp
                0x000000000200a41c                atanComp
 .text          0x000000000200a444      0xa54 /home/ulises/devkitPro/libnds/lib/libnds9.a(console.o)
                0x000000000200a4f0                nocash_write
                0x000000000200a500                consoleGetDefault
                0x000000000200a50c                consoleSelect
                0x000000000200a51c                consoleDebugInit
                0x000000000200a56c                consolePrintChar
                0x000000000200a750                consoleLoadFont
                0x000000000200a9dc                consoleSetFont
                0x000000000200a9fc                consoleInit
                0x000000000200ab64                consoleDemoInit
                0x000000000200aba8                con_write
                0x000000000200ae68                consoleClear
                0x000000000200ae78                consoleSetWindow
 .text          0x000000000200ae98      0x45c /home/ulises/devkitPro/libnds/lib/libnds9.a(sprite_alloc.o)
                0x000000000200aec8                oamAllocReset
                0x000000000200aee4                oamAllocateGfx
                0x000000000200b114                oamFreeGfx
                0x000000000200b2a4                oamCountFragments
 .text          0x000000000200b2f4      0x1f8 /home/ulises/devkitPro/libnds/lib/libnds9.a(video.o)
                0x000000000200b2f4                vramSetPrimaryBanks
                0x000000000200b338                vramSetMainBanks
                0x000000000200b37c                vramSetBanks_EFG
                0x000000000200b3b4                vramRestorePrimaryBanks
                0x000000000200b3c0                vramRestoreMainBanks
                0x000000000200b3cc                vramRestoreBanks_EFG
                0x000000000200b3d8                setBrightness
                0x000000000200b418                vramDefault
 .text          0x000000000200b4ec      0x350 /home/ulises/devkitPro/libnds/lib/libnds9.a(background.o)
                0x000000000200b4ec                bgIsText
                0x000000000200b4f8                checkIfText
                0x000000000200b550                bgUpdate
                0x000000000200b644                bgInit_call
                0x000000000200b734                bgInitSub_call
 .text          0x000000000200b83c      0x22c /home/ulises/devkitPro/libnds/lib/libnds9.a(dldi.o)
                0x000000000200b83c                dldiGetInternal
                0x000000000200b870                dldiIsValid
                0x000000000200b8a8                dldiFixDriverAddresses
                0x000000000200b980                dldiLoadFromFile
                0x000000000200ba5c                dldiFree
 .text          0x000000000200ba68      0x148 /home/ulises/devkitPro/libnds/lib/libnds9.a(dsi_sd.o)
                0x000000000200ba68                sdio_ClearStatus
                0x000000000200ba78                sdio_Shutdown
                0x000000000200ba88                sdio_Startup
                0x000000000200bad4                sdio_IsInserted
                0x000000000200bb08                sdio_ReadSectors
                0x000000000200bb5c                sdio_WriteSectors
 .text          0x000000000200bbb0      0x14c /home/ulises/devkitPro/libnds/lib/libnds9.a(initSystem.o)
                0x000000000200bbb0                initSystem
 .text          0x000000000200bcfc      0xcb8 /home/ulises/devkitPro/libnds/lib/libnds9.a(fifosystem.o)
                0x000000000200bfc0                fifoSetValue32Handler
                0x000000000200c034                fifoSendAddress
                0x000000000200c060                fifoSendValue32
                0x000000000200c09c                fifoSendDatamsg
                0x000000000200c110                fifoGetAddress
                0x000000000200c17c                fifoSetAddressHandler
                0x000000000200c1f0                fifoGetValue32
                0x000000000200c204                fifoGetDatamsg
                0x000000000200c6b8                fifoSetDatamsgHandler
                0x000000000200c74c                fifoCheckAddress
                0x000000000200c770                fifoCheckDatamsg
                0x000000000200c794                fifoCheckDatamsgLength
                0x000000000200c7c4                fifoCheckValue32
                0x000000000200c7e8                fifoInit
 .text          0x000000000200c9b4      0x23c /home/ulises/devkitPro/libnds/lib/libnds9.a(card.o)
                0x000000000200c9b4                cardWriteCommand
                0x000000000200c9d8                cardPolledTransfer
                0x000000000200ca28                cardStartTransfer
                0x000000000200ca84                cardWriteAndRead
                0x000000000200cac8                cardParamCommand
                0x000000000200caf8                cardReadID
                0x000000000200cb20                cardReset
                0x000000000200cb94                cardReadHeader
 .text          0x000000000200cbf0       0x5c /home/ulises/devkitPro/libnds/lib/libnds9.a(libnds_exit.arm.o)
                0x000000000200cbf0                systemErrorExit
                0x000000000200cbf4                __libnds_exit
 .text          0x000000000200cc4c      0x1ec /home/ulises/devkitPro/libnds/lib/libnds9.a(interrupts.o)
                0x000000000200cc4c                irqDummy
                0x000000000200cc50                irqSet
                0x000000000200ccbc                irqInit
                0x000000000200cd08                irqInitHandler
                0x000000000200cd38                irqEnable
                0x000000000200cd9c                irqDisable
                0x000000000200ce00                irqClear
 .text          0x000000000200ce38       0x88 /home/ulises/devkitPro/libnds/lib/libnds9.a(dcache.o)
                0x000000000200ce38                DC_FlushAll
                0x000000000200ce64                DC_FlushRange
                0x000000000200ce88                DC_InvalidateAll
                0x000000000200ce94                DC_InvalidateRange
 .text          0x000000000200cec0     0x8000 /home/ulises/devkitPro/libnds/lib/libnds9.a(dldi_stub.o)
                0x000000000200cec0                _io_dldi_stub
 .text          0x0000000002014ec0      0x1b4 /home/ulises/devkitPro/libnds/lib/libnds9.a(mpu_setup.o)
                0x0000000002014ec0                __libnds_mpu_setup
                0x0000000002015000                memCached
                0x0000000002015018                memUncached
 *fill*         0x0000000002015074        0xc ff
 .text          0x0000000002015080       0x30 /home/ulises/devkitPro/libnds/lib/libnds9.a(swiSoftReset.o)
                0x0000000002015080                swiSoftReset
 .text          0x00000000020150b0       0xa4 /home/ulises/devkitPro/libnds/lib/libnds9.a(debugprint.o)
                0x00000000020150b0                nocashWrite
                0x00000000020150b2                nocashMessage
 *fill*         0x0000000002015154        0xc ff
 .text          0x0000000002015160       0x70 /home/ulises/devkitPro/libnds/lib/libnds9.a(biosCalls.o)
                0x0000000002015160                swiDelay
                0x0000000002015164                swiIntrWait
                0x0000000002015168                swiWaitForVBlank
                0x000000000201516c                swiSleep
                0x0000000002015170                swiChangeSoundBias
                0x0000000002015174                swiDivide
                0x0000000002015178                swiRemainder
                0x000000000201517e                swiDivMod
                0x000000000201518a                swiCopy
                0x000000000201518e                swiFastCopy
                0x0000000002015192                swiSqrt
                0x0000000002015196                swiCRC16
                0x000000000201519a                swiIsDebugger
                0x000000000201519e                swiUnpackBits
                0x00000000020151a2                swiDecompressLZSSWram
                0x00000000020151a6                swiDecompressLZSSVramNTR
                0x00000000020151aa                swiDecompressLZSSVramTWL
                0x00000000020151ae                swiDecompressHuffman
                0x00000000020151b2                swiDecompressRLEWram
                0x00000000020151b6                swiDecompressRLEVram
                0x00000000020151ba                swiWaitForIRQ
                0x00000000020151be                swiDecodeDelta8
                0x00000000020151c2                swiDecodeDelta16
                0x00000000020151c6                swiSetHaltCR
 .text          0x00000000020151d0        0x0 /home/ulises/devkitPro/libnds/lib/libnds9.a(interruptDispatcher.o)
 .text          0x00000000020151d0        0x0 /home/ulises/devkitPro/libnds/lib/libnds9.a(default_font.bin.o)
 .text          0x00000000020151d0      0x134 /home/ulises/devkitPro/libnds/lib/libnds9.a(system.o)
                0x00000000020151d0                setSDcallback
                0x00000000020151dc                systemMsgHandler
                0x000000000201522c                systemSleep
                0x0000000002015244                systemValueHandler
                0x0000000002015280                powerOn
                0x00000000020152ac                powerOff
                0x00000000020152d4                ledBlink
                0x00000000020152e4                getBatteryLevel
 .text          0x0000000002015304       0x24 /home/ulises/devkitPro/libnds/lib/libnds9.a(timeSupport.o)
                0x0000000002015304                __libnds_gtod
 .text          0x0000000002015328      0x11c /home/ulises/devkitPro/devkitARM/bin/../lib/gcc/arm-none-eabi/4.9.2/thumb/libgcc.a(_udivsi3.o)
                0x0000000002015328                __udivsi3
                0x0000000002015328                __aeabi_uidiv
                0x0000000002015424                __aeabi_uidivmod
 .text          0x0000000002015444      0x150 /home/ulises/devkitPro/devkitARM/bin/../lib/gcc/arm-none-eabi/4.9.2/thumb/libgcc.a(_divsi3.o)
                0x0000000002015444                __aeabi_idiv
                0x0000000002015444                __divsi3
                0x0000000002015574                __aeabi_idivmod
 .text          0x0000000002015594        0x4 /home/ulises/devkitPro/devkitARM/bin/../lib/gcc/arm-none-eabi/4.9.2/thumb/libgcc.a(_dvmd_tls.o)
                0x0000000002015594                __aeabi_ldiv0
                0x0000000002015594                __aeabi_idiv0
 .text          0x0000000002015598       0x60 /home/ulises/devkitPro/devkitARM/bin/../lib/gcc/arm-none-eabi/4.9.2/thumb/libgcc.a(_muldi3.o)
                0x0000000002015598                __aeabi_lmul
                0x0000000002015598                __muldi3
 .text          0x00000000020155f8        0x0 /home/ulises/devkitPro/devkitARM/bin/../lib/gcc/arm-none-eabi/4.9.2/../../../../arm-none-eabi/lib/thumb/libg.a(lib_a-bsearch.o)
 .text          0x00000000020155f8        0x0 /home/ulises/devkitPro/devkitARM/bin/../lib/gcc/arm-none-eabi/4.9.2/../../../../arm-none-eabi/lib/thumb/libg.a(lib_a-calloc.o)
 .text          0x00000000020155f8        0x0 /home/ulises/devkitPro/devkitARM/bin/../lib/gcc/arm-none-eabi/4.9.2/../../../../arm-none-eabi/lib/thumb/libg.a(lib_a-callocr.o)
 .text          0x00000000020155f8        0x0 /home/ulises/devkitPro/devkitARM/bin/../lib/gcc/arm-none-eabi/4.9.2/../../../../arm-none-eabi/lib/thumb/libg.a(lib_a-ctype_.o)
 .text          0x00000000020155f8        0x0 /home/ulises/devkitPro/devkitARM/bin/../lib/gcc/arm-none-eabi/4.9.2/../../../../arm-none-eabi/lib/thumb/libg.a(lib_a-fclose.o)
 .text          0x00000000020155f8        0x0 /home/ulises/devkitPro/devkitARM/bin/../lib/gcc/arm-none-eabi/4.9.2/../../../../arm-none-eabi/lib/thumb/libg.a(lib_a-fflush.o)
 .text          0x00000000020155f8        0x0 /home/ulises/devkitPro/devkitARM/bin/../lib/gcc/arm-none-eabi/4.9.2/../../../../arm-none-eabi/lib/thumb/libg.a(lib_a-findfp.o)
 .text          0x00000000020155f8        0x0 /home/ulises/devkitPro/devkitARM/bin/../lib/gcc/arm-none-eabi/4.9.2/../../../../arm-none-eabi/lib/thumb/libg.a(lib_a-fopen.o)
 .text          0x00000000020155f8        0x0 /home/ulises/devkitPro/devkitARM/bin/../lib/gcc/arm-none-eabi/4.9.2/../../../../arm-none-eabi/lib/thumb/libg.a(lib_a-fread.o)
 .text          0x00000000020155f8        0x0 /home/ulises/devkitPro/devkitARM/bin/../lib/gcc/arm-none-eabi/4.9.2/../../../../arm-none-eabi/lib/thumb/libg.a(lib_a-freer.o)
 .text          0x00000000020155f8        0x0 /home/ulises/devkitPro/devkitARM/bin/../lib/gcc/arm-none-eabi/4.9.2/../../../../arm-none-eabi/lib/thumb/libg.a(lib_a-fseek.o)
 .text          0x00000000020155f8        0x0 /home/ulises/devkitPro/devkitARM/bin/../lib/gcc/arm-none-eabi/4.9.2/../../../../arm-none-eabi/lib/thumb/libg.a(lib_a-fseeko.o)
 .text          0x00000000020155f8        0x0 /home/ulises/devkitPro/devkitARM/bin/../lib/gcc/arm-none-eabi/4.9.2/../../../../arm-none-eabi/lib/thumb/libg.a(lib_a-ftell.o)
 .text          0x00000000020155f8        0x0 /home/ulises/devkitPro/devkitARM/bin/../lib/gcc/arm-none-eabi/4.9.2/../../../../arm-none-eabi/lib/thumb/libg.a(lib_a-ftello.o)
 .text          0x00000000020155f8        0x0 /home/ulises/devkitPro/devkitARM/bin/../lib/gcc/arm-none-eabi/4.9.2/../../../../arm-none-eabi/lib/thumb/libg.a(lib_a-fwalk.o)
 .text          0x00000000020155f8        0x0 /home/ulises/devkitPro/devkitARM/bin/../lib/gcc/arm-none-eabi/4.9.2/../../../../arm-none-eabi/lib/thumb/libg.a(lib_a-impure.o)
 .text          0x00000000020155f8        0x0 /home/ulises/devkitPro/devkitARM/bin/../lib/gcc/arm-none-eabi/4.9.2/../../../../arm-none-eabi/lib/thumb/libg.a(lib_a-init.o)
 .text          0x00000000020155f8        0x0 /home/ulises/devkitPro/devkitARM/bin/../lib/gcc/arm-none-eabi/4.9.2/../../../../arm-none-eabi/lib/thumb/libg.a(lib_a-iprintf.o)
 .text          0x00000000020155f8        0x0 /home/ulises/devkitPro/devkitARM/bin/../lib/gcc/arm-none-eabi/4.9.2/../../../../arm-none-eabi/lib/thumb/libg.a(lib_a-lcltime_r.o)
 .text          0x00000000020155f8        0x0 /home/ulises/devkitPro/devkitARM/bin/../lib/gcc/arm-none-eabi/4.9.2/../../../../arm-none-eabi/lib/thumb/libg.a(lib_a-locale.o)
 .text          0x00000000020155f8        0x0 /home/ulises/devkitPro/devkitARM/bin/../lib/gcc/arm-none-eabi/4.9.2/../../../../arm-none-eabi/lib/thumb/libg.a(lib_a-makebuf.o)
 .text          0x00000000020155f8        0x0 /home/ulises/devkitPro/devkitARM/bin/../lib/gcc/arm-none-eabi/4.9.2/../../../../arm-none-eabi/lib/thumb/libg.a(lib_a-malloc.o)
 .text          0x00000000020155f8        0x0 /home/ulises/devkitPro/devkitARM/bin/../lib/gcc/arm-none-eabi/4.9.2/../../../../arm-none-eabi/lib/thumb/libg.a(lib_a-mallocr.o)
 .text          0x00000000020155f8        0x0 /home/ulises/devkitPro/devkitARM/bin/../lib/gcc/arm-none-eabi/4.9.2/../../../../arm-none-eabi/lib/thumb/libg.a(lib_a-mbrtowc.o)
 .text          0x00000000020155f8        0x0 /home/ulises/devkitPro/devkitARM/bin/../lib/gcc/arm-none-eabi/4.9.2/../../../../arm-none-eabi/lib/thumb/libg.a(lib_a-mbsrtowcs.o)
 .text          0x00000000020155f8        0x0 /home/ulises/devkitPro/devkitARM/bin/../lib/gcc/arm-none-eabi/4.9.2/../../../../arm-none-eabi/lib/thumb/libg.a(lib_a-mbtowc_r.o)
 .text          0x00000000020155f8        0x0 /home/ulises/devkitPro/devkitARM/bin/../lib/gcc/arm-none-eabi/4.9.2/../../../../arm-none-eabi/lib/thumb/libg.a(lib_a-memcmp.o)
 .text          0x00000000020155f8        0x0 /home/ulises/devkitPro/devkitARM/bin/../lib/gcc/arm-none-eabi/4.9.2/../../../../arm-none-eabi/lib/thumb/libg.a(lib_a-memcpy.o)
 .text          0x00000000020155f8        0x0 /home/ulises/devkitPro/devkitARM/bin/../lib/gcc/arm-none-eabi/4.9.2/../../../../arm-none-eabi/lib/thumb/libg.a(lib_a-memmove.o)
 .text          0x00000000020155f8        0x0 /home/ulises/devkitPro/devkitARM/bin/../lib/gcc/arm-none-eabi/4.9.2/../../../../arm-none-eabi/lib/thumb/libg.a(lib_a-memset.o)
 .text          0x00000000020155f8        0x0 /home/ulises/devkitPro/devkitARM/bin/../lib/gcc/arm-none-eabi/4.9.2/../../../../arm-none-eabi/lib/thumb/libg.a(lib_a-mktime.o)
 .text          0x00000000020155f8        0x0 /home/ulises/devkitPro/devkitARM/bin/../lib/gcc/arm-none-eabi/4.9.2/../../../../arm-none-eabi/lib/thumb/libg.a(lib_a-mlock.o)
 .text          0x00000000020155f8        0x0 /home/ulises/devkitPro/devkitARM/bin/../lib/gcc/arm-none-eabi/4.9.2/../../../../arm-none-eabi/lib/thumb/libg.a(lib_a-month_lengths.o)
 .text          0x00000000020155f8        0x0 /home/ulises/devkitPro/devkitARM/bin/../lib/gcc/arm-none-eabi/4.9.2/../../../../arm-none-eabi/lib/thumb/libg.a(lib_a-realloc.o)
 .text          0x00000000020155f8        0x0 /home/ulises/devkitPro/devkitARM/bin/../lib/gcc/arm-none-eabi/4.9.2/../../../../arm-none-eabi/lib/thumb/libg.a(lib_a-reallocr.o)
 .text          0x00000000020155f8        0x0 /home/ulises/devkitPro/devkitARM/bin/../lib/gcc/arm-none-eabi/4.9.2/../../../../arm-none-eabi/lib/thumb/libg.a(lib_a-refill.o)
 .text          0x00000000020155f8        0x0 /home/ulises/devkitPro/devkitARM/bin/../lib/gcc/arm-none-eabi/4.9.2/../../../../arm-none-eabi/lib/thumb/libg.a(lib_a-rewind.o)
 .text          0x00000000020155f8        0x0 /home/ulises/devkitPro/devkitARM/bin/../lib/gcc/arm-none-eabi/4.9.2/../../../../arm-none-eabi/lib/thumb/libg.a(lib_a-setvbuf.o)
 .text          0x00000000020155f8        0x0 /home/ulises/devkitPro/devkitARM/bin/../lib/gcc/arm-none-eabi/4.9.2/../../../../arm-none-eabi/lib/thumb/libg.a(lib_a-siscanf.o)
 .text          0x00000000020155f8        0x0 /home/ulises/devkitPro/devkitARM/bin/../lib/gcc/arm-none-eabi/4.9.2/../../../../arm-none-eabi/lib/thumb/libg.a(lib_a-sprintf.o)
 .text          0x00000000020155f8        0x0 /home/ulises/devkitPro/devkitARM/bin/../lib/gcc/arm-none-eabi/4.9.2/../../../../arm-none-eabi/lib/thumb/libg.a(lib_a-stdio.o)
 .text          0x00000000020155f8        0x0 /home/ulises/devkitPro/devkitARM/bin/../lib/gcc/arm-none-eabi/4.9.2/../../../../arm-none-eabi/lib/thumb/libg.a(lib_a-stpcpy.o)
 .text          0x00000000020155f8        0x0 /home/ulises/devkitPro/devkitARM/bin/../lib/gcc/arm-none-eabi/4.9.2/../../../../arm-none-eabi/lib/thumb/libg.a(lib_a-strcasecmp.o)
 .text          0x00000000020155f8        0x0 /home/ulises/devkitPro/devkitARM/bin/../lib/gcc/arm-none-eabi/4.9.2/../../../../arm-none-eabi/lib/thumb/libg.a(lib_a-strcat.o)
 .text          0x00000000020155f8        0x0 /home/ulises/devkitPro/devkitARM/bin/../lib/gcc/arm-none-eabi/4.9.2/../../../../arm-none-eabi/lib/thumb/libg.a(lib_a-strchr.o)
 .text          0x00000000020155f8      0x224 /home/ulises/devkitPro/devkitARM/bin/../lib/gcc/arm-none-eabi/4.9.2/../../../../arm-none-eabi/lib/thumb/libg.a(lib_a-strcmp.o)
                0x00000000020155f8                strcmp
 .text          0x000000000201581c        0x0 /home/ulises/devkitPro/devkitARM/bin/../lib/gcc/arm-none-eabi/4.9.2/../../../../arm-none-eabi/lib/thumb/libg.a(lib_a-strcpy.o)
 .text          0x000000000201581c        0x0 /home/ulises/devkitPro/devkitARM/bin/../lib/gcc/arm-none-eabi/4.9.2/../../../../arm-none-eabi/lib/thumb/libg.a(lib_a-strdup.o)
 .text          0x000000000201581c        0x0 /home/ulises/devkitPro/devkitARM/bin/../lib/gcc/arm-none-eabi/4.9.2/../../../../arm-none-eabi/lib/thumb/libg.a(lib_a-strdup_r.o)
 .text          0x000000000201581c        0x0 /home/ulises/devkitPro/devkitARM/bin/../lib/gcc/arm-none-eabi/4.9.2/../../../../arm-none-eabi/lib/thumb/libg.a(lib_a-strlcpy.o)
 .text          0x000000000201581c        0x0 /home/ulises/devkitPro/devkitARM/bin/../lib/gcc/arm-none-eabi/4.9.2/../../../../arm-none-eabi/lib/thumb/libg.a(lib_a-strlen.o)
 .text          0x000000000201581c        0x0 /home/ulises/devkitPro/devkitARM/bin/../lib/gcc/arm-none-eabi/4.9.2/../../../../arm-none-eabi/lib/thumb/libg.a(lib_a-strncasecmp.o)
 .text          0x000000000201581c        0x0 /home/ulises/devkitPro/devkitARM/bin/../lib/gcc/arm-none-eabi/4.9.2/../../../../arm-none-eabi/lib/thumb/libg.a(lib_a-strncmp.o)
 .text          0x000000000201581c        0x0 /home/ulises/devkitPro/devkitARM/bin/../lib/gcc/arm-none-eabi/4.9.2/../../../../arm-none-eabi/lib/thumb/libg.a(lib_a-strncpy.o)
 .text          0x000000000201581c        0x0 /home/ulises/devkitPro/devkitARM/bin/../lib/gcc/arm-none-eabi/4.9.2/../../../../arm-none-eabi/lib/thumb/libg.a(lib_a-strnlen.o)
 .text          0x000000000201581c        0x0 /home/ulises/devkitPro/devkitARM/bin/../lib/gcc/arm-none-eabi/4.9.2/../../../../arm-none-eabi/lib/thumb/libg.a(lib_a-strpbrk.o)
 .text          0x000000000201581c        0x0 /home/ulises/devkitPro/devkitARM/bin/../lib/gcc/arm-none-eabi/4.9.2/../../../../arm-none-eabi/lib/thumb/libg.a(lib_a-strrchr.o)
 .text          0x000000000201581c        0x0 /home/ulises/devkitPro/devkitARM/bin/../lib/gcc/arm-none-eabi/4.9.2/../../../../arm-none-eabi/lib/thumb/libg.a(lib_a-strtol.o)
 .text          0x000000000201581c        0x0 /home/ulises/devkitPro/devkitARM/bin/../lib/gcc/arm-none-eabi/4.9.2/../../../../arm-none-eabi/lib/thumb/libg.a(lib_a-svfiscanf.o)
 .text          0x000000000201581c        0x0 /home/ulises/devkitPro/devkitARM/bin/../lib/gcc/arm-none-eabi/4.9.2/../../../../arm-none-eabi/lib/thumb/libg.a(lib_a-svfprintf.o)
 .text          0x000000000201581c        0x0 /home/ulises/devkitPro/devkitARM/bin/../lib/gcc/arm-none-eabi/4.9.2/../../../../arm-none-eabi/lib/thumb/libg.a(lib_a-sysclose.o)
 .text          0x000000000201581c        0x0 /home/ulises/devkitPro/devkitARM/bin/../lib/gcc/arm-none-eabi/4.9.2/../../../../arm-none-eabi/lib/thumb/libg.a(lib_a-syslseek.o)
 .text          0x000000000201581c        0x0 /home/ulises/devkitPro/devkitARM/bin/../lib/gcc/arm-none-eabi/4.9.2/../../../../arm-none-eabi/lib/thumb/libg.a(lib_a-sysopen.o)
 .text          0x000000000201581c        0x0 /home/ulises/devkitPro/devkitARM/bin/../lib/gcc/arm-none-eabi/4.9.2/../../../../arm-none-eabi/lib/thumb/libg.a(lib_a-sysread.o)
 .text          0x000000000201581c        0x0 /home/ulises/devkitPro/devkitARM/bin/../lib/gcc/arm-none-eabi/4.9.2/../../../../arm-none-eabi/lib/thumb/libg.a(lib_a-time.o)
 .text          0x000000000201581c        0x0 /home/ulises/devkitPro/devkitARM/bin/../lib/gcc/arm-none-eabi/4.9.2/../../../../arm-none-eabi/lib/thumb/libg.a(lib_a-towlower.o)
 .text          0x000000000201581c        0x0 /home/ulises/devkitPro/devkitARM/bin/../lib/gcc/arm-none-eabi/4.9.2/../../../../arm-none-eabi/lib/thumb/libg.a(lib_a-towupper.o)
 .text          0x000000000201581c        0x0 /home/ulises/devkitPro/devkitARM/bin/../lib/gcc/arm-none-eabi/4.9.2/../../../../arm-none-eabi/lib/thumb/libg.a(lib_a-tzcalc_limits.o)
 .text          0x000000000201581c        0x0 /home/ulises/devkitPro/devkitARM/bin/../lib/gcc/arm-none-eabi/4.9.2/../../../../arm-none-eabi/lib/thumb/libg.a(lib_a-tzlock.o)
 .text          0x000000000201581c        0x0 /home/ulises/devkitPro/devkitARM/bin/../lib/gcc/arm-none-eabi/4.9.2/../../../../arm-none-eabi/lib/thumb/libg.a(lib_a-tzvars.o)
 .text          0x000000000201581c        0x0 /home/ulises/devkitPro/devkitARM/bin/../lib/gcc/arm-none-eabi/4.9.2/../../../../arm-none-eabi/lib/thumb/libg.a(lib_a-ungetc.o)
 .text          0x000000000201581c        0x0 /home/ulises/devkitPro/devkitARM/bin/../lib/gcc/arm-none-eabi/4.9.2/../../../../arm-none-eabi/lib/thumb/libg.a(lib_a-vfiprintf.o)
 .text          0x000000000201581c        0x0 /home/ulises/devkitPro/devkitARM/bin/../lib/gcc/arm-none-eabi/4.9.2/../../../../arm-none-eabi/lib/thumb/libg.a(lib_a-wcrtomb.o)
 .text          0x000000000201581c        0x0 /home/ulises/devkitPro/devkitARM/bin/../lib/gcc/arm-none-eabi/4.9.2/../../../../arm-none-eabi/lib/thumb/libg.a(lib_a-wcsrtombs.o)
 .text          0x000000000201581c        0x0 /home/ulises/devkitPro/devkitARM/bin/../lib/gcc/arm-none-eabi/4.9.2/../../../../arm-none-eabi/lib/thumb/libg.a(lib_a-wctob.o)
 .text          0x000000000201581c        0x0 /home/ulises/devkitPro/devkitARM/bin/../lib/gcc/arm-none-eabi/4.9.2/../../../../arm-none-eabi/lib/thumb/libg.a(lib_a-wctomb_r.o)
 .text          0x000000000201581c        0x0 /home/ulises/devkitPro/devkitARM/bin/../lib/gcc/arm-none-eabi/4.9.2/../../../../arm-none-eabi/lib/thumb/libg.a(lib_a-wsetup.o)
 .text          0x000000000201581c        0x0 /home/ulises/devkitPro/devkitARM/bin/../lib/gcc/arm-none-eabi/4.9.2/../../../../arm-none-eabi/lib/thumb/libg.a(lib_a-div.o)
 .text          0x000000000201581c        0x0 /home/ulises/devkitPro/devkitARM/bin/../lib/gcc/arm-none-eabi/4.9.2/../../../../arm-none-eabi/lib/thumb/libg.a(lib_a-dtoa.o)
 .text          0x000000000201581c        0x0 /home/ulises/devkitPro/devkitARM/bin/../lib/gcc/arm-none-eabi/4.9.2/../../../../arm-none-eabi/lib/thumb/libg.a(lib_a-flags.o)
 .text          0x000000000201581c        0x0 /home/ulises/devkitPro/devkitARM/bin/../lib/gcc/arm-none-eabi/4.9.2/../../../../arm-none-eabi/lib/thumb/libg.a(lib_a-fputwc.o)
 .text          0x000000000201581c        0x0 /home/ulises/devkitPro/devkitARM/bin/../lib/gcc/arm-none-eabi/4.9.2/../../../../arm-none-eabi/lib/thumb/libg.a(lib_a-fvwrite.o)
 .text          0x000000000201581c        0x0 /home/ulises/devkitPro/devkitARM/bin/../lib/gcc/arm-none-eabi/4.9.2/../../../../arm-none-eabi/lib/thumb/libg.a(lib_a-getenv_r.o)
 .text          0x000000000201581c        0x0 /home/ulises/devkitPro/devkitARM/bin/../lib/gcc/arm-none-eabi/4.9.2/../../../../arm-none-eabi/lib/thumb/libg.a(lib_a-gettzinfo.o)
 .text          0x000000000201581c        0x0 /home/ulises/devkitPro/devkitARM/bin/../lib/gcc/arm-none-eabi/4.9.2/../../../../arm-none-eabi/lib/thumb/libg.a(lib_a-gmtime_r.o)
 .text          0x000000000201581c        0x0 /home/ulises/devkitPro/devkitARM/bin/../lib/gcc/arm-none-eabi/4.9.2/../../../../arm-none-eabi/lib/thumb/libg.a(lib_a-iswspace.o)
 .text          0x000000000201581c        0x0 /home/ulises/devkitPro/devkitARM/bin/../lib/gcc/arm-none-eabi/4.9.2/../../../../arm-none-eabi/lib/thumb/libg.a(lib_a-jp2uc.o)
 .text          0x000000000201581c        0x0 /home/ulises/devkitPro/devkitARM/bin/../lib/gcc/arm-none-eabi/4.9.2/../../../../arm-none-eabi/lib/thumb/libg.a(lib_a-mbsnrtowcs.o)
 .text          0x000000000201581c        0x0 /home/ulises/devkitPro/devkitARM/bin/../lib/gcc/arm-none-eabi/4.9.2/../../../../arm-none-eabi/lib/thumb/libg.a(lib_a-memchr.o)
 .text          0x000000000201581c        0x0 /home/ulises/devkitPro/devkitARM/bin/../lib/gcc/arm-none-eabi/4.9.2/../../../../arm-none-eabi/lib/thumb/libg.a(lib_a-mprec.o)
 .text          0x000000000201581c        0x0 /home/ulises/devkitPro/devkitARM/bin/../lib/gcc/arm-none-eabi/4.9.2/../../../../arm-none-eabi/lib/thumb/libg.a(lib_a-sccl.o)
 .text          0x000000000201581c        0x0 /home/ulises/devkitPro/devkitARM/bin/../lib/gcc/arm-none-eabi/4.9.2/../../../../arm-none-eabi/lib/thumb/libg.a(lib_a-s_fpclassify.o)
 .text          0x000000000201581c        0x0 /home/ulises/devkitPro/devkitARM/bin/../lib/gcc/arm-none-eabi/4.9.2/../../../../arm-none-eabi/lib/thumb/libg.a(lib_a-s_frexp.o)
 .text          0x000000000201581c        0x0 /home/ulises/devkitPro/devkitARM/bin/../lib/gcc/arm-none-eabi/4.9.2/../../../../arm-none-eabi/lib/thumb/libg.a(lib_a-strtoll_r.o)
 .text          0x000000000201581c        0x0 /home/ulises/devkitPro/devkitARM/bin/../lib/gcc/arm-none-eabi/4.9.2/../../../../arm-none-eabi/lib/thumb/libg.a(lib_a-strtoull_r.o)
 .text          0x000000000201581c        0x0 /home/ulises/devkitPro/devkitARM/bin/../lib/gcc/arm-none-eabi/4.9.2/../../../../arm-none-eabi/lib/thumb/libg.a(lib_a-strtoul.o)
 .text          0x000000000201581c        0x0 /home/ulises/devkitPro/devkitARM/bin/../lib/gcc/arm-none-eabi/4.9.2/../../../../arm-none-eabi/lib/thumb/libg.a(lib_a-svfiprintf.o)
 .text          0x000000000201581c        0x0 /home/ulises/devkitPro/devkitARM/bin/../lib/gcc/arm-none-eabi/4.9.2/../../../../arm-none-eabi/lib/thumb/libg.a(lib_a-wbuf.o)
 .text          0x000000000201581c        0x0 /home/ulises/devkitPro/devkitARM/bin/../lib/gcc/arm-none-eabi/4.9.2/../../../../arm-none-eabi/lib/thumb/libg.a(lib_a-wcsnrtombs.o)
 .text          0x000000000201581c        0x0 /home/ulises/devkitPro/devkitARM/bin/../lib/gcc/arm-none-eabi/4.9.2/../../../../arm-none-eabi/lib/thumb/libg.a(lib_a-environ.o)
 .text          0x000000000201581c        0x0 /home/ulises/devkitPro/devkitARM/bin/../lib/gcc/arm-none-eabi/4.9.2/../../../../arm-none-eabi/lib/thumb/libg.a(lib_a-envlock.o)
 .text          0x000000000201581c      0x140 /home/ulises/devkitPro/devkitARM/bin/../lib/gcc/arm-none-eabi/4.9.2/../../../../arm-none-eabi/lib/thumb/libsysbase.a(iosupport.o)
                0x000000000201581c                setDefaultDevice
                0x000000000201582c                FindDevice
                0x000000000201589c                RemoveDevice
                0x00000000020158c0                AddDevice
                0x000000000201593c                GetDeviceOpTab
 .text          0x000000000201595c       0x54 /home/ulises/devkitPro/devkitARM/bin/../lib/gcc/arm-none-eabi/4.9.2/../../../../arm-none-eabi/lib/thumb/libsysbase.a(close.o)
                0x000000000201595c                _close_r
 .text          0x00000000020159b0       0x44 /home/ulises/devkitPro/devkitARM/bin/../lib/gcc/arm-none-eabi/4.9.2/../../../../arm-none-eabi/lib/thumb/libsysbase.a(fstat.o)
                0x00000000020159b0                _fstat_r
 .text          0x00000000020159f4       0x28 /home/ulises/devkitPro/devkitARM/bin/../lib/gcc/arm-none-eabi/4.9.2/../../../../arm-none-eabi/lib/thumb/libsysbase.a(gettod.o)
                0x00000000020159f4                _gettimeofday_r
 .text          0x0000000002015a1c        0x4 /home/ulises/devkitPro/devkitARM/bin/../lib/gcc/arm-none-eabi/4.9.2/../../../../arm-none-eabi/lib/thumb/libsysbase.a(isatty.o)
                0x0000000002015a1c                _isatty_r
 .text          0x0000000002015a20       0x48 /home/ulises/devkitPro/devkitARM/bin/../lib/gcc/arm-none-eabi/4.9.2/../../../../arm-none-eabi/lib/thumb/libsysbase.a(lseek.o)
                0x0000000002015a20                _lseek_r
 .text          0x0000000002015a68       0xa0 /home/ulises/devkitPro/devkitARM/bin/../lib/gcc/arm-none-eabi/4.9.2/../../../../arm-none-eabi/lib/thumb/libsysbase.a(open.o)
                0x0000000002015a68                _open_r
 .text          0x0000000002015b08       0x48 /home/ulises/devkitPro/devkitARM/bin/../lib/gcc/arm-none-eabi/4.9.2/../../../../arm-none-eabi/lib/thumb/libsysbase.a(read.o)
                0x0000000002015b08                _read_r
 .text          0x0000000002015b50       0x54 /home/ulises/devkitPro/devkitARM/bin/../lib/gcc/arm-none-eabi/4.9.2/../../../../arm-none-eabi/lib/thumb/libsysbase.a(sbrk.o)
                0x0000000002015b50                _sbrk_r
 .text          0x0000000002015ba4       0x48 /home/ulises/devkitPro/devkitARM/bin/../lib/gcc/arm-none-eabi/4.9.2/../../../../arm-none-eabi/lib/thumb/libsysbase.a(write.o)
                0x0000000002015ba4                _write_r
 .text          0x0000000002015bec        0x0 /home/ulises/devkitPro/devkitARM/bin/../lib/gcc/arm-none-eabi/4.9.2/../../../../arm-none-eabi/lib/thumb/libsysbase.a(malloc_vars.o)
 .text          0x0000000002015bec      0x280 /home/ulises/devkitPro/devkitARM/bin/../lib/gcc/arm-none-eabi/4.9.2/../../../../arm-none-eabi/lib/thumb/libsysbase.a(chdir.o)
                0x0000000002015bec                _concatenate_path
                0x0000000002015d28                chdir
                0x0000000002015e08                getcwd
 .text          0x0000000002015e6c       0x50 /home/ulises/devkitPro/devkitARM/bin/../lib/gcc/arm-none-eabi/4.9.2/../../../../arm-none-eabi/lib/thumb/libsysbase.a(build_argv.o)
                0x0000000002015e6c                build_argv
 .text          0x0000000002015ebc        0x8 /home/ulises/devkitPro/devkitARM/bin/../lib/gcc/arm-none-eabi/4.9.2/../../../../arm-none-eabi/lib/thumb/libsysbase.a(flock.o)
                0x0000000002015ebc                __flockfile
                0x0000000002015ec0                __funlockfile
 .text          0x0000000002015ec4      0x104 /home/ulises/devkitPro/devkitARM/bin/../lib/gcc/arm-none-eabi/4.9.2/../../../../arm-none-eabi/lib/thumb/libsysbase.a(syscall_support.o)
                0x0000000002015ec4                __libc_lock_init
                0x0000000002015edc                __libc_lock_acquire
                0x0000000002015ef4                __libc_lock_try_acquire
                0x0000000002015f14                __libc_lock_release
                0x0000000002015f2c                __libc_lock_close
                0x0000000002015f44                __libc_lock_init_recursive
                0x0000000002015f5c                __libc_lock_acquire_recursive
                0x0000000002015f74                __libc_lock_try_acquire_recursive
                0x0000000002015f94                __libc_lock_release_recursive
                0x0000000002015fac                __libc_lock_close_recursive
 .text          0x0000000002015fc8      0x1a4 /home/ulises/devkitPro/devkitARM/bin/../lib/gcc/arm-none-eabi/4.9.2/../../../../arm-none-eabi/lib/thumb/libsysbase.a(handle_manager.o)
                0x0000000002015fc8                __free_handle
                0x0000000002015ffc                __release_handle
                0x0000000002016024                __alloc_handle
                0x0000000002016068                __get_handle
                0x0000000002016084                dup
                0x00000000020160dc                dup2
 .text          0x000000000201616c       0x28 /home/ulises/devkitPro/devkitARM/bin/../lib/gcc/arm-none-eabi/4.9.2/../../../../arm-none-eabi/lib/thumb/libsysbase.a(getreent.o)
                0x000000000201616c                __getreent
 .text          0x0000000002016194      0x41c /home/ulises/devkitPro/devkitARM/bin/../lib/gcc/arm-none-eabi/4.9.2/thumb/libgcc.a(_arm_addsubdf3.o)
                0x0000000002016194                __aeabi_drsub
                0x000000000201619c                __aeabi_dsub
                0x000000000201619c                __subdf3
                0x00000000020161a0                __adddf3
                0x00000000020161a0                __aeabi_dadd
                0x00000000020164b0                __aeabi_ui2d
                0x00000000020164b0                __floatunsidf
                0x00000000020164d4                __floatsidf
                0x00000000020164d4                __aeabi_i2d
                0x00000000020164fc                __extendsfdf2
                0x00000000020164fc                __aeabi_f2d
                0x000000000201653c                __aeabi_ul2d
                0x000000000201653c                __floatundidf
                0x0000000002016550                __floatdidf
                0x0000000002016550                __aeabi_l2d
 .text          0x00000000020165b0      0x49c /home/ulises/devkitPro/devkitARM/bin/../lib/gcc/arm-none-eabi/4.9.2/thumb/libgcc.a(_arm_muldivdf3.o)
                0x00000000020165b0                __aeabi_dmul
                0x00000000020165b0                __muldf3
                0x0000000002016840                __aeabi_ddiv
                0x0000000002016840                __divdf3
 .text          0x0000000002016a4c      0x144 /home/ulises/devkitPro/devkitARM/bin/../lib/gcc/arm-none-eabi/4.9.2/thumb/libgcc.a(_arm_cmpdf2.o)
                0x0000000002016a4c                __gtdf2
                0x0000000002016a4c                __gedf2
                0x0000000002016a54                __ltdf2
                0x0000000002016a54                __ledf2
                0x0000000002016a5c                __cmpdf2
                0x0000000002016a5c                __eqdf2
                0x0000000002016a5c                __nedf2
                0x0000000002016ae4                __aeabi_cdrcmple
                0x0000000002016b00                __aeabi_cdcmple
                0x0000000002016b00                __aeabi_cdcmpeq
                0x0000000002016b18                __aeabi_dcmpeq
                0x0000000002016b30                __aeabi_dcmplt
                0x0000000002016b48                __aeabi_dcmple
                0x0000000002016b60                __aeabi_dcmpge
                0x0000000002016b78                __aeabi_dcmpgt
 .text          0x0000000002016b90       0x5c /home/ulises/devkitPro/devkitARM/bin/../lib/gcc/arm-none-eabi/4.9.2/thumb/libgcc.a(_arm_fixdfsi.o)
                0x0000000002016b90                __fixdfsi
                0x0000000002016b90                __aeabi_d2iz
 .text          0x0000000002016bec       0x3c /home/ulises/devkitPro/devkitARM/bin/../lib/gcc/arm-none-eabi/4.9.2/thumb/libgcc.a(_aeabi_uldivmod.o)
                0x0000000002016bec                __aeabi_uldivmod
 .text          0x0000000002016c28       0x74 /home/ulises/devkitPro/devkitARM/bin/../lib/gcc/arm-none-eabi/4.9.2/thumb/libgcc.a(bpabi.o)
                0x0000000002016c28                __gnu_ldivmod_helper
                0x0000000002016c64                __gnu_uldivmod_helper
 .text          0x0000000002016c9c      0x1f4 /home/ulises/devkitPro/devkitARM/bin/../lib/gcc/arm-none-eabi/4.9.2/thumb/libgcc.a(_divdi3.o)
                0x0000000002016c9c                __divdi3
 .text          0x0000000002016e90      0x15c /home/ulises/devkitPro/devkitARM/bin/../lib/gcc/arm-none-eabi/4.9.2/thumb/libgcc.a(_udivdi3.o)
                0x0000000002016e90                __udivdi3
 .text          0x0000000002016fec       0x28 /home/ulises/devkitPro/devkitARM/bin/../lib/gcc/arm-none-eabi/4.9.2/thumb/libgcc.a(_clzdi2.o)
                0x0000000002016fec                __clzdi2
 .text          0x0000000002017014       0x48 /home/ulises/devkitPro/devkitARM/bin/../lib/gcc/arm-none-eabi/4.9.2/thumb/libgcc.a(_clzsi2.o)
                0x0000000002017014                __clzsi2
 .text          0x000000000201705c        0x0 /home/ulises/devkitPro/devkitARM/bin/../lib/gcc/arm-none-eabi/4.9.2/../../../../arm-none-eabi/lib/thumb/libg.a(lib_a-errno.o)
 .text          0x000000000201705c        0x0 /home/ulises/devkitPro/devkitARM/bin/../lib/gcc/arm-none-eabi/4.9.2/thumb/crtend.o
 .text          0x000000000201705c        0x0 /home/ulises/devkitPro/devkitARM/bin/../lib/gcc/arm-none-eabi/4.9.2/thumb/crtn.o
 *(.text.*)
 .text.startup  0x000000000201705c      0x260 main.o
                0x000000000201705c                main
 .text.bsearch  0x00000000020172bc       0x64 /home/ulises/devkitPro/devkitARM/bin/../lib/gcc/arm-none-eabi/4.9.2/../../../../arm-none-eabi/lib/thumb/libg.a(lib_a-bsearch.o)
                0x00000000020172bc                bsearch
 .text.calloc   0x0000000002017320       0x18 /home/ulises/devkitPro/devkitARM/bin/../lib/gcc/arm-none-eabi/4.9.2/../../../../arm-none-eabi/lib/thumb/libg.a(lib_a-calloc.o)
                0x0000000002017320                calloc
 .text._calloc_r
                0x0000000002017338       0x64 /home/ulises/devkitPro/devkitARM/bin/../lib/gcc/arm-none-eabi/4.9.2/../../../../arm-none-eabi/lib/thumb/libg.a(lib_a-callocr.o)
                0x0000000002017338                _calloc_r
 .text.__set_ctype
                0x000000000201739c       0x10 /home/ulises/devkitPro/devkitARM/bin/../lib/gcc/arm-none-eabi/4.9.2/../../../../arm-none-eabi/lib/thumb/libg.a(lib_a-ctype_.o)
                0x000000000201739c                __set_ctype
 .text._fclose_r
                0x00000000020173ac       0xac /home/ulises/devkitPro/devkitARM/bin/../lib/gcc/arm-none-eabi/4.9.2/../../../../arm-none-eabi/lib/thumb/libg.a(lib_a-fclose.o)
                0x00000000020173ac                _fclose_r
 .text.fclose   0x0000000002017458       0x14 /home/ulises/devkitPro/devkitARM/bin/../lib/gcc/arm-none-eabi/4.9.2/../../../../arm-none-eabi/lib/thumb/libg.a(lib_a-fclose.o)
                0x0000000002017458                fclose
 .text.__sflush_r
                0x000000000201746c      0x168 /home/ulises/devkitPro/devkitARM/bin/../lib/gcc/arm-none-eabi/4.9.2/../../../../arm-none-eabi/lib/thumb/libg.a(lib_a-fflush.o)
                0x000000000201746c                __sflush_r
 .text._fflush_r
                0x00000000020175d4       0x58 /home/ulises/devkitPro/devkitARM/bin/../lib/gcc/arm-none-eabi/4.9.2/../../../../arm-none-eabi/lib/thumb/libg.a(lib_a-fflush.o)
                0x00000000020175d4                _fflush_r
 .text.fflush   0x000000000201762c       0x2c /home/ulises/devkitPro/devkitARM/bin/../lib/gcc/arm-none-eabi/4.9.2/../../../../arm-none-eabi/lib/thumb/libg.a(lib_a-fflush.o)
                0x000000000201762c                fflush
 .text._cleanup_r
                0x0000000002017658       0x14 /home/ulises/devkitPro/devkitARM/bin/../lib/gcc/arm-none-eabi/4.9.2/../../../../arm-none-eabi/lib/thumb/libg.a(lib_a-findfp.o)
                0x0000000002017658                _cleanup_r
 .text.__fp_lock
                0x000000000201766c       0x14 /home/ulises/devkitPro/devkitARM/bin/../lib/gcc/arm-none-eabi/4.9.2/../../../../arm-none-eabi/lib/thumb/libg.a(lib_a-findfp.o)
 .text.__fp_unlock
                0x0000000002017680       0x14 /home/ulises/devkitPro/devkitARM/bin/../lib/gcc/arm-none-eabi/4.9.2/../../../../arm-none-eabi/lib/thumb/libg.a(lib_a-findfp.o)
 .text.__sinit.part.1
                0x0000000002017694       0xfc /home/ulises/devkitPro/devkitARM/bin/../lib/gcc/arm-none-eabi/4.9.2/../../../../arm-none-eabi/lib/thumb/libg.a(lib_a-findfp.o)
 .text.__sfmoreglue
                0x0000000002017790       0x34 /home/ulises/devkitPro/devkitARM/bin/../lib/gcc/arm-none-eabi/4.9.2/../../../../arm-none-eabi/lib/thumb/libg.a(lib_a-findfp.o)
                0x0000000002017790                __sfmoreglue
 .text.__sfp    0x00000000020177c4       0x94 /home/ulises/devkitPro/devkitARM/bin/../lib/gcc/arm-none-eabi/4.9.2/../../../../arm-none-eabi/lib/thumb/libg.a(lib_a-findfp.o)
                0x00000000020177c4                __sfp
 .text._cleanup
                0x0000000002017858       0x1c /home/ulises/devkitPro/devkitARM/bin/../lib/gcc/arm-none-eabi/4.9.2/../../../../arm-none-eabi/lib/thumb/libg.a(lib_a-findfp.o)
                0x0000000002017858                _cleanup
 .text.__sinit  0x0000000002017874       0x14 /home/ulises/devkitPro/devkitARM/bin/../lib/gcc/arm-none-eabi/4.9.2/../../../../arm-none-eabi/lib/thumb/libg.a(lib_a-findfp.o)
                0x0000000002017874                __sinit
 .text.__sfp_lock_acquire
                0x0000000002017888        0x4 /home/ulises/devkitPro/devkitARM/bin/../lib/gcc/arm-none-eabi/4.9.2/../../../../arm-none-eabi/lib/thumb/libg.a(lib_a-findfp.o)
                0x0000000002017888                __sfp_lock_acquire
 .text.__sfp_lock_release
                0x000000000201788c        0x4 /home/ulises/devkitPro/devkitARM/bin/../lib/gcc/arm-none-eabi/4.9.2/../../../../arm-none-eabi/lib/thumb/libg.a(lib_a-findfp.o)
                0x000000000201788c                __sfp_lock_release
 .text.__sinit_lock_acquire
                0x0000000002017890        0x4 /home/ulises/devkitPro/devkitARM/bin/../lib/gcc/arm-none-eabi/4.9.2/../../../../arm-none-eabi/lib/thumb/libg.a(lib_a-findfp.o)
                0x0000000002017890                __sinit_lock_acquire
 .text.__sinit_lock_release
                0x0000000002017894        0x4 /home/ulises/devkitPro/devkitARM/bin/../lib/gcc/arm-none-eabi/4.9.2/../../../../arm-none-eabi/lib/thumb/libg.a(lib_a-findfp.o)
                0x0000000002017894                __sinit_lock_release
 .text.__fp_lock_all
                0x0000000002017898       0x18 /home/ulises/devkitPro/devkitARM/bin/../lib/gcc/arm-none-eabi/4.9.2/../../../../arm-none-eabi/lib/thumb/libg.a(lib_a-findfp.o)
                0x0000000002017898                __fp_lock_all
 .text.__fp_unlock_all
                0x00000000020178b0       0x18 /home/ulises/devkitPro/devkitARM/bin/../lib/gcc/arm-none-eabi/4.9.2/../../../../arm-none-eabi/lib/thumb/libg.a(lib_a-findfp.o)
                0x00000000020178b0                __fp_unlock_all
 .text._fopen_r
                0x00000000020178c8       0xac /home/ulises/devkitPro/devkitARM/bin/../lib/gcc/arm-none-eabi/4.9.2/../../../../arm-none-eabi/lib/thumb/libg.a(lib_a-fopen.o)
                0x00000000020178c8                _fopen_r
 .text.fopen    0x0000000002017974       0x18 /home/ulises/devkitPro/devkitARM/bin/../lib/gcc/arm-none-eabi/4.9.2/../../../../arm-none-eabi/lib/thumb/libg.a(lib_a-fopen.o)
                0x0000000002017974                fopen
 .text._fread_r
                0x000000000201798c      0x1d0 /home/ulises/devkitPro/devkitARM/bin/../lib/gcc/arm-none-eabi/4.9.2/../../../../arm-none-eabi/lib/thumb/libg.a(lib_a-fread.o)
                0x000000000201798c                _fread_r
 .text.fread    0x0000000002017b5c       0x24 /home/ulises/devkitPro/devkitARM/bin/../lib/gcc/arm-none-eabi/4.9.2/../../../../arm-none-eabi/lib/thumb/libg.a(lib_a-fread.o)
                0x0000000002017b5c                fread
 .text._malloc_trim_r
                0x0000000002017b80       0xa4 /home/ulises/devkitPro/devkitARM/bin/../lib/gcc/arm-none-eabi/4.9.2/../../../../arm-none-eabi/lib/thumb/libg.a(lib_a-freer.o)
                0x0000000002017b80                _malloc_trim_r
 .text._free_r  0x0000000002017c24      0x1b0 /home/ulises/devkitPro/devkitARM/bin/../lib/gcc/arm-none-eabi/4.9.2/../../../../arm-none-eabi/lib/thumb/libg.a(lib_a-freer.o)
                0x0000000002017c24                _free_r
 .text._fseek_r
                0x0000000002017dd4        0xc /home/ulises/devkitPro/devkitARM/bin/../lib/gcc/arm-none-eabi/4.9.2/../../../../arm-none-eabi/lib/thumb/libg.a(lib_a-fseek.o)
                0x0000000002017dd4                _fseek_r
 .text.fseek    0x0000000002017de0       0x1c /home/ulises/devkitPro/devkitARM/bin/../lib/gcc/arm-none-eabi/4.9.2/../../../../arm-none-eabi/lib/thumb/libg.a(lib_a-fseek.o)
                0x0000000002017de0                fseek
 .text._fseeko_r
                0x0000000002017dfc      0x348 /home/ulises/devkitPro/devkitARM/bin/../lib/gcc/arm-none-eabi/4.9.2/../../../../arm-none-eabi/lib/thumb/libg.a(lib_a-fseeko.o)
                0x0000000002017dfc                _fseeko_r
 .text.fseeko   0x0000000002018144       0x1c /home/ulises/devkitPro/devkitARM/bin/../lib/gcc/arm-none-eabi/4.9.2/../../../../arm-none-eabi/lib/thumb/libg.a(lib_a-fseeko.o)
                0x0000000002018144                fseeko
 .text._ftell_r
                0x0000000002018160        0xc /home/ulises/devkitPro/devkitARM/bin/../lib/gcc/arm-none-eabi/4.9.2/../../../../arm-none-eabi/lib/thumb/libg.a(lib_a-ftell.o)
                0x0000000002018160                _ftell_r
 .text.ftell    0x000000000201816c       0x14 /home/ulises/devkitPro/devkitARM/bin/../lib/gcc/arm-none-eabi/4.9.2/../../../../arm-none-eabi/lib/thumb/libg.a(lib_a-ftell.o)
                0x000000000201816c                ftell
 .text._ftello_r
                0x0000000002018180       0xcc /home/ulises/devkitPro/devkitARM/bin/../lib/gcc/arm-none-eabi/4.9.2/../../../../arm-none-eabi/lib/thumb/libg.a(lib_a-ftello.o)
                0x0000000002018180                _ftello_r
 .text.ftello   0x000000000201824c       0x14 /home/ulises/devkitPro/devkitARM/bin/../lib/gcc/arm-none-eabi/4.9.2/../../../../arm-none-eabi/lib/thumb/libg.a(lib_a-ftello.o)
                0x000000000201824c                ftello
 .text._fwalk   0x0000000002018260       0x50 /home/ulises/devkitPro/devkitARM/bin/../lib/gcc/arm-none-eabi/4.9.2/../../../../arm-none-eabi/lib/thumb/libg.a(lib_a-fwalk.o)
                0x0000000002018260                _fwalk
 .text._fwalk_reent
                0x00000000020182b0       0x58 /home/ulises/devkitPro/devkitARM/bin/../lib/gcc/arm-none-eabi/4.9.2/../../../../arm-none-eabi/lib/thumb/libg.a(lib_a-fwalk.o)
                0x00000000020182b0                _fwalk_reent
 .text.__libc_init_array
                0x0000000002018308       0x58 /home/ulises/devkitPro/devkitARM/bin/../lib/gcc/arm-none-eabi/4.9.2/../../../../arm-none-eabi/lib/thumb/libg.a(lib_a-init.o)
                0x0000000002018308                __libc_init_array
 .text.iprintf  0x0000000002018360       0x24 /home/ulises/devkitPro/devkitARM/bin/../lib/gcc/arm-none-eabi/4.9.2/../../../../arm-none-eabi/lib/thumb/libg.a(lib_a-iprintf.o)
                0x0000000002018360                iprintf
 .text._iprintf_r
                0x0000000002018384       0x1c /home/ulises/devkitPro/devkitARM/bin/../lib/gcc/arm-none-eabi/4.9.2/../../../../arm-none-eabi/lib/thumb/libg.a(lib_a-iprintf.o)
                0x0000000002018384                _iprintf_r
 .text.localtime_r
                0x00000000020183a0      0x210 /home/ulises/devkitPro/devkitARM/bin/../lib/gcc/arm-none-eabi/4.9.2/../../../../arm-none-eabi/lib/thumb/libg.a(lib_a-lcltime_r.o)
                0x00000000020183a0                localtime_r
 .text.__get_locale_env
                0x00000000020185b0       0x58 /home/ulises/devkitPro/devkitARM/bin/../lib/gcc/arm-none-eabi/4.9.2/../../../../arm-none-eabi/lib/thumb/libg.a(lib_a-locale.o)
 .text.loadlocale
                0x0000000002018608      0x620 /home/ulises/devkitPro/devkitARM/bin/../lib/gcc/arm-none-eabi/4.9.2/../../../../arm-none-eabi/lib/thumb/libg.a(lib_a-locale.o)
 .text.currentlocale
                0x0000000002018c28       0x64 /home/ulises/devkitPro/devkitARM/bin/../lib/gcc/arm-none-eabi/4.9.2/../../../../arm-none-eabi/lib/thumb/libg.a(lib_a-locale.o)
 .text._setlocale_r
                0x0000000002018c8c      0x210 /home/ulises/devkitPro/devkitARM/bin/../lib/gcc/arm-none-eabi/4.9.2/../../../../arm-none-eabi/lib/thumb/libg.a(lib_a-locale.o)
                0x0000000002018c8c                _setlocale_r
 .text.__locale_charset
                0x0000000002018e9c        0x8 /home/ulises/devkitPro/devkitARM/bin/../lib/gcc/arm-none-eabi/4.9.2/../../../../arm-none-eabi/lib/thumb/libg.a(lib_a-locale.o)
                0x0000000002018e9c                __locale_charset
 .text.__locale_mb_cur_max
                0x0000000002018ea4        0xc /home/ulises/devkitPro/devkitARM/bin/../lib/gcc/arm-none-eabi/4.9.2/../../../../arm-none-eabi/lib/thumb/libg.a(lib_a-locale.o)
                0x0000000002018ea4                __locale_mb_cur_max
 .text.__locale_msgcharset
                0x0000000002018eb0        0x8 /home/ulises/devkitPro/devkitARM/bin/../lib/gcc/arm-none-eabi/4.9.2/../../../../arm-none-eabi/lib/thumb/libg.a(lib_a-locale.o)
                0x0000000002018eb0                __locale_msgcharset
 .text.__locale_cjk_lang
                0x0000000002018eb8        0xc /home/ulises/devkitPro/devkitARM/bin/../lib/gcc/arm-none-eabi/4.9.2/../../../../arm-none-eabi/lib/thumb/libg.a(lib_a-locale.o)
                0x0000000002018eb8                __locale_cjk_lang
 .text._localeconv_r
                0x0000000002018ec4        0x8 /home/ulises/devkitPro/devkitARM/bin/../lib/gcc/arm-none-eabi/4.9.2/../../../../arm-none-eabi/lib/thumb/libg.a(lib_a-locale.o)
                0x0000000002018ec4                _localeconv_r
 .text.setlocale
                0x0000000002018ecc       0x18 /home/ulises/devkitPro/devkitARM/bin/../lib/gcc/arm-none-eabi/4.9.2/../../../../arm-none-eabi/lib/thumb/libg.a(lib_a-locale.o)
                0x0000000002018ecc                setlocale
 .text.localeconv
                0x0000000002018ee4       0x14 /home/ulises/devkitPro/devkitARM/bin/../lib/gcc/arm-none-eabi/4.9.2/../../../../arm-none-eabi/lib/thumb/libg.a(lib_a-locale.o)
                0x0000000002018ee4                localeconv
 .text.__smakebuf_r
                0x0000000002018ef8      0x100 /home/ulises/devkitPro/devkitARM/bin/../lib/gcc/arm-none-eabi/4.9.2/../../../../arm-none-eabi/lib/thumb/libg.a(lib_a-makebuf.o)
                0x0000000002018ef8                __smakebuf_r
 .text.malloc   0x0000000002018ff8       0x14 /home/ulises/devkitPro/devkitARM/bin/../lib/gcc/arm-none-eabi/4.9.2/../../../../arm-none-eabi/lib/thumb/libg.a(lib_a-malloc.o)
                0x0000000002018ff8                malloc
 .text.free     0x000000000201900c       0x14 /home/ulises/devkitPro/devkitARM/bin/../lib/gcc/arm-none-eabi/4.9.2/../../../../arm-none-eabi/lib/thumb/libg.a(lib_a-malloc.o)
                0x000000000201900c                free
 .text._malloc_r
                0x0000000002019020      0x54c /home/ulises/devkitPro/devkitARM/bin/../lib/gcc/arm-none-eabi/4.9.2/../../../../arm-none-eabi/lib/thumb/libg.a(lib_a-mallocr.o)
                0x0000000002019020                _malloc_r
 .text._mbrtowc_r
                0x000000000201956c       0x7c /home/ulises/devkitPro/devkitARM/bin/../lib/gcc/arm-none-eabi/4.9.2/../../../../arm-none-eabi/lib/thumb/libg.a(lib_a-mbrtowc.o)
                0x000000000201956c                _mbrtowc_r
 .text.mbrtowc  0x00000000020195e8       0x80 /home/ulises/devkitPro/devkitARM/bin/../lib/gcc/arm-none-eabi/4.9.2/../../../../arm-none-eabi/lib/thumb/libg.a(lib_a-mbrtowc.o)
                0x00000000020195e8                mbrtowc
 .text._mbsrtowcs_r
                0x0000000002019668       0x18 /home/ulises/devkitPro/devkitARM/bin/../lib/gcc/arm-none-eabi/4.9.2/../../../../arm-none-eabi/lib/thumb/libg.a(lib_a-mbsrtowcs.o)
                0x0000000002019668                _mbsrtowcs_r
 .text.mbsrtowcs
                0x0000000002019680       0x28 /home/ulises/devkitPro/devkitARM/bin/../lib/gcc/arm-none-eabi/4.9.2/../../../../arm-none-eabi/lib/thumb/libg.a(lib_a-mbsrtowcs.o)
                0x0000000002019680                mbsrtowcs
 .text.__utf8_mbtowc
                0x00000000020196a8      0x2bc /home/ulises/devkitPro/devkitARM/bin/../lib/gcc/arm-none-eabi/4.9.2/../../../../arm-none-eabi/lib/thumb/libg.a(lib_a-mbtowc_r.o)
                0x00000000020196a8                __utf8_mbtowc
 .text._mbtowc_r
                0x0000000002019964       0x40 /home/ulises/devkitPro/devkitARM/bin/../lib/gcc/arm-none-eabi/4.9.2/../../../../arm-none-eabi/lib/thumb/libg.a(lib_a-mbtowc_r.o)
                0x0000000002019964                _mbtowc_r
 .text.__ascii_mbtowc
                0x00000000020199a4       0x2c /home/ulises/devkitPro/devkitARM/bin/../lib/gcc/arm-none-eabi/4.9.2/../../../../arm-none-eabi/lib/thumb/libg.a(lib_a-mbtowc_r.o)
                0x00000000020199a4                __ascii_mbtowc
 .text.__sjis_mbtowc
                0x00000000020199d0       0xb4 /home/ulises/devkitPro/devkitARM/bin/../lib/gcc/arm-none-eabi/4.9.2/../../../../arm-none-eabi/lib/thumb/libg.a(lib_a-mbtowc_r.o)
                0x00000000020199d0                __sjis_mbtowc
 .text.__eucjp_mbtowc
                0x0000000002019a84       0xd0 /home/ulises/devkitPro/devkitARM/bin/../lib/gcc/arm-none-eabi/4.9.2/../../../../arm-none-eabi/lib/thumb/libg.a(lib_a-mbtowc_r.o)
                0x0000000002019a84                __eucjp_mbtowc
 .text.__jis_mbtowc
                0x0000000002019b54      0x148 /home/ulises/devkitPro/devkitARM/bin/../lib/gcc/arm-none-eabi/4.9.2/../../../../arm-none-eabi/lib/thumb/libg.a(lib_a-mbtowc_r.o)
                0x0000000002019b54                __jis_mbtowc
 .text.memcmp   0x0000000002019c9c       0x54 /home/ulises/devkitPro/devkitARM/bin/../lib/gcc/arm-none-eabi/4.9.2/../../../../arm-none-eabi/lib/thumb/libg.a(lib_a-memcmp.o)
                0x0000000002019c9c                memcmp
 .text.memcpy   0x0000000002019cf0       0x84 /home/ulises/devkitPro/devkitARM/bin/../lib/gcc/arm-none-eabi/4.9.2/../../../../arm-none-eabi/lib/thumb/libg.a(lib_a-memcpy.o)
                0x0000000002019cf0                memcpy
 .text.memmove  0x0000000002019d74       0x9c /home/ulises/devkitPro/devkitARM/bin/../lib/gcc/arm-none-eabi/4.9.2/../../../../arm-none-eabi/lib/thumb/libg.a(lib_a-memmove.o)
                0x0000000002019d74                memmove
 .text.memset   0x0000000002019e10       0x98 /home/ulises/devkitPro/devkitARM/bin/../lib/gcc/arm-none-eabi/4.9.2/../../../../arm-none-eabi/lib/thumb/libg.a(lib_a-memset.o)
                0x0000000002019e10                memset
 .text.validate_structure
                0x0000000002019ea8      0x204 /home/ulises/devkitPro/devkitARM/bin/../lib/gcc/arm-none-eabi/4.9.2/../../../../arm-none-eabi/lib/thumb/libg.a(lib_a-mktime.o)
 .text.mktime   0x000000000201a0ac      0x374 /home/ulises/devkitPro/devkitARM/bin/../lib/gcc/arm-none-eabi/4.9.2/../../../../arm-none-eabi/lib/thumb/libg.a(lib_a-mktime.o)
                0x000000000201a0ac                mktime
 .text.__malloc_lock
                0x000000000201a420        0x4 /home/ulises/devkitPro/devkitARM/bin/../lib/gcc/arm-none-eabi/4.9.2/../../../../arm-none-eabi/lib/thumb/libg.a(lib_a-mlock.o)
                0x000000000201a420                __malloc_lock
 .text.__malloc_unlock
                0x000000000201a424        0x4 /home/ulises/devkitPro/devkitARM/bin/../lib/gcc/arm-none-eabi/4.9.2/../../../../arm-none-eabi/lib/thumb/libg.a(lib_a-mlock.o)
                0x000000000201a424                __malloc_unlock
 .text.realloc  0x000000000201a428       0x18 /home/ulises/devkitPro/devkitARM/bin/../lib/gcc/arm-none-eabi/4.9.2/../../../../arm-none-eabi/lib/thumb/libg.a(lib_a-realloc.o)
                0x000000000201a428                realloc
 .text._realloc_r
                0x000000000201a440      0x3dc /home/ulises/devkitPro/devkitARM/bin/../lib/gcc/arm-none-eabi/4.9.2/../../../../arm-none-eabi/lib/thumb/libg.a(lib_a-reallocr.o)
                0x000000000201a440                _realloc_r
 .text.lflush   0x000000000201a81c       0x20 /home/ulises/devkitPro/devkitARM/bin/../lib/gcc/arm-none-eabi/4.9.2/../../../../arm-none-eabi/lib/thumb/libg.a(lib_a-refill.o)
 .text.__srefill_r
                0x000000000201a83c      0x12c /home/ulises/devkitPro/devkitARM/bin/../lib/gcc/arm-none-eabi/4.9.2/../../../../arm-none-eabi/lib/thumb/libg.a(lib_a-refill.o)
                0x000000000201a83c                __srefill_r
 .text._rewind_r
                0x000000000201a968       0x1c /home/ulises/devkitPro/devkitARM/bin/../lib/gcc/arm-none-eabi/4.9.2/../../../../arm-none-eabi/lib/thumb/libg.a(lib_a-rewind.o)
                0x000000000201a968                _rewind_r
 .text.rewind   0x000000000201a984       0x20 /home/ulises/devkitPro/devkitARM/bin/../lib/gcc/arm-none-eabi/4.9.2/../../../../arm-none-eabi/lib/thumb/libg.a(lib_a-rewind.o)
                0x000000000201a984                rewind
 .text.setvbuf  0x000000000201a9a4      0x154 /home/ulises/devkitPro/devkitARM/bin/../lib/gcc/arm-none-eabi/4.9.2/../../../../arm-none-eabi/lib/thumb/libg.a(lib_a-setvbuf.o)
                0x000000000201a9a4                setvbuf
 .text.siscanf  0x000000000201aaf8       0x4c /home/ulises/devkitPro/devkitARM/bin/../lib/gcc/arm-none-eabi/4.9.2/../../../../arm-none-eabi/lib/thumb/libg.a(lib_a-siscanf.o)
                0x000000000201aaf8                siscanf
 .text._siscanf_r
                0x000000000201ab44       0x50 /home/ulises/devkitPro/devkitARM/bin/../lib/gcc/arm-none-eabi/4.9.2/../../../../arm-none-eabi/lib/thumb/libg.a(lib_a-siscanf.o)
                0x000000000201ab44                _siscanf_r
 .text._sprintf_r
                0x000000000201ab94       0x40 /home/ulises/devkitPro/devkitARM/bin/../lib/gcc/arm-none-eabi/4.9.2/../../../../arm-none-eabi/lib/thumb/libg.a(lib_a-sprintf.o)
                0x000000000201ab94                _sprintf_r
 .text.sprintf  0x000000000201abd4       0x48 /home/ulises/devkitPro/devkitARM/bin/../lib/gcc/arm-none-eabi/4.9.2/../../../../arm-none-eabi/lib/thumb/libg.a(lib_a-sprintf.o)
                0x000000000201abd4                sprintf
 .text.__sread  0x000000000201ac1c       0x2c /home/ulises/devkitPro/devkitARM/bin/../lib/gcc/arm-none-eabi/4.9.2/../../../../arm-none-eabi/lib/thumb/libg.a(lib_a-stdio.o)
                0x000000000201ac1c                __sread
 .text.__seofread
                0x000000000201ac48        0x4 /home/ulises/devkitPro/devkitARM/bin/../lib/gcc/arm-none-eabi/4.9.2/../../../../arm-none-eabi/lib/thumb/libg.a(lib_a-stdio.o)
                0x000000000201ac48                __seofread
 .text.__swrite
                0x000000000201ac4c       0x44 /home/ulises/devkitPro/devkitARM/bin/../lib/gcc/arm-none-eabi/4.9.2/../../../../arm-none-eabi/lib/thumb/libg.a(lib_a-stdio.o)
                0x000000000201ac4c                __swrite
 .text.__sseek  0x000000000201ac90       0x30 /home/ulises/devkitPro/devkitARM/bin/../lib/gcc/arm-none-eabi/4.9.2/../../../../arm-none-eabi/lib/thumb/libg.a(lib_a-stdio.o)
                0x000000000201ac90                __sseek
 .text.__sclose
                0x000000000201acc0       0x10 /home/ulises/devkitPro/devkitARM/bin/../lib/gcc/arm-none-eabi/4.9.2/../../../../arm-none-eabi/lib/thumb/libg.a(lib_a-stdio.o)
                0x000000000201acc0                __sclose
 .text.stpcpy   0x000000000201acd0       0x4c /home/ulises/devkitPro/devkitARM/bin/../lib/gcc/arm-none-eabi/4.9.2/../../../../arm-none-eabi/lib/thumb/libg.a(lib_a-stpcpy.o)
                0x000000000201acd0                stpcpy
 .text.strcasecmp
                0x000000000201ad1c       0x58 /home/ulises/devkitPro/devkitARM/bin/../lib/gcc/arm-none-eabi/4.9.2/../../../../arm-none-eabi/lib/thumb/libg.a(lib_a-strcasecmp.o)
                0x000000000201ad1c                strcasecmp
 .text.strcat   0x000000000201ad74       0x54 /home/ulises/devkitPro/devkitARM/bin/../lib/gcc/arm-none-eabi/4.9.2/../../../../arm-none-eabi/lib/thumb/libg.a(lib_a-strcat.o)
                0x000000000201ad74                strcat
 .text.strchr   0x000000000201adc8       0xdc /home/ulises/devkitPro/devkitARM/bin/../lib/gcc/arm-none-eabi/4.9.2/../../../../arm-none-eabi/lib/thumb/libg.a(lib_a-strchr.o)
                0x000000000201adc8                strchr
 .text.strcpy   0x000000000201aea4       0x10 /home/ulises/devkitPro/devkitARM/bin/../lib/gcc/arm-none-eabi/4.9.2/../../../../arm-none-eabi/lib/thumb/libg.a(lib_a-strcpy.o)
                0x000000000201aea4                strcpy
 .text.strdup   0x000000000201aeb4       0x14 /home/ulises/devkitPro/devkitARM/bin/../lib/gcc/arm-none-eabi/4.9.2/../../../../arm-none-eabi/lib/thumb/libg.a(lib_a-strdup.o)
                0x000000000201aeb4                strdup
 .text._strdup_r
                0x000000000201aec8       0x2c /home/ulises/devkitPro/devkitARM/bin/../lib/gcc/arm-none-eabi/4.9.2/../../../../arm-none-eabi/lib/thumb/libg.a(lib_a-strdup_r.o)
                0x000000000201aec8                _strdup_r
 .text.strlcpy  0x000000000201aef4       0x4c /home/ulises/devkitPro/devkitARM/bin/../lib/gcc/arm-none-eabi/4.9.2/../../../../arm-none-eabi/lib/thumb/libg.a(lib_a-strlcpy.o)
                0x000000000201aef4                strlcpy
 .text.strlen   0x000000000201af40       0x6c /home/ulises/devkitPro/devkitARM/bin/../lib/gcc/arm-none-eabi/4.9.2/../../../../arm-none-eabi/lib/thumb/libg.a(lib_a-strlen.o)
                0x000000000201af40                strlen
 .text.strncasecmp
                0x000000000201afac       0x5c /home/ulises/devkitPro/devkitARM/bin/../lib/gcc/arm-none-eabi/4.9.2/../../../../arm-none-eabi/lib/thumb/libg.a(lib_a-strncasecmp.o)
                0x000000000201afac                strncasecmp
 .text.strncmp  0x000000000201b008       0x98 /home/ulises/devkitPro/devkitARM/bin/../lib/gcc/arm-none-eabi/4.9.2/../../../../arm-none-eabi/lib/thumb/libg.a(lib_a-strncmp.o)
                0x000000000201b008                strncmp
 .text.strncpy  0x000000000201b0a0       0x7c /home/ulises/devkitPro/devkitARM/bin/../lib/gcc/arm-none-eabi/4.9.2/../../../../arm-none-eabi/lib/thumb/libg.a(lib_a-strncpy.o)
                0x000000000201b0a0                strncpy
 .text.strnlen  0x000000000201b11c       0x34 /home/ulises/devkitPro/devkitARM/bin/../lib/gcc/arm-none-eabi/4.9.2/../../../../arm-none-eabi/lib/thumb/libg.a(lib_a-strnlen.o)
                0x000000000201b11c                strnlen
 .text.strpbrk  0x000000000201b150       0x50 /home/ulises/devkitPro/devkitARM/bin/../lib/gcc/arm-none-eabi/4.9.2/../../../../arm-none-eabi/lib/thumb/libg.a(lib_a-strpbrk.o)
                0x000000000201b150                strpbrk
 .text.strrchr  0x000000000201b1a0       0x2c /home/ulises/devkitPro/devkitARM/bin/../lib/gcc/arm-none-eabi/4.9.2/../../../../arm-none-eabi/lib/thumb/libg.a(lib_a-strrchr.o)
                0x000000000201b1a0                strrchr
 .text._strtol_r
                0x000000000201b1cc      0x15c /home/ulises/devkitPro/devkitARM/bin/../lib/gcc/arm-none-eabi/4.9.2/../../../../arm-none-eabi/lib/thumb/libg.a(lib_a-strtol.o)
                0x000000000201b1cc                _strtol_r
 .text.strtol   0x000000000201b328       0x1c /home/ulises/devkitPro/devkitARM/bin/../lib/gcc/arm-none-eabi/4.9.2/../../../../arm-none-eabi/lib/thumb/libg.a(lib_a-strtol.o)
                0x000000000201b328                strtol
 .text._sungetc_r
                0x000000000201b344       0x88 /home/ulises/devkitPro/devkitARM/bin/../lib/gcc/arm-none-eabi/4.9.2/../../../../arm-none-eabi/lib/thumb/libg.a(lib_a-svfiscanf.o)
                0x000000000201b344                _sungetc_r
 .text.__ssrefill_r
                0x000000000201b3cc       0x44 /home/ulises/devkitPro/devkitARM/bin/../lib/gcc/arm-none-eabi/4.9.2/../../../../arm-none-eabi/lib/thumb/libg.a(lib_a-svfiscanf.o)
                0x000000000201b3cc                __ssrefill_r
 .text._sfread_r
                0x000000000201b410       0x8c /home/ulises/devkitPro/devkitARM/bin/../lib/gcc/arm-none-eabi/4.9.2/../../../../arm-none-eabi/lib/thumb/libg.a(lib_a-svfiscanf.o)
                0x000000000201b410                _sfread_r
 .text.__ssvfiscanf_r
                0x000000000201b49c     0x14b0 /home/ulises/devkitPro/devkitARM/bin/../lib/gcc/arm-none-eabi/4.9.2/../../../../arm-none-eabi/lib/thumb/libg.a(lib_a-svfiscanf.o)
                0x000000000201b49c                __ssvfiscanf_r
 .text.get_arg  0x000000000201c94c      0x4a8 /home/ulises/devkitPro/devkitARM/bin/../lib/gcc/arm-none-eabi/4.9.2/../../../../arm-none-eabi/lib/thumb/libg.a(lib_a-svfprintf.o)
 *fill*         0x000000000201cdf4        0x4 ff
 .text._svfprintf_r
                0x000000000201cdf8     0x2e50 /home/ulises/devkitPro/devkitARM/bin/../lib/gcc/arm-none-eabi/4.9.2/../../../../arm-none-eabi/lib/thumb/libg.a(lib_a-svfprintf.o)
                0x000000000201cdf8                _svfprintf_r
 .text.close    0x000000000201fc48       0x14 /home/ulises/devkitPro/devkitARM/bin/../lib/gcc/arm-none-eabi/4.9.2/../../../../arm-none-eabi/lib/thumb/libg.a(lib_a-sysclose.o)
                0x000000000201fc48                close
 .text.lseek    0x000000000201fc5c       0x1c /home/ulises/devkitPro/devkitARM/bin/../lib/gcc/arm-none-eabi/4.9.2/../../../../arm-none-eabi/lib/thumb/libg.a(lib_a-syslseek.o)
                0x000000000201fc5c                lseek
 .text.open     0x000000000201fc78       0x28 /home/ulises/devkitPro/devkitARM/bin/../lib/gcc/arm-none-eabi/4.9.2/../../../../arm-none-eabi/lib/thumb/libg.a(lib_a-sysopen.o)
                0x000000000201fc78                open
 .text.read     0x000000000201fca0       0x1c /home/ulises/devkitPro/devkitARM/bin/../lib/gcc/arm-none-eabi/4.9.2/../../../../arm-none-eabi/lib/thumb/libg.a(lib_a-sysread.o)
                0x000000000201fca0                read
 .text.time     0x000000000201fcbc       0x2c /home/ulises/devkitPro/devkitARM/bin/../lib/gcc/arm-none-eabi/4.9.2/../../../../arm-none-eabi/lib/thumb/libg.a(lib_a-time.o)
                0x000000000201fcbc                time
 .text.towlower
                0x000000000201fce8      0x7e0 /home/ulises/devkitPro/devkitARM/bin/../lib/gcc/arm-none-eabi/4.9.2/../../../../arm-none-eabi/lib/thumb/libg.a(lib_a-towlower.o)
                0x000000000201fce8                towlower
 .text.towupper
                0x00000000020204c8      0x9a8 /home/ulises/devkitPro/devkitARM/bin/../lib/gcc/arm-none-eabi/4.9.2/../../../../arm-none-eabi/lib/thumb/libg.a(lib_a-towupper.o)
                0x00000000020204c8                towupper
 .text.__tzcalc_limits
                0x0000000002020e70      0x1a4 /home/ulises/devkitPro/devkitARM/bin/../lib/gcc/arm-none-eabi/4.9.2/../../../../arm-none-eabi/lib/thumb/libg.a(lib_a-tzcalc_limits.o)
                0x0000000002020e70                __tzcalc_limits
 .text.__tz_lock
                0x0000000002021014        0x4 /home/ulises/devkitPro/devkitARM/bin/../lib/gcc/arm-none-eabi/4.9.2/../../../../arm-none-eabi/lib/thumb/libg.a(lib_a-tzlock.o)
                0x0000000002021014                __tz_lock
 .text.__tz_unlock
                0x0000000002021018        0x4 /home/ulises/devkitPro/devkitARM/bin/../lib/gcc/arm-none-eabi/4.9.2/../../../../arm-none-eabi/lib/thumb/libg.a(lib_a-tzlock.o)
                0x0000000002021018                __tz_unlock
 .text.__submore
                0x000000000202101c       0x88 /home/ulises/devkitPro/devkitARM/bin/../lib/gcc/arm-none-eabi/4.9.2/../../../../arm-none-eabi/lib/thumb/libg.a(lib_a-ungetc.o)
                0x000000000202101c                __submore
 .text._ungetc_r
                0x00000000020210a4      0x138 /home/ulises/devkitPro/devkitARM/bin/../lib/gcc/arm-none-eabi/4.9.2/../../../../arm-none-eabi/lib/thumb/libg.a(lib_a-ungetc.o)
                0x00000000020210a4                _ungetc_r
 .text.ungetc   0x00000000020211dc       0x18 /home/ulises/devkitPro/devkitARM/bin/../lib/gcc/arm-none-eabi/4.9.2/../../../../arm-none-eabi/lib/thumb/libg.a(lib_a-ungetc.o)
                0x00000000020211dc                ungetc
 .text.get_arg  0x00000000020211f4      0x4a8 /home/ulises/devkitPro/devkitARM/bin/../lib/gcc/arm-none-eabi/4.9.2/../../../../arm-none-eabi/lib/thumb/libg.a(lib_a-vfiprintf.o)
 .text.__sprint_r.part.0
                0x000000000202169c       0x80 /home/ulises/devkitPro/devkitARM/bin/../lib/gcc/arm-none-eabi/4.9.2/../../../../arm-none-eabi/lib/thumb/libg.a(lib_a-vfiprintf.o)
 .text.__sprint_r
                0x000000000202171c       0x18 /home/ulises/devkitPro/devkitARM/bin/../lib/gcc/arm-none-eabi/4.9.2/../../../../arm-none-eabi/lib/thumb/libg.a(lib_a-vfiprintf.o)
                0x000000000202171c                __sprint_r
 .text._vfiprintf_r
                0x0000000002021734     0x1f58 /home/ulises/devkitPro/devkitARM/bin/../lib/gcc/arm-none-eabi/4.9.2/../../../../arm-none-eabi/lib/thumb/libg.a(lib_a-vfiprintf.o)
                0x0000000002021734                _vfiprintf_r
 .text.vfiprintf
                0x000000000202368c       0x1c /home/ulises/devkitPro/devkitARM/bin/../lib/gcc/arm-none-eabi/4.9.2/../../../../arm-none-eabi/lib/thumb/libg.a(lib_a-vfiprintf.o)
                0x000000000202368c                vfiprintf
 .text.__sbprintf
                0x00000000020236a8       0x78 /home/ulises/devkitPro/devkitARM/bin/../lib/gcc/arm-none-eabi/4.9.2/../../../../arm-none-eabi/lib/thumb/libg.a(lib_a-vfiprintf.o)
 .text._wcrtomb_r
                0x0000000002023720       0x6c /home/ulises/devkitPro/devkitARM/bin/../lib/gcc/arm-none-eabi/4.9.2/../../../../arm-none-eabi/lib/thumb/libg.a(lib_a-wcrtomb.o)
                0x0000000002023720                _wcrtomb_r
 .text.wcrtomb  0x000000000202378c       0x74 /home/ulises/devkitPro/devkitARM/bin/../lib/gcc/arm-none-eabi/4.9.2/../../../../arm-none-eabi/lib/thumb/libg.a(lib_a-wcrtomb.o)
                0x000000000202378c                wcrtomb
 .text._wcsrtombs_r
                0x0000000002023800       0x18 /home/ulises/devkitPro/devkitARM/bin/../lib/gcc/arm-none-eabi/4.9.2/../../../../arm-none-eabi/lib/thumb/libg.a(lib_a-wcsrtombs.o)
                0x0000000002023800                _wcsrtombs_r
 .text.wcsrtombs
                0x0000000002023818       0x28 /home/ulises/devkitPro/devkitARM/bin/../lib/gcc/arm-none-eabi/4.9.2/../../../../arm-none-eabi/lib/thumb/libg.a(lib_a-wcsrtombs.o)
                0x0000000002023818                wcsrtombs
 .text.wctob    0x0000000002023840       0x50 /home/ulises/devkitPro/devkitARM/bin/../lib/gcc/arm-none-eabi/4.9.2/../../../../arm-none-eabi/lib/thumb/libg.a(lib_a-wctob.o)
                0x0000000002023840                wctob
 .text.__utf8_wctomb
                0x0000000002023890       0xc0 /home/ulises/devkitPro/devkitARM/bin/../lib/gcc/arm-none-eabi/4.9.2/../../../../arm-none-eabi/lib/thumb/libg.a(lib_a-wctomb_r.o)
                0x0000000002023890                __utf8_wctomb
 .text._wctomb_r
                0x0000000002023950       0x3c /home/ulises/devkitPro/devkitARM/bin/../lib/gcc/arm-none-eabi/4.9.2/../../../../arm-none-eabi/lib/thumb/libg.a(lib_a-wctomb_r.o)
                0x0000000002023950                _wctomb_r
 .text.__ascii_wctomb
                0x000000000202398c       0x1c /home/ulises/devkitPro/devkitARM/bin/../lib/gcc/arm-none-eabi/4.9.2/../../../../arm-none-eabi/lib/thumb/libg.a(lib_a-wctomb_r.o)
                0x000000000202398c                __ascii_wctomb
 .text.__sjis_wctomb
                0x00000000020239a8       0x80 /home/ulises/devkitPro/devkitARM/bin/../lib/gcc/arm-none-eabi/4.9.2/../../../../arm-none-eabi/lib/thumb/libg.a(lib_a-wctomb_r.o)
                0x00000000020239a8                __sjis_wctomb
 .text.__eucjp_wctomb
                0x0000000002023a28       0x88 /home/ulises/devkitPro/devkitARM/bin/../lib/gcc/arm-none-eabi/4.9.2/../../../../arm-none-eabi/lib/thumb/libg.a(lib_a-wctomb_r.o)
                0x0000000002023a28                __eucjp_wctomb
 .text.__jis_wctomb
                0x0000000002023ab0       0x80 /home/ulises/devkitPro/devkitARM/bin/../lib/gcc/arm-none-eabi/4.9.2/../../../../arm-none-eabi/lib/thumb/libg.a(lib_a-wctomb_r.o)
                0x0000000002023ab0                __jis_wctomb
 .text.__swsetup_r
                0x0000000002023b30       0xd0 /home/ulises/devkitPro/devkitARM/bin/../lib/gcc/arm-none-eabi/4.9.2/../../../../arm-none-eabi/lib/thumb/libg.a(lib_a-wsetup.o)
                0x0000000002023b30                __swsetup_r
 .text.div      0x0000000002023c00       0x40 /home/ulises/devkitPro/devkitARM/bin/../lib/gcc/arm-none-eabi/4.9.2/../../../../arm-none-eabi/lib/thumb/libg.a(lib_a-div.o)
                0x0000000002023c00                div
 .text.quorem   0x0000000002023c40      0x160 /home/ulises/devkitPro/devkitARM/bin/../lib/gcc/arm-none-eabi/4.9.2/../../../../arm-none-eabi/lib/thumb/libg.a(lib_a-dtoa.o)
 .text._dtoa_r  0x0000000002023da0     0x1098 /home/ulises/devkitPro/devkitARM/bin/../lib/gcc/arm-none-eabi/4.9.2/../../../../arm-none-eabi/lib/thumb/libg.a(lib_a-dtoa.o)
                0x0000000002023da0                _dtoa_r
 .text.__sflags
                0x0000000002024e38       0x9c /home/ulises/devkitPro/devkitARM/bin/../lib/gcc/arm-none-eabi/4.9.2/../../../../arm-none-eabi/lib/thumb/libg.a(lib_a-flags.o)
                0x0000000002024e38                __sflags
 .text.__fputwc
                0x0000000002024ed4       0xc0 /home/ulises/devkitPro/devkitARM/bin/../lib/gcc/arm-none-eabi/4.9.2/../../../../arm-none-eabi/lib/thumb/libg.a(lib_a-fputwc.o)
                0x0000000002024ed4                __fputwc
 .text._fputwc_r
                0x0000000002024f94       0x5c /home/ulises/devkitPro/devkitARM/bin/../lib/gcc/arm-none-eabi/4.9.2/../../../../arm-none-eabi/lib/thumb/libg.a(lib_a-fputwc.o)
                0x0000000002024f94                _fputwc_r
 .text.fputwc   0x0000000002024ff0       0x28 /home/ulises/devkitPro/devkitARM/bin/../lib/gcc/arm-none-eabi/4.9.2/../../../../arm-none-eabi/lib/thumb/libg.a(lib_a-fputwc.o)
                0x0000000002024ff0                fputwc
 .text.__sfvwrite_r
                0x0000000002025018      0x340 /home/ulises/devkitPro/devkitARM/bin/../lib/gcc/arm-none-eabi/4.9.2/../../../../arm-none-eabi/lib/thumb/libg.a(lib_a-fvwrite.o)
                0x0000000002025018                __sfvwrite_r
 .text._findenv_r
                0x0000000002025358       0x98 /home/ulises/devkitPro/devkitARM/bin/../lib/gcc/arm-none-eabi/4.9.2/../../../../arm-none-eabi/lib/thumb/libg.a(lib_a-getenv_r.o)
                0x0000000002025358                _findenv_r
 .text._getenv_r
                0x00000000020253f0       0x10 /home/ulises/devkitPro/devkitARM/bin/../lib/gcc/arm-none-eabi/4.9.2/../../../../arm-none-eabi/lib/thumb/libg.a(lib_a-getenv_r.o)
                0x00000000020253f0                _getenv_r
 .text.__gettzinfo
                0x0000000002025400        0x8 /home/ulises/devkitPro/devkitARM/bin/../lib/gcc/arm-none-eabi/4.9.2/../../../../arm-none-eabi/lib/thumb/libg.a(lib_a-gettzinfo.o)
                0x0000000002025400                __gettzinfo
 .text.gmtime_r
                0x0000000002025408      0x188 /home/ulises/devkitPro/devkitARM/bin/../lib/gcc/arm-none-eabi/4.9.2/../../../../arm-none-eabi/lib/thumb/libg.a(lib_a-gmtime_r.o)
                0x0000000002025408                gmtime_r
 .text.iswspace
                0x0000000002025590       0x78 /home/ulises/devkitPro/devkitARM/bin/../lib/gcc/arm-none-eabi/4.9.2/../../../../arm-none-eabi/lib/thumb/libg.a(lib_a-iswspace.o)
                0x0000000002025590                iswspace
 .text.__jp2uc  0x0000000002025608      0x184 /home/ulises/devkitPro/devkitARM/bin/../lib/gcc/arm-none-eabi/4.9.2/../../../../arm-none-eabi/lib/thumb/libg.a(lib_a-jp2uc.o)
 .text._jp2uc   0x000000000202578c       0x64 /home/ulises/devkitPro/devkitARM/bin/../lib/gcc/arm-none-eabi/4.9.2/../../../../arm-none-eabi/lib/thumb/libg.a(lib_a-jp2uc.o)
                0x000000000202578c                _jp2uc
 .text._mbsnrtowcs_r
                0x00000000020257f0       0xc0 /home/ulises/devkitPro/devkitARM/bin/../lib/gcc/arm-none-eabi/4.9.2/../../../../arm-none-eabi/lib/thumb/libg.a(lib_a-mbsnrtowcs.o)
                0x00000000020257f0                _mbsnrtowcs_r
 .text.mbsnrtowcs